 srcaciccli

 Timestamp is 4c000b24 (Fri May 28 15:27:48 2010)

 Preferred load address is 00400000

 Start         Length     Name                   Class
 0001:00000000 0008f822H .textbss                DATA
 0002:00000000 0012083fH .text                   CODE
 0002:00120840 000069b0H .text$x                 CODE
 0002:001271f0 00001822H .text$yc                CODE
 0002:00128a20 0000118dH .text$yd                CODE
 0003:00000000 00000104H .CRT$XCA                DATA
 0003:00000104 0000010eH .CRT$XCC                DATA
 0003:00000214 0000020cH .CRT$XCU                DATA
 0003:00000420 00000104H .CRT$XCZ                DATA
 0003:00000524 00000104H .CRT$XIA                DATA
 0003:00000628 00000118H .CRT$XIC                DATA
 0003:00000740 00000104H .CRT$XID                DATA
 0003:00000844 00000104H .CRT$XIY                DATA
 0003:00000948 00000104H .CRT$XIZ                DATA
 0003:00000a4c 00000104H .CRT$XPA                DATA
 0003:00000b50 00000109H .CRT$XPX                DATA
 0003:00000c5c 00000104H .CRT$XPXA               DATA
 0003:00000d60 00000104H .CRT$XPZ                DATA
 0003:00000e64 00000104H .CRT$XTA                DATA
 0003:00000f68 00000104H .CRT$XTZ                DATA
 0003:00001070 0002805cH .rdata                  DATA
 0003:000290cc 00000166H .rdata$debug            DATA
 0003:00029234 000017c9H .rdata$r                DATA
 0003:0002aa00 00000104H .rtc$IAA                DATA
 0003:0002ab04 000001b1H .rtc$IMZ                DATA
 0003:0002acb8 00000104H .rtc$IZZ                DATA
 0003:0002adbc 00000104H .rtc$TAA                DATA
 0003:0002aec0 000001b1H .rtc$TMZ                DATA
 0003:0002b074 00000104H .rtc$TZZ                DATA
 0003:0002b178 0000694fH .xdata$x                DATA
 0003:00031ac7 00000000H .edata                  DATA
 0004:00000000 000033e6H .data                   DATA
 0004:00003400 00007704H .bss                    DATA
 0005:00000000 000000dcH .idata$2                DATA
 0005:000000dc 00000014H .idata$3                DATA
 0005:000000f0 000008a0H .idata$4                DATA
 0005:00000990 000008a0H .idata$5                DATA
 0005:00001230 00001b2fH .idata$6                DATA
 0006:00000000 00001450H .rsrc$01                DATA
 0006:00001450 0002e76cH .rsrc$02                DATA

  Address         Publics by Value              Rva+Base       Lib:Object

 0000:00000000       ___safe_se_handler_table   00000000     <absolute>
 0000:00000000       __except_list              00000000     <absolute>
 0000:00000000       ___safe_se_handler_count   00000000     <absolute>
 0000:00000000       ___ImageBase               00400000     <linker-defined>
 0001:00000000       __enc$textbss$begin        00401000     <linker-defined>
 0001:0008f822       __enc$textbss$end          00490822     <linker-defined>
 0002:000077a0       ?DoGetBkGndBitmap@@YAPAUHBITMAP__@@I@Z 004987a0 f   AboutBox.obj
 0002:00007800       ?DoSDKEraseBkGnd@@YAHQAUHDC__@@K@Z 00498800 f   AboutBox.obj
 0002:00007950       ?ShowAboutBox@@YAXXZ       00498950 f   AboutBox.obj
 0002:00007ab0       ??0AccelKeys@@QAE@XZ       00498ab0 f   AccelKeys.obj
 0002:00007d30       ?TranslateAccelKeys@AccelKeys@@QAE_NPAUtagMSG@@@Z 00498d30 f   AccelKeys.obj
 0002:00007d70       ??1AccelKeys@@UAE@XZ       00498d70 f   AccelKeys.obj
 0002:00007e50       ??_GAccelKeys@@UAEPAXI@Z   00498e50 f i AccelKeys.obj
 0002:00007e50       ??_EAccelKeys@@UAEPAXI@Z   00498e50 f i AccelKeys.obj
 0002:00007e90       ??0AuthDialog@@QAE@XZ      00498e90 f   AuthDialog.obj
 0002:00007f00       ??1AuthDialog@@UAE@XZ      00498f00 f   AuthDialog.obj
 0002:00007f20       ?DoDialog@AuthDialog@@QAEHXZ 00498f20 f   AuthDialog.obj
 0002:00007f50       ?DlgProc@AuthDialog@@SGHPAUHWND__@@IIJ@Z 00498f50 f   AuthDialog.obj
 0002:00008520       ??_EAuthDialog@@UAEPAXI@Z  00499520 f i AuthDialog.obj
 0002:00008520       ??_GAuthDialog@@UAEPAXI@Z  00499520 f i AuthDialog.obj
 0002:00008560       ??_D?$basic_stringstream@DU?$char_traits@D@std@@V?$allocator@D@2@@std@@QAEXXZ 00499560 f i AuthDialog.obj
 0002:00008590       ??1?$basic_string@DU?$char_traits@D@std@@V?$allocator@D@2@@std@@QAE@XZ 00499590 f i AuthDialog.obj
 0002:00008600       ?data@?$basic_string@DU?$char_traits@D@std@@V?$allocator@D@2@@std@@QBEPBDXZ 00499600 f i AuthDialog.obj
 0002:00008620       ?c_str@?$basic_string@DU?$char_traits@D@std@@V?$allocator@D@2@@std@@QBEPBDXZ 00499620 f i AuthDialog.obj
 0002:00008640       ?allocate@?$_DebugHeapAllocator@D@std@@QAAPADIPBX@Z 00499640 f i AuthDialog.obj
 0002:000086c0       ??0bad_alloc@std@@QAE@PBD@Z 004996c0 f i AuthDialog.obj
 0002:000086f0       ??1bad_alloc@std@@UAE@XZ   004996f0 f i AuthDialog.obj
 0002:00008720       ??_Ebad_alloc@std@@UAEPAXI@Z 00499720 f i AuthDialog.obj
 0002:00008720       ??_Gbad_alloc@std@@UAEPAXI@Z 00499720 f i AuthDialog.obj
 0002:00008760       ?allocate@?$_DebugHeapAllocator@D@std@@QAEPADI@Z 00499760 f i AuthDialog.obj
 0002:000087e0       ?deallocate@?$_DebugHeapAllocator@D@std@@QAEXPADI@Z 004997e0 f i AuthDialog.obj
 0002:00008800       ??6?$basic_ostream@DU?$char_traits@D@std@@@std@@QAEAAV01@H@Z 00499800 f i AuthDialog.obj
 0002:00008a50       ??1locale@std@@QAE@XZ      00499a50 f i AuthDialog.obj
 0002:00008a80       ?_Decref@facet@locale@std@@QAEPAV123@XZ 00499a80 f i AuthDialog.obj
 0002:00008af0       ?flags@ios_base@std@@QBEHXZ 00499af0 f i AuthDialog.obj
 0002:00008b10       ?getloc@ios_base@std@@QBE?AVlocale@2@XZ 00499b10 f i AuthDialog.obj
 0002:00008b50       ??0locale@std@@QAE@ABV01@@Z 00499b50 f i AuthDialog.obj
 0002:00008b80       ?_Incref@facet@locale@std@@QAEXXZ 00499b80 f i AuthDialog.obj
 0002:00008bd0       ??1?$basic_ios@DU?$char_traits@D@std@@@std@@UAE@XZ 00499bd0 f i AuthDialog.obj
 0002:00008c00       ??1ios_base@std@@UAE@XZ    00499c00 f i AuthDialog.obj
 0002:00008c30       ??_Gios_base@std@@UAEPAXI@Z 00499c30 f i AuthDialog.obj
 0002:00008c30       ??_Eios_base@std@@UAEPAXI@Z 00499c30 f i AuthDialog.obj
 0002:00008c70       ?setstate@?$basic_ios@DU?$char_traits@D@std@@@std@@QAEXH_N@Z 00499c70 f i AuthDialog.obj
 0002:00008cb0       ?rdstate@ios_base@std@@QBEHXZ 00499cb0 f i AuthDialog.obj
 0002:00008cd0       ?rdbuf@?$basic_ios@DU?$char_traits@D@std@@@std@@QBEPAV?$basic_streambuf@DU?$char_traits@D@std@@@2@XZ 00499cd0 f i AuthDialog.obj
 0002:00008cf0       ??0?$basic_stringstream@DU?$char_traits@D@std@@V?$allocator@D@2@@std@@QAE@H@Z 00499cf0 f i AuthDialog.obj
 0002:00008de0       ??1?$basic_stringstream@DU?$char_traits@D@std@@V?$allocator@D@2@@std@@UAE@XZ 00499de0 f i AuthDialog.obj
 0002:00008e70       ?str@?$basic_stringstream@DU?$char_traits@D@std@@V?$allocator@D@2@@std@@QBE?AV?$basic_string@DU?$char_traits@D@std@@V?$allocator@D@2@@2@XZ 00499e70 f i AuthDialog.obj
 0002:00008eb0       ??1?$basic_iostream@DU?$char_traits@D@std@@@std@@UAE@XZ 00499eb0 f i AuthDialog.obj
 0002:00008f40       ??1?$basic_ostream@DU?$char_traits@D@std@@@std@@UAE@XZ 00499f40 f i AuthDialog.obj
 0002:00008f70       ??1?$basic_istream@DU?$char_traits@D@std@@@std@@UAE@XZ 00499f70 f i AuthDialog.obj
 0002:00008fa0       ??1?$basic_stringbuf@DU?$char_traits@D@std@@V?$allocator@D@2@@std@@UAE@XZ 00499fa0 f i AuthDialog.obj
 0002:00009020       ??1?$basic_streambuf@DU?$char_traits@D@std@@@std@@UAE@XZ 0049a020 f i AuthDialog.obj
 0002:000090a0       ?overflow@?$basic_streambuf@DU?$char_traits@D@std@@@std@@MAEHH@Z 0049a0a0 f i AuthDialog.obj
 0002:000090c0       ?eof@?$char_traits@D@std@@SAHXZ 0049a0c0 f i AuthDialog.obj
 0002:000090d0       ?pbackfail@?$basic_streambuf@DU?$char_traits@D@std@@@std@@MAEHH@Z 0049a0d0 f i AuthDialog.obj
 0002:000090f0       ?showmanyc@?$basic_streambuf@DU?$char_traits@D@std@@@std@@MAEHXZ 0049a0f0 f i AuthDialog.obj
 0002:00009100       ?underflow@?$basic_streambuf@DU?$char_traits@D@std@@@std@@MAEHXZ 0049a100 f i AuthDialog.obj
 0002:00009120       ?uflow@?$basic_streambuf@DU?$char_traits@D@std@@@std@@MAEHXZ 0049a120 f i AuthDialog.obj
 0002:000091a0       ?to_int_type@?$char_traits@D@std@@SAHABD@Z 0049a1a0 f i AuthDialog.obj
 0002:000091b0       ?eq_int_type@?$char_traits@D@std@@SA_NABH0@Z 0049a1b0 f i AuthDialog.obj
 0002:000091d0       ?xsgetn@?$basic_streambuf@DU?$char_traits@D@std@@@std@@MAEHPADH@Z 0049a1d0 f i AuthDialog.obj
 0002:00009200       ?_Xsgetn_s@?$basic_streambuf@DU?$char_traits@D@std@@@std@@MAEHPADIH@Z 0049a200 f i AuthDialog.obj
 0002:00009330       ?to_char_type@?$char_traits@D@std@@SADABH@Z 0049a330 f i AuthDialog.obj
 0002:00009340       ?xsputn@?$basic_streambuf@DU?$char_traits@D@std@@@std@@MAEHPBDH@Z 0049a340 f i AuthDialog.obj
 0002:00009470       ?seekoff@?$basic_streambuf@DU?$char_traits@D@std@@@std@@MAE?AV?$fpos@H@2@JHH@Z 0049a470 f i AuthDialog.obj
 0002:000094a0       ?seekpos@?$basic_streambuf@DU?$char_traits@D@std@@@std@@MAE?AV?$fpos@H@2@V32@H@Z 0049a4a0 f i AuthDialog.obj
 0002:000094d0       ?setbuf@?$basic_streambuf@DU?$char_traits@D@std@@@std@@MAEPAV12@PADH@Z 0049a4d0 f i AuthDialog.obj
 0002:000094f0       ?sync@?$basic_streambuf@DU?$char_traits@D@std@@@std@@MAEHXZ 0049a4f0 f i AuthDialog.obj
 0002:00009500       ?imbue@?$basic_streambuf@DU?$char_traits@D@std@@@std@@MAEXABVlocale@2@@Z 0049a500 f i AuthDialog.obj
 0002:00009510       ?overflow@?$basic_stringbuf@DU?$char_traits@D@std@@V?$allocator@D@2@@std@@MAEHH@Z 0049a510 f i AuthDialog.obj
 0002:000098b0       ?not_eof@?$char_traits@D@std@@SAHABH@Z 0049a8b0 f i AuthDialog.obj
 0002:000098f0       ?pbackfail@?$basic_stringbuf@DU?$char_traits@D@std@@V?$allocator@D@2@@std@@MAEHH@Z 0049a8f0 f i AuthDialog.obj
 0002:00009a10       ?eq@?$char_traits@D@std@@SA_NABD0@Z 0049aa10 f i AuthDialog.obj
 0002:00009a30       ?underflow@?$basic_stringbuf@DU?$char_traits@D@std@@V?$allocator@D@2@@std@@MAEHXZ 0049aa30 f i AuthDialog.obj
 0002:00009b60       ?seekoff@?$basic_stringbuf@DU?$char_traits@D@std@@V?$allocator@D@2@@std@@MAE?AV?$fpos@H@2@JHH@Z 0049ab60 f i AuthDialog.obj
 0002:00009de0       ?seekpos@?$basic_stringbuf@DU?$char_traits@D@std@@V?$allocator@D@2@@std@@MAE?AV?$fpos@H@2@V32@H@Z 0049ade0 f i AuthDialog.obj
 0002:00009fa0       ??1?$_String_val@DV?$allocator@D@std@@@std@@QAE@XZ 0049afa0 f i AuthDialog.obj
 0002:00009fc0       ??0bad_alloc@std@@QAE@ABV01@@Z 0049afc0 f i AuthDialog.obj
 0002:00009ff0       ??0?$_DebugHeapAllocator@D@std@@QAE@XZ 0049aff0 f i AuthDialog.obj
 0002:0000a010       ??_E?$basic_ostream@DU?$char_traits@D@std@@@std@@UAEPAXI@Z 0049b010 f i AuthDialog.obj
 0002:0000a010       ??_G?$basic_ostream@DU?$char_traits@D@std@@@std@@UAEPAXI@Z 0049b010 f i AuthDialog.obj
 0002:0000a060       ??_E?$basic_ios@DU?$char_traits@D@std@@@std@@UAEPAXI@Z 0049b060 f i AuthDialog.obj
 0002:0000a060       ??_G?$basic_ios@DU?$char_traits@D@std@@@std@@UAEPAXI@Z 0049b060 f i AuthDialog.obj
 0002:0000a0a0       ??_G?$basic_istream@DU?$char_traits@D@std@@@std@@UAEPAXI@Z 0049b0a0 f i AuthDialog.obj
 0002:0000a0a0       ??_E?$basic_istream@DU?$char_traits@D@std@@@std@@UAEPAXI@Z 0049b0a0 f i AuthDialog.obj
 0002:0000a0f0       ??_G?$basic_streambuf@DU?$char_traits@D@std@@@std@@UAEPAXI@Z 0049b0f0 f i AuthDialog.obj
 0002:0000a0f0       ??_E?$basic_streambuf@DU?$char_traits@D@std@@@std@@UAEPAXI@Z 0049b0f0 f i AuthDialog.obj
 0002:0000a130       ??_E?$basic_stringstream@DU?$char_traits@D@std@@V?$allocator@D@2@@std@@UAEPAXI@Z 0049b130 f i AuthDialog.obj
 0002:0000a130       ??_G?$basic_stringstream@DU?$char_traits@D@std@@V?$allocator@D@2@@std@@UAEPAXI@Z 0049b130 f i AuthDialog.obj
 0002:0000a180       ??_G?$basic_iostream@DU?$char_traits@D@std@@@std@@UAEPAXI@Z 0049b180 f i AuthDialog.obj
 0002:0000a180       ??_E?$basic_iostream@DU?$char_traits@D@std@@@std@@UAEPAXI@Z 0049b180 f i AuthDialog.obj
 0002:0000a1d0       ??_G?$basic_stringbuf@DU?$char_traits@D@std@@V?$allocator@D@2@@std@@UAEPAXI@Z 0049b1d0 f i AuthDialog.obj
 0002:0000a1d0       ??_E?$basic_stringbuf@DU?$char_traits@D@std@@V?$allocator@D@2@@std@@UAEPAXI@Z 0049b1d0 f i AuthDialog.obj
 0002:0000a210       ??1_String_base@std@@QAE@XZ 0049b210 f i AuthDialog.obj
 0002:0000a230       ??1_Container_base_secure@std@@QAE@XZ 0049b230 f i AuthDialog.obj
 0002:0000a250       ?_Orphan_all@_Container_base_secure@std@@QBEXXZ 0049b250 f i AuthDialog.obj
 0002:0000a2c0       ??_D?$basic_ostream@DU?$char_traits@D@std@@@std@@QAEXXZ 0049b2c0 f i AuthDialog.obj
 0002:0000a2f0       ??_D?$basic_istream@DU?$char_traits@D@std@@@std@@QAEXXZ 0049b2f0 f i AuthDialog.obj
 0002:0000a320       ??_D?$basic_iostream@DU?$char_traits@D@std@@@std@@QAEXXZ 0049b320 f i AuthDialog.obj
 0002:0000a350       ?_Tidy@?$basic_string@DU?$char_traits@D@std@@V?$allocator@D@2@@std@@IAEX_NI@Z 0049b350 f i AuthDialog.obj
 0002:0000a3f0       ?_Myptr@?$basic_string@DU?$char_traits@D@std@@V?$allocator@D@2@@std@@IBEPBDXZ 0049b3f0 f i AuthDialog.obj
 0002:0000a430       ??0?$allocator@D@std@@QAE@XZ 0049b430 f i AuthDialog.obj
 0002:0000a450       ?deallocate@?$allocator@D@std@@QAEXPADI@Z 0049b450 f i AuthDialog.obj
 0002:0000a470       ?allocate@?$allocator@D@std@@QAEPADI@Z 0049b470 f i AuthDialog.obj
 0002:0000a4a0       ?clear@?$basic_ios@DU?$char_traits@D@std@@@std@@QAEXH_N@Z 0049b4a0 f i AuthDialog.obj
 0002:0000a4f0       ?clear@ios_base@std@@QAEXH_N@Z 0049b4f0 f i AuthDialog.obj
 0002:0000a6e0       ??0runtime_error@std@@QAE@ABV01@@Z 0049b6e0 f i AuthDialog.obj
 0002:0000a770       ?what@runtime_error@std@@UBEPBDXZ 0049b770 f i AuthDialog.obj
 0002:0000a790       ??_Gruntime_error@std@@UAEPAXI@Z 0049b790 f i AuthDialog.obj
 0002:0000a790       ??_Eruntime_error@std@@UAEPAXI@Z 0049b790 f i AuthDialog.obj
 0002:0000a7d0       ??1runtime_error@std@@UAE@XZ 0049b7d0 f i AuthDialog.obj
 0002:0000a800       ??0failure@ios_base@std@@QAE@ABV?$basic_string@DU?$char_traits@D@std@@V?$allocator@D@2@@2@@Z 0049b800 f i AuthDialog.obj
 0002:0000a830       ??0runtime_error@std@@QAE@ABV?$basic_string@DU?$char_traits@D@std@@V?$allocator@D@2@@1@@Z 0049b830 f i AuthDialog.obj
 0002:0000a8c0       ??1failure@ios_base@std@@UAE@XZ 0049b8c0 f i AuthDialog.obj
 0002:0000a8f0       ??_Gfailure@ios_base@std@@UAEPAXI@Z 0049b8f0 f i AuthDialog.obj
 0002:0000a8f0       ??_Efailure@ios_base@std@@UAEPAXI@Z 0049b8f0 f i AuthDialog.obj
 0002:0000a930       ??0failure@ios_base@std@@QAE@ABV012@@Z 0049b930 f i AuthDialog.obj
 0002:0000a960       ??0?$basic_string@DU?$char_traits@D@std@@V?$allocator@D@2@@std@@QAE@PBD@Z 0049b960 f i AuthDialog.obj
 0002:0000aa00       ??0?$basic_string@DU?$char_traits@D@std@@V?$allocator@D@2@@std@@QAE@ABV01@@Z 0049ba00 f i AuthDialog.obj
 0002:0000aaa0       ?assign@?$basic_string@DU?$char_traits@D@std@@V?$allocator@D@2@@std@@QAEAAV12@ABV12@II@Z 0049baa0 f i AuthDialog.obj
 0002:0000ab90       ?size@?$basic_string@DU?$char_traits@D@std@@V?$allocator@D@2@@std@@QBEIXZ 0049bb90 f i AuthDialog.obj
 0002:0000abb0       ?assign@?$basic_string@DU?$char_traits@D@std@@V?$allocator@D@2@@std@@QAEAAV12@PBD@Z 0049bbb0 f i AuthDialog.obj
 0002:0000ac00       ?length@?$char_traits@D@std@@SAIPBD@Z 0049bc00 f i AuthDialog.obj
 0002:0000ac20       ??0?$_String_val@DV?$allocator@D@std@@@std@@IAE@V?$allocator@D@1@@Z 0049bc20 f i AuthDialog.obj
 0002:0000ac50       ??0?$_String_val@DV?$allocator@D@std@@@std@@QAE@ABV01@@Z 0049bc50 f i AuthDialog.obj
 0002:0000aca0       ?fill@?$basic_ios@DU?$char_traits@D@std@@@std@@QBEDXZ 0049bca0 f i AuthDialog.obj
 0002:0000acc0       ??0?$basic_ios@DU?$char_traits@D@std@@@std@@IAE@XZ 0049bcc0 f i AuthDialog.obj
 0002:0000acf0       ??0ios_base@std@@IAE@XZ    0049bcf0 f i AuthDialog.obj
 0002:0000ad10       ?eback@?$basic_streambuf@DU?$char_traits@D@std@@@std@@IBEPADXZ 0049bd10 f i AuthDialog.obj
 0002:0000ad30       ?gptr@?$basic_streambuf@DU?$char_traits@D@std@@@std@@IBEPADXZ 0049bd30 f i AuthDialog.obj
 0002:0000ad50       ?pbase@?$basic_streambuf@DU?$char_traits@D@std@@@std@@IBEPADXZ 0049bd50 f i AuthDialog.obj
 0002:0000ad70       ?pptr@?$basic_streambuf@DU?$char_traits@D@std@@@std@@IBEPADXZ 0049bd70 f i AuthDialog.obj
 0002:0000ad90       ?egptr@?$basic_streambuf@DU?$char_traits@D@std@@@std@@IBEPADXZ 0049bd90 f i AuthDialog.obj
 0002:0000adc0       ?gbump@?$basic_streambuf@DU?$char_traits@D@std@@@std@@IAEXH@Z 0049bdc0 f i AuthDialog.obj
 0002:0000ae00       ?setg@?$basic_streambuf@DU?$char_traits@D@std@@@std@@IAEXPAD00@Z 0049be00 f i AuthDialog.obj
 0002:0000ae40       ?epptr@?$basic_streambuf@DU?$char_traits@D@std@@@std@@IBEPADXZ 0049be40 f i AuthDialog.obj
 0002:0000ae70       ?_Gninc@?$basic_streambuf@DU?$char_traits@D@std@@@std@@IAEPADXZ 0049be70 f i AuthDialog.obj
 0002:0000aed0       ?_Gnavail@?$basic_streambuf@DU?$char_traits@D@std@@@std@@IBEHXZ 0049bed0 f i AuthDialog.obj
 0002:0000af10       ?pbump@?$basic_streambuf@DU?$char_traits@D@std@@@std@@IAEXH@Z 0049bf10 f i AuthDialog.obj
 0002:0000af50       ?setp@?$basic_streambuf@DU?$char_traits@D@std@@@std@@IAEXPAD0@Z 0049bf50 f i AuthDialog.obj
 0002:0000af90       ?setp@?$basic_streambuf@DU?$char_traits@D@std@@@std@@IAEXPAD00@Z 0049bf90 f i AuthDialog.obj
 0002:0000afd0       ?_Pninc@?$basic_streambuf@DU?$char_traits@D@std@@@std@@IAEPADXZ 0049bfd0 f i AuthDialog.obj
 0002:0000b030       ?_Pnavail@?$basic_streambuf@DU?$char_traits@D@std@@@std@@IBEHXZ 0049c030 f i AuthDialog.obj
 0002:0000b070       ??0?$basic_iostream@DU?$char_traits@D@std@@@std@@QAE@PAV?$basic_streambuf@DU?$char_traits@D@std@@@1@@Z 0049c070 f i AuthDialog.obj
 0002:0000b160       ??0?$basic_stringbuf@DU?$char_traits@D@std@@V?$allocator@D@2@@std@@QAE@H@Z 0049c160 f i AuthDialog.obj
 0002:0000b200       ?str@?$basic_stringbuf@DU?$char_traits@D@std@@V?$allocator@D@2@@std@@QBE?AV?$basic_string@DU?$char_traits@D@std@@V?$allocator@D@2@@2@XZ 0049c200 f i AuthDialog.obj
 0002:0000b3f0       ??0?$basic_string@DU?$char_traits@D@std@@V?$allocator@D@2@@std@@QAE@XZ 0049c3f0 f i AuthDialog.obj
 0002:0000b470       ?_Tidy@?$basic_stringbuf@DU?$char_traits@D@std@@V?$allocator@D@2@@std@@IAEXXZ 0049c470 f i AuthDialog.obj
 0002:0000b530       ??0sentry@?$basic_ostream@DU?$char_traits@D@std@@@std@@QAE@AAV12@@Z 0049c530 f i AuthDialog.obj
 0002:0000b610       ?good@ios_base@std@@QBE_NXZ 0049c610 f i AuthDialog.obj
 0002:0000b630       ?flush@?$basic_ostream@DU?$char_traits@D@std@@@std@@QAEAAV12@XZ 0049c630 f i AuthDialog.obj
 0002:0000b6c0       ?fail@ios_base@std@@QBE_NXZ 0049c6c0 f i AuthDialog.obj
 0002:0000b6f0       ?pubsync@?$basic_streambuf@DU?$char_traits@D@std@@@std@@QAEHXZ 0049c6f0 f i AuthDialog.obj
 0002:0000b710       ??1sentry@?$basic_ostream@DU?$char_traits@D@std@@@std@@QAE@XZ 0049c710 f i AuthDialog.obj
 0002:0000b790       ??Bsentry@?$basic_ostream@DU?$char_traits@D@std@@@std@@QBE_NXZ 0049c790 f i AuthDialog.obj
 0002:0000b7b0       ?put@?$num_put@DV?$ostreambuf_iterator@DU?$char_traits@D@std@@@std@@@std@@QBE?AV?$ostreambuf_iterator@DU?$char_traits@D@std@@@2@V32@AAVios_base@2@DJ@Z 0049c7b0 f i AuthDialog.obj
 0002:0000b800       ??0?$ostreambuf_iterator@DU?$char_traits@D@std@@@std@@QAE@PAV?$basic_streambuf@DU?$char_traits@D@std@@@1@@Z 0049c800 f i AuthDialog.obj
 0002:0000b830       ?failed@?$ostreambuf_iterator@DU?$char_traits@D@std@@@std@@QBE_NXZ 0049c830 f i AuthDialog.obj
 0002:0000b850       ??0?$fpos@H@std@@QAE@J@Z   0049c850 f i AuthDialog.obj
 0002:0000b8a0       ??B?$fpos@H@std@@QBEJXZ    0049c8a0 f i AuthDialog.obj
 0002:0000b8c0       ??0_String_base@std@@QAE@XZ 0049c8c0 f i AuthDialog.obj
 0002:0000b8e0       ??0_Container_base_secure@std@@QAE@XZ 0049c8e0 f i AuthDialog.obj
 0002:0000b900       ??0?$_DebugHeapAllocator@D@std@@QAE@ABV01@@Z 0049c900 f i AuthDialog.obj
 0002:0000b930       ??0?$basic_string@DU?$char_traits@D@std@@V?$allocator@D@2@@std@@QAE@PBDI@Z 0049c930 f i AuthDialog.obj
 0002:0000b9d0       ?assign@?$basic_string@DU?$char_traits@D@std@@V?$allocator@D@2@@std@@QAEAAV12@PBDI@Z 0049c9d0 f i AuthDialog.obj
 0002:0000baa0       ?erase@?$basic_string@DU?$char_traits@D@std@@V?$allocator@D@2@@std@@QAEAAV12@II@Z 0049caa0 f i AuthDialog.obj
 0002:0000bb60       ?_Eos@?$basic_string@DU?$char_traits@D@std@@V?$allocator@D@2@@std@@IAEXI@Z 0049cb60 f i AuthDialog.obj
 0002:0000bbb0       ?assign@?$char_traits@D@std@@SAXAADABD@Z 0049cbb0 f i AuthDialog.obj
 0002:0000bbd0       ?_Grow@?$basic_string@DU?$char_traits@D@std@@V?$allocator@D@2@@std@@IAE_NI_N@Z 0049cbd0 f i AuthDialog.obj
 0002:0000bc90       ?_Myptr@?$basic_string@DU?$char_traits@D@std@@V?$allocator@D@2@@std@@IAEPADXZ 0049cc90 f i AuthDialog.obj
 0002:0000bcd0       ??0?$allocator@D@std@@QAE@ABV01@@Z 0049ccd0 f i AuthDialog.obj
 0002:0000bcf0       ??0?$basic_ostream@DU?$char_traits@D@std@@@std@@QAE@W4_Uninitialized@1@_N@Z 0049ccf0 f i AuthDialog.obj
 0002:0000bde0       ?_Osfx@?$basic_ostream@DU?$char_traits@D@std@@@std@@QAEXXZ 0049cde0 f i AuthDialog.obj
 0002:0000be90       ?tie@?$basic_ios@DU?$char_traits@D@std@@@std@@QBEPAV?$basic_ostream@DU?$char_traits@D@std@@@2@XZ 0049ce90 f i AuthDialog.obj
 0002:0000beb0       ??0?$basic_istream@DU?$char_traits@D@std@@@std@@QAE@PAV?$basic_streambuf@DU?$char_traits@D@std@@@1@_N@Z 0049ceb0 f i AuthDialog.obj
 0002:0000bf90       ??0?$basic_streambuf@DU?$char_traits@D@std@@@std@@IAE@XZ 0049cf90 f i AuthDialog.obj
 0002:0000c060       ??0locale@std@@QAE@XZ      0049d060 f i AuthDialog.obj
 0002:0000c090       ?_Init@?$basic_stringbuf@DU?$char_traits@D@std@@V?$allocator@D@2@@std@@IAEXPBDIH@Z 0049d090 f i AuthDialog.obj
 0002:0000c1e0       ?_Getstate@?$basic_stringbuf@DU?$char_traits@D@std@@V?$allocator@D@2@@std@@AAEHH@Z 0049d1e0 f i AuthDialog.obj
 0002:0000c260       ??0_Sentry_base@?$basic_ostream@DU?$char_traits@D@std@@@std@@QAE@AAV12@@Z 0049d260 f i AuthDialog.obj
 0002:0000c2c0       ?_Lock@?$basic_streambuf@DU?$char_traits@D@std@@@std@@QAEXXZ 0049d2c0 f i AuthDialog.obj
 0002:0000c2e0       ??1_Sentry_base@?$basic_ostream@DU?$char_traits@D@std@@@std@@QAE@XZ 0049d2e0 f i AuthDialog.obj
 0002:0000c330       ?_Unlock@?$basic_streambuf@DU?$char_traits@D@std@@@std@@QAEXXZ 0049d330 f i AuthDialog.obj
 0002:0000c350       ?max_size@?$basic_string@DU?$char_traits@D@std@@V?$allocator@D@2@@std@@QBEIXZ 0049d350 f i AuthDialog.obj
 0002:0000c3a0       ?_Copy@?$basic_string@DU?$char_traits@D@std@@V?$allocator@D@2@@std@@IAEXII@Z 0049d3a0 f i AuthDialog.obj
 0002:0000c590       ?_Inside@?$basic_string@DU?$char_traits@D@std@@V?$allocator@D@2@@std@@IAE_NPBD@Z 0049d590 f i AuthDialog.obj
 0002:0000c5e0       ?init@?$basic_ios@DU?$char_traits@D@std@@@std@@IAEXPAV?$basic_streambuf@DU?$char_traits@D@std@@@2@_N@Z 0049d5e0 f i AuthDialog.obj
 0002:0000c670       ?_Init@ios_base@std@@IAEXXZ 0049d670 f i AuthDialog.obj
 0002:0000c740       ?clear@ios_base@std@@QAEXH@Z 0049d740 f i AuthDialog.obj
 0002:0000c770       ?_Init@?$basic_streambuf@DU?$char_traits@D@std@@@std@@IAEXXZ 0049d770 f i AuthDialog.obj
 0002:0000c800       ?max_size@?$allocator@D@std@@QBEIXZ 0049d800 f i AuthDialog.obj
 0002:0000c840       ?widen@?$basic_ios@DU?$char_traits@D@std@@@std@@QBEDD@Z 0049d840 f i AuthDialog.obj
 0002:0000c8e0       ?widen@?$ctype@D@std@@QBEDD@Z 0049d8e0 f i AuthDialog.obj
 0002:0000c910       ??$_Debug_pointer@D@std@@YAXPBDPB_WI@Z 0049d910 f i AuthDialog.obj
 0002:0000c940       ??$_DebugHeapDelete@Vfacet@locale@std@@@std@@YAXPAVfacet@locale@0@@Z 0049d940 f i AuthDialog.obj
 0002:0000c970       ??$use_facet@V?$ctype@D@std@@@std@@YAABV?$ctype@D@0@ABVlocale@0@@Z 0049d970 f i AuthDialog.obj
 0002:0000caa0       ??Bid@locale@std@@QAEIXZ   0049daa0 f i AuthDialog.obj
 0002:0000cb10       ?_Register@facet@locale@std@@QAEXXZ 0049db10 f i AuthDialog.obj
 0002:0000cb30       ?_Getfacet@locale@std@@QBEPBVfacet@12@I@Z 0049db30 f i AuthDialog.obj
 0002:0000cbe0       ?_Getcat@?$ctype@D@std@@SAIPAPBVfacet@locale@2@PBV42@@Z 0049dbe0 f i AuthDialog.obj
 0002:0000cdd0       ??0_Locinfo@std@@QAE@ABV?$basic_string@DU?$char_traits@D@std@@V?$allocator@D@2@@1@@Z 0049ddd0 f i AuthDialog.obj
 0002:0000cea0       ??1_Locinfo@std@@QAE@XZ    0049dea0 f i AuthDialog.obj
 0002:0000cf60       ??2facet@locale@std@@SAPAXIABU_DebugHeapTag_t@2@PADH@Z 0049df60 f i AuthDialog.obj
 0002:0000cf90       ??3facet@locale@std@@SAXPAXABU_DebugHeapTag_t@2@PADH@Z 0049df90 f i AuthDialog.obj
 0002:0000cfb0       ??3facet@locale@std@@SAXPAX@Z 0049dfb0 f i AuthDialog.obj
 0002:0000cfd0       ?name@locale@std@@QBE?AV?$basic_string@DU?$char_traits@D@std@@V?$allocator@D@2@@2@XZ 0049dfd0 f i AuthDialog.obj
 0002:0000d070       ??B_DebugHeapString@std@@QBE?AV?$basic_string@DU?$char_traits@D@std@@V?$allocator@D@2@@1@XZ 0049e070 f i AuthDialog.obj
 0002:0000d0b0       ??0?$ctype@D@std@@QAE@ABV_Locinfo@1@I@Z 0049e0b0 f i AuthDialog.obj
 0002:0000d140       ??0ctype_base@std@@QAE@I@Z 0049e140 f i AuthDialog.obj
 0002:0000d170       ??0facet@locale@std@@IAE@I@Z 0049e170 f i AuthDialog.obj
 0002:0000d1a0       ??_Efacet@locale@std@@UAEPAXI@Z 0049e1a0 f i AuthDialog.obj
 0002:0000d1a0       ??_Gfacet@locale@std@@UAEPAXI@Z 0049e1a0 f i AuthDialog.obj
 0002:0000d1e0       ??1facet@locale@std@@UAE@XZ 0049e1e0 f i AuthDialog.obj
 0002:0000d200       ??1ctype_base@std@@UAE@XZ  0049e200 f i AuthDialog.obj
 0002:0000d230       ??_Ectype_base@std@@UAEPAXI@Z 0049e230 f i AuthDialog.obj
 0002:0000d230       ??_Gctype_base@std@@UAEPAXI@Z 0049e230 f i AuthDialog.obj
 0002:0000d270       ?_Init@?$ctype@D@std@@IAEXABV_Locinfo@2@@Z 0049e270 f i AuthDialog.obj
 0002:0000d2c0       ?_Getctype@_Locinfo@std@@QBE?AU_Ctypevec@@XZ 0049e2c0 f i AuthDialog.obj
 0002:0000d330       ?do_tolower@?$ctype@D@std@@MBEDD@Z 0049e330 f i AuthDialog.obj
 0002:0000d360       ?do_tolower@?$ctype@D@std@@MBEPBDPADPBD@Z 0049e360 f i AuthDialog.obj
 0002:0000d3d0       ?do_toupper@?$ctype@D@std@@MBEDD@Z 0049e3d0 f i AuthDialog.obj
 0002:0000d400       ?do_toupper@?$ctype@D@std@@MBEPBDPADPBD@Z 0049e400 f i AuthDialog.obj
 0002:0000d470       ?do_widen@?$ctype@D@std@@MBEDD@Z 0049e470 f i AuthDialog.obj
 0002:0000d490       ?do_widen@?$ctype@D@std@@MBEPBDPBD0PAD@Z 0049e490 f i AuthDialog.obj
 0002:0000d4d0       ?_Do_widen_s@?$ctype@D@std@@MBEPBDPBD0PADI@Z 0049e4d0 f i AuthDialog.obj
 0002:0000d5b0       ?do_narrow@?$ctype@D@std@@MBEDDD@Z 0049e5b0 f i AuthDialog.obj
 0002:0000d5d0       ?do_narrow@?$ctype@D@std@@MBEPBDPBD0DPAD@Z 0049e5d0 f i AuthDialog.obj
 0002:0000d610       ?_Do_narrow_s@?$ctype@D@std@@MBEPBDPBD0DPADI@Z 0049e610 f i AuthDialog.obj
 0002:0000d6f0       ??_G?$ctype@D@std@@MAEPAXI@Z 0049e6f0 f i AuthDialog.obj
 0002:0000d6f0       ??_E?$ctype@D@std@@MAEPAXI@Z 0049e6f0 f i AuthDialog.obj
 0002:0000d730       ??1?$ctype@D@std@@MAE@XZ   0049e730 f i AuthDialog.obj
 0002:0000d7b0       ?_Tidy@?$ctype@D@std@@IAEXXZ 0049e7b0 f i AuthDialog.obj
 0002:0000d810       ?c_str@?$basic_string@DU?$char_traits@D@std@@V?$_DebugHeapAllocator@D@2@@std@@QBEPBDXZ 0049e810 f i AuthDialog.obj
 0002:0000d830       ?_Myptr@?$basic_string@DU?$char_traits@D@std@@V?$_DebugHeapAllocator@D@2@@std@@IBEPBDXZ 0049e830 f i AuthDialog.obj
 0002:0000d870       ??$_Debug_range@PBD@std@@YAXPBD0PB_WI@Z 0049e870 f i AuthDialog.obj
 0002:0000d8c0       ??$_Debug_pointer@D@std@@YAXPADPB_WI@Z 0049e8c0 f i AuthDialog.obj
 0002:0000d8f0       ??$_DebugHeapDelete@X@std@@YAXPAX@Z 0049e8f0 f i AuthDialog.obj
 0002:0000d910       ??$use_facet@V?$num_put@DV?$ostreambuf_iterator@DU?$char_traits@D@std@@@std@@@std@@@std@@YAABV?$num_put@DV?$ostreambuf_iterator@DU?$char_traits@D@std@@@std@@@0@ABVlocale@0@@Z 0049e910 f i AuthDialog.obj
 0002:0000da40       ??$_DebugHeapDelete@Vlocale@std@@@std@@YAXPAVlocale@0@@Z 0049ea40 f i AuthDialog.obj
 0002:0000da70       ??$copy_s@U?$char_traits@D@std@@@_Traits_helper@std@@YAPADPADIPBDI@Z 0049ea70 f i AuthDialog.obj
 0002:0000dab0       ??$_Allocate@D@std@@YAPADIPAD@Z 0049eab0 f i AuthDialog.obj
 0002:0000db10       ??$move_s@U?$char_traits@D@std@@@_Traits_helper@std@@YAPADPADIPBDI@Z 0049eb10 f i AuthDialog.obj
 0002:0000db50       ??_Glocale@std@@QAEPAXI@Z  0049eb50 f i AuthDialog.obj
 0002:0000db90       ?_Getcat@?$num_put@DV?$ostreambuf_iterator@DU?$char_traits@D@std@@@std@@@std@@SAIPAPBVfacet@locale@2@PBV42@@Z 0049eb90 f i AuthDialog.obj
 0002:0000dd80       ??0?$num_put@DV?$ostreambuf_iterator@DU?$char_traits@D@std@@@std@@@std@@QAE@ABV_Locinfo@1@I@Z 0049ed80 f i AuthDialog.obj
 0002:0000de10       ?do_put@?$num_put@DV?$ostreambuf_iterator@DU?$char_traits@D@std@@@std@@@std@@MBE?AV?$ostreambuf_iterator@DU?$char_traits@D@std@@@2@V32@AAVios_base@2@D_N@Z 0049ee10 f i AuthDialog.obj
 0002:0000e160       ?width@ios_base@std@@QBEHXZ 0049f160 f i AuthDialog.obj
 0002:0000e180       ?width@ios_base@std@@QAEHH@Z 0049f180 f i AuthDialog.obj
 0002:0000e1b0       ?do_put@?$num_put@DV?$ostreambuf_iterator@DU?$char_traits@D@std@@@std@@@std@@MBE?AV?$ostreambuf_iterator@DU?$char_traits@D@std@@@2@V32@AAVios_base@2@DJ@Z 0049f1b0 f i AuthDialog.obj
 0002:0000e260       ?do_put@?$num_put@DV?$ostreambuf_iterator@DU?$char_traits@D@std@@@std@@@std@@MBE?AV?$ostreambuf_iterator@DU?$char_traits@D@std@@@2@V32@AAVios_base@2@DK@Z 0049f260 f i AuthDialog.obj
 0002:0000e310       ?do_put@?$num_put@DV?$ostreambuf_iterator@DU?$char_traits@D@std@@@std@@@std@@MBE?AV?$ostreambuf_iterator@DU?$char_traits@D@std@@@2@V32@AAVios_base@2@D_J@Z 0049f310 f i AuthDialog.obj
 0002:0000e3c0       ?do_put@?$num_put@DV?$ostreambuf_iterator@DU?$char_traits@D@std@@@std@@@std@@MBE?AV?$ostreambuf_iterator@DU?$char_traits@D@std@@@2@V32@AAVios_base@2@D_K@Z 0049f3c0 f i AuthDialog.obj
 0002:0000e470       ?do_put@?$num_put@DV?$ostreambuf_iterator@DU?$char_traits@D@std@@@std@@@std@@MBE?AV?$ostreambuf_iterator@DU?$char_traits@D@std@@@2@V32@AAVios_base@2@DN@Z 0049f470 f i AuthDialog.obj
 0002:0000e730       ?precision@ios_base@std@@QBEHXZ 0049f730 f i AuthDialog.obj
 0002:0000e750       ?do_put@?$num_put@DV?$ostreambuf_iterator@DU?$char_traits@D@std@@@std@@@std@@MBE?AV?$ostreambuf_iterator@DU?$char_traits@D@std@@@2@V32@AAVios_base@2@DO@Z 0049f750 f i AuthDialog.obj
 0002:0000ea00       ?do_put@?$num_put@DV?$ostreambuf_iterator@DU?$char_traits@D@std@@@std@@@std@@MBE?AV?$ostreambuf_iterator@DU?$char_traits@D@std@@@2@V32@AAVios_base@2@DPBX@Z 0049fa00 f i AuthDialog.obj
 0002:0000ea90       ??_E?$num_put@DV?$ostreambuf_iterator@DU?$char_traits@D@std@@@std@@@std@@MAEPAXI@Z 0049fa90 f i AuthDialog.obj
 0002:0000ea90       ??_G?$num_put@DV?$ostreambuf_iterator@DU?$char_traits@D@std@@@std@@@std@@MAEPAXI@Z 0049fa90 f i AuthDialog.obj
 0002:0000ead0       ??1?$num_put@DV?$ostreambuf_iterator@DU?$char_traits@D@std@@@std@@@std@@MAE@XZ 0049fad0 f i AuthDialog.obj
 0002:0000eb00       ?assign@?$basic_string@DU?$char_traits@D@std@@V?$allocator@D@2@@std@@QAEAAV12@ABV12@@Z 0049fb00 f i AuthDialog.obj
 0002:0000eb30       ?_Ffmt@?$num_put@DV?$ostreambuf_iterator@DU?$char_traits@D@std@@@std@@@std@@ABAPADPADDH@Z 0049fb30 f i AuthDialog.obj
 0002:0000ec50       ?_Fput@?$num_put@DV?$ostreambuf_iterator@DU?$char_traits@D@std@@@std@@@std@@ABA?AV?$ostreambuf_iterator@DU?$char_traits@D@std@@@2@V32@AAVios_base@2@DPBDIIII@Z 0049fc50 f i AuthDialog.obj
 0002:0000f4c0       ?_Ifmt@?$num_put@DV?$ostreambuf_iterator@DU?$char_traits@D@std@@@std@@@std@@ABAPADPADPBDH@Z 004a04c0 f i AuthDialog.obj
 0002:0000f600       ?_Iput@?$num_put@DV?$ostreambuf_iterator@DU?$char_traits@D@std@@@std@@@std@@ABA?AV?$ostreambuf_iterator@DU?$char_traits@D@std@@@2@V32@AAVios_base@2@DPADI@Z 004a0600 f i AuthDialog.obj
 0002:0000fa20       ?_Put@?$num_put@DV?$ostreambuf_iterator@DU?$char_traits@D@std@@@std@@@std@@ABA?AV?$ostreambuf_iterator@DU?$char_traits@D@std@@@2@V32@PBDI@Z 004a0a20 f i AuthDialog.obj
 0002:0000fa90       ?_Rep@?$num_put@DV?$ostreambuf_iterator@DU?$char_traits@D@std@@@std@@@std@@ABA?AV?$ostreambuf_iterator@DU?$char_traits@D@std@@@2@V32@DI@Z 004a0a90 f i AuthDialog.obj
 0002:0000faf0       ?falsename@?$numpunct@D@std@@QBE?AV?$basic_string@DU?$char_traits@D@std@@V?$allocator@D@2@@2@XZ 004a0af0 f i AuthDialog.obj
 0002:0000fb30       ?truename@?$numpunct@D@std@@QBE?AV?$basic_string@DU?$char_traits@D@std@@V?$allocator@D@2@@2@XZ 004a0b30 f i AuthDialog.obj
 0002:0000fb70       ?append@?$basic_string@DU?$char_traits@D@std@@V?$allocator@D@2@@std@@QAEAAV12@PBDI@Z 004a0b70 f i AuthDialog.obj
 0002:0000fca0       ?append@?$basic_string@DU?$char_traits@D@std@@V?$allocator@D@2@@std@@QAEAAV12@ID@Z 004a0ca0 f i AuthDialog.obj
 0002:0000fd30       ?insert@?$basic_string@DU?$char_traits@D@std@@V?$allocator@D@2@@std@@QAEAAV12@IID@Z 004a0d30 f i AuthDialog.obj
 0002:0000fe20       ??A?$basic_string@DU?$char_traits@D@std@@V?$allocator@D@2@@std@@QAEAADI@Z 004a0e20 f i AuthDialog.obj
 0002:0000fed0       ?_Putc@?$num_put@DV?$ostreambuf_iterator@DU?$char_traits@D@std@@@std@@@std@@ABA?AV?$ostreambuf_iterator@DU?$char_traits@D@std@@@2@V32@PBDI@Z 004a0ed0 f i AuthDialog.obj
 0002:0000ff50       ?_Putgrouped@?$num_put@DV?$ostreambuf_iterator@DU?$char_traits@D@std@@@std@@@std@@ABA?AV?$ostreambuf_iterator@DU?$char_traits@D@std@@@2@V32@PBDID@Z 004a0f50 f i AuthDialog.obj
 0002:00010060       ??4?$ostreambuf_iterator@DU?$char_traits@D@std@@@std@@QAEAAV01@D@Z 004a1060 f i AuthDialog.obj
 0002:000100d0       ?sputc@?$basic_streambuf@DU?$char_traits@D@std@@@std@@QAEHD@Z 004a10d0 f i AuthDialog.obj
 0002:00010150       ??D?$ostreambuf_iterator@DU?$char_traits@D@std@@@std@@QAEAAV01@XZ 004a1150 f i AuthDialog.obj
 0002:00010170       ??E?$ostreambuf_iterator@DU?$char_traits@D@std@@@std@@QAEAAV01@XZ 004a1170 f i AuthDialog.obj
 0002:00010190       ?decimal_point@?$numpunct@D@std@@QBEDXZ 004a1190 f i AuthDialog.obj
 0002:000101b0       ?thousands_sep@?$numpunct@D@std@@QBEDXZ 004a11b0 f i AuthDialog.obj
 0002:000101d0       ?grouping@?$numpunct@D@std@@QBE?AV?$basic_string@DU?$char_traits@D@std@@V?$allocator@D@2@@2@XZ 004a11d0 f i AuthDialog.obj
 0002:00010210       ?append@?$basic_string@DU?$char_traits@D@std@@V?$allocator@D@2@@std@@QAEAAV12@ABV12@II@Z 004a1210 f i AuthDialog.obj
 0002:00010310       ?_Chassign@?$basic_string@DU?$char_traits@D@std@@V?$allocator@D@2@@std@@IAEXIID@Z 004a1310 f i AuthDialog.obj
 0002:00010370       ?assign@?$char_traits@D@std@@SAPADPADID@Z 004a1370 f i AuthDialog.obj
 0002:00010390       ??$_Debug_pointer@V?$ostreambuf_iterator@DU?$char_traits@D@std@@@std@@@std@@YAXAAV?$ostreambuf_iterator@DU?$char_traits@D@std@@@0@PB_WI@Z 004a1390 f i AuthDialog.obj
 0002:000103a0       ??$use_facet@V?$numpunct@D@std@@@std@@YAABV?$numpunct@D@0@ABVlocale@0@@Z 004a13a0 f i AuthDialog.obj
 0002:000104d0       ??$_Maklocchr@D@std@@YADDPADABU_Cvtvec@@@Z 004a14d0 f i AuthDialog.obj
 0002:000104e0       ?_Getcat@?$numpunct@D@std@@SAIPAPBVfacet@locale@2@PBV42@@Z 004a14e0 f i AuthDialog.obj
 0002:000106c0       ??0?$numpunct@D@std@@QAE@ABV_Locinfo@1@I_N@Z 004a16c0 f i AuthDialog.obj
 0002:00010750       ?do_decimal_point@?$numpunct@D@std@@MBEDXZ 004a1750 f i AuthDialog.obj
 0002:00010770       ?do_thousands_sep@?$numpunct@D@std@@MBEDXZ 004a1770 f i AuthDialog.obj
 0002:00010790       ?do_grouping@?$numpunct@D@std@@MBE?AV?$basic_string@DU?$char_traits@D@std@@V?$allocator@D@2@@2@XZ 004a1790 f i AuthDialog.obj
 0002:000107d0       ?do_falsename@?$numpunct@D@std@@MBE?AV?$basic_string@DU?$char_traits@D@std@@V?$allocator@D@2@@2@XZ 004a17d0 f i AuthDialog.obj
 0002:00010810       ?do_truename@?$numpunct@D@std@@MBE?AV?$basic_string@DU?$char_traits@D@std@@V?$allocator@D@2@@2@XZ 004a1810 f i AuthDialog.obj
 0002:00010850       ??_E?$numpunct@D@std@@MAEPAXI@Z 004a1850 f i AuthDialog.obj
 0002:00010850       ??_G?$numpunct@D@std@@MAEPAXI@Z 004a1850 f i AuthDialog.obj
 0002:00010890       ??1?$numpunct@D@std@@MAE@XZ 004a1890 f i AuthDialog.obj
 0002:00010910       ?_Tidy@?$numpunct@D@std@@AAEXXZ 004a1910 f i AuthDialog.obj
 0002:00010960       ?_Init@?$num_put@DV?$ostreambuf_iterator@DU?$char_traits@D@std@@@std@@@std@@IAEXABV_Locinfo@2@@Z 004a1960 f i AuthDialog.obj
 0002:000109a0       ?_Getcvt@_Locinfo@std@@QBE?AU_Cvtvec@@XZ 004a19a0 f i AuthDialog.obj
 0002:000109e0       ?_Init@?$numpunct@D@std@@IAEXABV_Locinfo@2@_N@Z 004a19e0 f i AuthDialog.obj
 0002:00010c50       ?_Getlconv@_Locinfo@std@@QBEPBUlconv@@XZ 004a1c50 f i AuthDialog.obj
 0002:00010c70       ?_Getfalse@_Locinfo@std@@QBEPBDXZ 004a1c70 f i AuthDialog.obj
 0002:00010c90       ?_Gettrue@_Locinfo@std@@QBEPBDXZ 004a1c90 f i AuthDialog.obj
 0002:00010cb0       ??$_Iter_cat@PBD@std@@YA?AUrandom_access_iterator_tag@0@ABQBD@Z 004a1cb0 f i AuthDialog.obj
 0002:00010cc0       ??$_Debug_range2@PBD@std@@YAXPBD0PB_WIUrandom_access_iterator_tag@0@@Z 004a1cc0 f i AuthDialog.obj
 0002:00010d30       ??$_Char_traits_cat@U?$char_traits@D@std@@@std@@YA?AU_Secure_char_traits_tag@0@XZ 004a1d30 f i AuthDialog.obj
 0002:00010d40       ??$copy_s@U?$char_traits@D@std@@@_Traits_helper@std@@YAPADPADIPBDIU_Secure_char_traits_tag@1@@Z 004a1d40 f i AuthDialog.obj
 0002:00010d70       ?_Copy_s@?$char_traits@D@std@@SAPADPADIPBDI@Z 004a1d70 f i AuthDialog.obj
 0002:00010da0       ??$move_s@U?$char_traits@D@std@@@_Traits_helper@std@@YAPADPADIPBDIU_Secure_char_traits_tag@1@@Z 004a1da0 f i AuthDialog.obj
 0002:00010dd0       ?_Move_s@?$char_traits@D@std@@SAPADPADIPBDI@Z 004a1dd0 f i AuthDialog.obj
 0002:00010e00       ??$_Maklocstr@D@std@@YAPADPBDPADABU_Cvtvec@@@Z 004a1e00 f i AuthDialog.obj
 0002:00010ea0       ??0id@locale@std@@QAE@I@Z  004a1ea0 f i AuthDialog.obj
 0002:00010ec0       ?base64_encode@@YA?AV?$basic_string@DU?$char_traits@D@std@@V?$allocator@D@2@@std@@PBEI@Z 004a1ec0 f   base64.obj
 0002:000110f0       ?base64_decode@@YA?AV?$basic_string@DU?$char_traits@D@std@@V?$allocator@D@2@@std@@ABV12@@Z 004a20f0 f   base64.obj
 0002:00011520       ??Y?$basic_string@DU?$char_traits@D@std@@V?$allocator@D@2@@std@@QAEAAV01@D@Z 004a2520 f i base64.obj
 0002:00011550       ??A?$basic_string@DU?$char_traits@D@std@@V?$allocator@D@2@@std@@QBEABDI@Z 004a2550 f i base64.obj
 0002:00011600       ?find@?$basic_string@DU?$char_traits@D@std@@V?$allocator@D@2@@std@@QBEIDI@Z 004a2600 f i base64.obj
 0002:00011630       ?find@?$basic_string@DU?$char_traits@D@std@@V?$allocator@D@2@@std@@QBEIPBDII@Z 004a2630 f i base64.obj
 0002:00011760       ?compare@?$char_traits@D@std@@SAHPBD0I@Z 004a2760 f i base64.obj
 0002:00011780       ?find@?$char_traits@D@std@@SAPBDPBDIABD@Z 004a2780 f i base64.obj
 0002:000117b0       ?decodifica@CACIC_Crypt@@SA?AV?$basic_string@DU?$char_traits@D@std@@V?$allocator@D@2@@std@@PBD@Z 004a27b0 f   CACIC_Crypt.obj
 0002:000119b0       ?codifica@CACIC_Crypt@@SA?AV?$basic_string@DU?$char_traits@D@std@@V?$allocator@D@2@@std@@PBD@Z 004a29b0 f   CACIC_Crypt.obj
 0002:00011cd0       ?ceil@@YAMM@Z              004a2cd0 f i CACIC_Crypt.obj
 0002:00011cf0       _ceilf                     004a2cf0 f i CACIC_Crypt.obj
 0002:00011d20       ??4?$basic_string@DU?$char_traits@D@std@@V?$allocator@D@2@@std@@QAEAAV01@ABV01@@Z 004a2d20 f i CACIC_Crypt.obj
 0002:00011d40       ?length@?$basic_string@DU?$char_traits@D@std@@V?$allocator@D@2@@std@@QBEIXZ 004a2d40 f i CACIC_Crypt.obj
 0002:00011d60       ?leTag@CACIC_Utils@@SAXQAD0AAV?$basic_string@DU?$char_traits@D@std@@V?$allocator@D@2@@std@@@Z 004a2d60 f   CACIC_Utils.obj
 0002:00011f20       ?replaceAll@CACIC_Utils@@SAXAAV?$basic_string@DU?$char_traits@D@std@@V?$allocator@D@2@@std@@V23@1@Z 004a2f20 f   CACIC_Utils.obj
 0002:00011fd0       ?urlEncode@CACIC_Utils@@SAXAAV?$basic_string@DU?$char_traits@D@std@@V?$allocator@D@2@@std@@@Z 004a2fd0 f   CACIC_Utils.obj
 0002:000121c0       ?urlDecode@CACIC_Utils@@SAXAAV?$basic_string@DU?$char_traits@D@std@@V?$allocator@D@2@@std@@@Z 004a31c0 f   CACIC_Utils.obj
 0002:00012460       ?simpleUrlEncode@CACIC_Utils@@SAXAAV?$basic_string@DU?$char_traits@D@std@@V?$allocator@D@2@@std@@@Z 004a3460 f   CACIC_Utils.obj
 0002:00012610       ?simpleUrlDecode@CACIC_Utils@@SAXAAV?$basic_string@DU?$char_traits@D@std@@V?$allocator@D@2@@std@@@Z 004a3610 f   CACIC_Utils.obj
 0002:000127c0       ?hexToAscii@CACIC_Utils@@SADDD@Z 004a37c0 f   CACIC_Utils.obj
 0002:00012810       ?trim@CACIC_Utils@@SAXAAV?$basic_string@DU?$char_traits@D@std@@V?$allocator@D@2@@std@@@Z 004a3810 f   CACIC_Utils.obj
 0002:00012950       ?changeFont@CACIC_Utils@@SAXPAUHWND__@@HHV?$basic_string@DU?$char_traits@D@std@@V?$allocator@D@2@@std@@_N@Z 004a3950 f   CACIC_Utils.obj
 0002:00012a30       ?getMACAddress@CACIC_Utils@@SA?AV?$basic_string@DU?$char_traits@D@std@@V?$allocator@D@2@@std@@XZ 004a3a30 f   CACIC_Utils.obj
 0002:00012b70       ?getSOID@CACIC_Utils@@SA?AV?$basic_string@DU?$char_traits@D@std@@V?$allocator@D@2@@std@@XZ 004a3b70 f   CACIC_Utils.obj
 0002:00012fd0       ?DateCompare@CACIC_Utils@@SAHU_SYSTEMTIME@@0@Z 004a3fd0 f   CACIC_Utils.obj
 0002:00013500       ??0SRCException@@QAE@V?$basic_string@DU?$char_traits@D@std@@V?$allocator@D@2@@std@@@Z 004a4500 f i CACIC_Utils.obj
 0002:00013590       ??1SRCException@@QAE@XZ    004a4590 f i CACIC_Utils.obj
 0002:000135b0       ??0SRCException@@QAE@ABV0@@Z 004a45b0 f i CACIC_Utils.obj
 0002:000135e0       ??1?$_String_iterator@DU?$char_traits@D@std@@V?$allocator@D@2@@std@@QAE@XZ 004a45e0 f i CACIC_Utils.obj
 0002:00013600       ??0?$_String_const_iterator@DU?$char_traits@D@std@@V?$allocator@D@2@@std@@QAE@ABV01@@Z 004a4600 f i CACIC_Utils.obj
 0002:00013640       ??1?$_String_const_iterator@DU?$char_traits@D@std@@V?$allocator@D@2@@std@@QAE@XZ 004a4640 f i CACIC_Utils.obj
 0002:00013660       ??0?$_Ranit_base@DHPBDABDV_Iterator_base@std@@@std@@QAE@ABU01@@Z 004a4660 f i CACIC_Utils.obj
 0002:00013690       ??0_Iterator_base@std@@QAE@ABV01@@Z 004a4690 f i CACIC_Utils.obj
 0002:000136d0       ??4_Iterator_base@std@@QAEAAV01@ABV01@@Z 004a46d0 f i CACIC_Utils.obj
 0002:00013770       ?_Adopt@_Iterator_base@std@@QAEXPBV_Container_base_secure@2@@Z 004a4770 f i CACIC_Utils.obj
 0002:00013830       ?_Orphan_me@_Iterator_base@std@@QAEXXZ 004a4830 f i CACIC_Utils.obj
 0002:000138d0       ??1?$_Ranit_base@DHPBDABDV_Iterator_base@std@@@std@@QAE@XZ 004a48d0 f i CACIC_Utils.obj
 0002:000138f0       ??1_Iterator_base@std@@QAE@XZ 004a48f0 f i CACIC_Utils.obj
 0002:00013970       ??Y?$basic_string@DU?$char_traits@D@std@@V?$allocator@D@2@@std@@QAEAAV01@ABV01@@Z 004a4970 f i CACIC_Utils.obj
 0002:00013990       ??Y?$basic_string@DU?$char_traits@D@std@@V?$allocator@D@2@@std@@QAEAAV01@PBD@Z 004a4990 f i CACIC_Utils.obj
 0002:000139b0       ?erase@?$basic_string@DU?$char_traits@D@std@@V?$allocator@D@2@@std@@QAE?AV?$_String_iterator@DU?$char_traits@D@std@@V?$allocator@D@2@@2@V?$_String_const_iterator@DU?$char_traits@D@std@@V?$allocator@D@2@@2@0@Z 004a49b0 f i CACIC_Utils.obj
 0002:00013b40       ?replace@?$basic_string@DU?$char_traits@D@std@@V?$allocator@D@2@@std@@QAEAAV12@IIABV12@@Z 004a4b40 f i CACIC_Utils.obj
 0002:00013b80       ?begin@?$basic_string@DU?$char_traits@D@std@@V?$allocator@D@2@@std@@QAE?AV?$_String_iterator@DU?$char_traits@D@std@@V?$allocator@D@2@@2@XZ 004a4b80 f i CACIC_Utils.obj
 0002:00013bd0       ?end@?$basic_string@DU?$char_traits@D@std@@V?$allocator@D@2@@std@@QAE?AV?$_String_iterator@DU?$char_traits@D@std@@V?$allocator@D@2@@2@XZ 004a4bd0 f i CACIC_Utils.obj
 0002:00013c20       ?at@?$basic_string@DU?$char_traits@D@std@@V?$allocator@D@2@@std@@QAEAADI@Z 004a4c20 f i CACIC_Utils.obj
 0002:00013c60       ?swap@?$basic_string@DU?$char_traits@D@std@@V?$allocator@D@2@@std@@QAEXAAV12@@Z 004a4c60 f i CACIC_Utils.obj
 0002:00013e10       ?_Swap_all@_Container_base_secure@std@@QBEXAAV12@@Z 004a4e10 f i CACIC_Utils.obj
 0002:00013ed0       ?find@?$basic_string@DU?$char_traits@D@std@@V?$allocator@D@2@@std@@QBEIABV12@I@Z 004a4ed0 f i CACIC_Utils.obj
 0002:00013f10       ?find_first_not_of@?$basic_string@DU?$char_traits@D@std@@V?$allocator@D@2@@std@@QBEIPBDI@Z 004a4f10 f i CACIC_Utils.obj
 0002:00013f60       ?find_last_not_of@?$basic_string@DU?$char_traits@D@std@@V?$allocator@D@2@@std@@QBEIPBDI@Z 004a4f60 f i CACIC_Utils.obj
 0002:00013fb0       ?substr@?$basic_string@DU?$char_traits@D@std@@V?$allocator@D@2@@std@@QBE?AV12@II@Z 004a4fb0 f i CACIC_Utils.obj
 0002:00014010       ??6?$basic_ostream@DU?$char_traits@D@std@@@std@@QAEAAV01@G@Z 004a5010 f i CACIC_Utils.obj
 0002:00014210       ??6?$basic_ostream@DU?$char_traits@D@std@@@std@@QAEAAV01@K@Z 004a5210 f i CACIC_Utils.obj
 0002:00014410       ??5?$basic_istream@DU?$char_traits@D@std@@@std@@QAEAAV01@AAH@Z 004a5410 f i CACIC_Utils.obj
 0002:00014630       ??1sentry@?$basic_istream@DU?$char_traits@D@std@@@std@@QAE@XZ 004a5630 f i CACIC_Utils.obj
 0002:00014650       ??0sentry@?$basic_istream@DU?$char_traits@D@std@@@std@@QAE@AAV12@_N@Z 004a5650 f i CACIC_Utils.obj
 0002:000146e0       ??Bsentry@?$basic_istream@DU?$char_traits@D@std@@@std@@QBE_NXZ 004a56e0 f i CACIC_Utils.obj
 0002:00014700       ??1_Sentry_base@?$basic_istream@DU?$char_traits@D@std@@@std@@QAE@XZ 004a5700 f i CACIC_Utils.obj
 0002:00014750       ??0?$basic_string@DU?$char_traits@D@std@@V?$allocator@D@2@@std@@QAE@ABV01@IIABV?$allocator@D@1@@Z 004a5750 f i CACIC_Utils.obj
 0002:00014810       ?append@?$basic_string@DU?$char_traits@D@std@@V?$allocator@D@2@@std@@QAEAAV12@ABV12@@Z 004a5810 f i CACIC_Utils.obj
 0002:00014840       ?append@?$basic_string@DU?$char_traits@D@std@@V?$allocator@D@2@@std@@QAEAAV12@PBD@Z 004a5840 f i CACIC_Utils.obj
 0002:00014890       ?replace@?$basic_string@DU?$char_traits@D@std@@V?$allocator@D@2@@std@@QAEAAV12@IIABV12@II@Z 004a5890 f i CACIC_Utils.obj
 0002:00014ca0       ?find_first_not_of@?$basic_string@DU?$char_traits@D@std@@V?$allocator@D@2@@std@@QBEIPBDII@Z 004a5ca0 f i CACIC_Utils.obj
 0002:00014d60       ?find_last_not_of@?$basic_string@DU?$char_traits@D@std@@V?$allocator@D@2@@std@@QBEIPBDII@Z 004a5d60 f i CACIC_Utils.obj
 0002:00014e40       ?get_allocator@?$basic_string@DU?$char_traits@D@std@@V?$allocator@D@2@@std@@QBE?AV?$allocator@D@2@XZ 004a5e40 f i CACIC_Utils.obj
 0002:00014e70       ?_Pdif@?$basic_string@DU?$char_traits@D@std@@V?$allocator@D@2@@std@@KAIV?$_String_const_iterator@DU?$char_traits@D@std@@V?$allocator@D@2@@2@0@Z 004a5e70 f i CACIC_Utils.obj
 0002:00014f10       ?_Ipfx@?$basic_istream@DU?$char_traits@D@std@@@std@@QAE_N_N@Z 004a5f10 f i CACIC_Utils.obj
 0002:000151b0       ?is@?$ctype@D@std@@QBE_NFD@Z 004a61b0 f i CACIC_Utils.obj
 0002:000151e0       ?sgetc@?$basic_streambuf@DU?$char_traits@D@std@@@std@@QAEHXZ 004a61e0 f i CACIC_Utils.obj
 0002:00015240       ?snextc@?$basic_streambuf@DU?$char_traits@D@std@@@std@@QAEHXZ 004a6240 f i CACIC_Utils.obj
 0002:000152e0       ??0_Sentry_base@?$basic_istream@DU?$char_traits@D@std@@@std@@QAE@AAV12@@Z 004a62e0 f i CACIC_Utils.obj
 0002:00015340       ?sbumpc@?$basic_streambuf@DU?$char_traits@D@std@@@std@@QAEHXZ 004a6340 f i CACIC_Utils.obj
 0002:000153a0       ?_Gnpreinc@?$basic_streambuf@DU?$char_traits@D@std@@@std@@IAEPADXZ 004a63a0 f i CACIC_Utils.obj
 0002:000153f0       ??0?$_String_iterator@DU?$char_traits@D@std@@V?$allocator@D@2@@std@@QAE@PADPBV_Container_base_secure@1@@Z 004a63f0 f i CACIC_Utils.obj
 0002:00015420       ?put@?$num_put@DV?$ostreambuf_iterator@DU?$char_traits@D@std@@@std@@@std@@QBE?AV?$ostreambuf_iterator@DU?$char_traits@D@std@@@2@V32@AAVios_base@2@DK@Z 004a6420 f i CACIC_Utils.obj
 0002:00015470       ?get@?$num_get@DV?$istreambuf_iterator@DU?$char_traits@D@std@@@std@@@std@@QBE?AV?$istreambuf_iterator@DU?$char_traits@D@std@@@2@V32@0AAVios_base@2@AAHAAJ@Z 004a6470 f i CACIC_Utils.obj
 0002:000154c0       ??0?$istreambuf_iterator@DU?$char_traits@D@std@@@std@@QAE@PAV?$basic_streambuf@DU?$char_traits@D@std@@@1@@Z 004a64c0 f i CACIC_Utils.obj
 0002:000154f0       ??0?$_String_const_iterator@DU?$char_traits@D@std@@V?$allocator@D@2@@std@@QAE@PBDPBV_Container_base_secure@1@@Z 004a64f0 f i CACIC_Utils.obj
 0002:00015600       ??G?$_String_const_iterator@DU?$char_traits@D@std@@V?$allocator@D@2@@std@@QBEHABV01@@Z 004a6600 f i CACIC_Utils.obj
 0002:00015630       ??0?$_Ranit_base@DHPBDABDV_Iterator_base@std@@@std@@QAE@XZ 004a6630 f i CACIC_Utils.obj
 0002:00015650       ??0_Iterator_base@std@@QAE@XZ 004a6650 f i CACIC_Utils.obj
 0002:00015680       ?_Compat@?$_String_const_iterator@DU?$char_traits@D@std@@V?$allocator@D@2@@std@@QBEXABV12@@Z 004a6680 f i CACIC_Utils.obj
 0002:00015720       ??$sprintf_s@$07@@YAHAAY07DPBDZZ 004a6720 f i CACIC_Utils.obj
 0002:00015750       ??$?6U?$char_traits@D@std@@@std@@YAAAV?$basic_ostream@DU?$char_traits@D@std@@@0@AAV10@PBD@Z 004a6750 f i CACIC_Utils.obj
 0002:00015ac0       ??$?6U?$char_traits@D@std@@@std@@YAAAV?$basic_ostream@DU?$char_traits@D@std@@@0@AAV10@D@Z 004a6ac0 f i CACIC_Utils.obj
 0002:00015e20       ??$Compare@G@@YAHGG@Z      004a6e20 f i CACIC_Utils.obj
 0002:00015e60       ??$?8DD@std@@YA_NABV?$allocator@D@0@0@Z 004a6e60 f i CACIC_Utils.obj
 0002:00015e70       ??$use_facet@V?$num_get@DV?$istreambuf_iterator@DU?$char_traits@D@std@@@std@@@std@@@std@@YAABV?$num_get@DV?$istreambuf_iterator@DU?$char_traits@D@std@@@std@@@0@ABVlocale@0@@Z 004a6e70 f i CACIC_Utils.obj
 0002:00015fa0       ?sputn@?$basic_streambuf@DU?$char_traits@D@std@@@std@@QAEHPBDH@Z 004a6fa0 f i CACIC_Utils.obj
 0002:00015fd0       ?_Getcat@?$num_get@DV?$istreambuf_iterator@DU?$char_traits@D@std@@@std@@@std@@SAIPAPBVfacet@locale@2@PBV42@@Z 004a6fd0 f i CACIC_Utils.obj
 0002:000161c0       ??0?$num_get@DV?$istreambuf_iterator@DU?$char_traits@D@std@@@std@@@std@@QAE@ABV_Locinfo@1@I@Z 004a71c0 f i CACIC_Utils.obj
 0002:00016250       ?do_get@?$num_get@DV?$istreambuf_iterator@DU?$char_traits@D@std@@@std@@@std@@MBE?AV?$istreambuf_iterator@DU?$char_traits@D@std@@@2@V32@0AAVios_base@2@AAHAA_N@Z 004a7250 f i CACIC_Utils.obj
 0002:000165a0       ?do_get@?$num_get@DV?$istreambuf_iterator@DU?$char_traits@D@std@@@std@@@std@@MBE?AV?$istreambuf_iterator@DU?$char_traits@D@std@@@2@V32@0AAVios_base@2@AAHAAG@Z 004a75a0 f i CACIC_Utils.obj
 0002:00016780       ?do_get@?$num_get@DV?$istreambuf_iterator@DU?$char_traits@D@std@@@std@@@std@@MBE?AV?$istreambuf_iterator@DU?$char_traits@D@std@@@2@V32@0AAVios_base@2@AAHAAI@Z 004a7780 f i CACIC_Utils.obj
 0002:00016950       ?do_get@?$num_get@DV?$istreambuf_iterator@DU?$char_traits@D@std@@@std@@@std@@MBE?AV?$istreambuf_iterator@DU?$char_traits@D@std@@@2@V32@0AAVios_base@2@AAHAAJ@Z 004a7950 f i CACIC_Utils.obj
 0002:00016ad0       ?do_get@?$num_get@DV?$istreambuf_iterator@DU?$char_traits@D@std@@@std@@@std@@MBE?AV?$istreambuf_iterator@DU?$char_traits@D@std@@@2@V32@0AAVios_base@2@AAHAAK@Z 004a7ad0 f i CACIC_Utils.obj
 0002:00016c50       ?do_get@?$num_get@DV?$istreambuf_iterator@DU?$char_traits@D@std@@@std@@@std@@MBE?AV?$istreambuf_iterator@DU?$char_traits@D@std@@@2@V32@0AAVios_base@2@AAHAA_J@Z 004a7c50 f i CACIC_Utils.obj
 0002:00016de0       ?do_get@?$num_get@DV?$istreambuf_iterator@DU?$char_traits@D@std@@@std@@@std@@MBE?AV?$istreambuf_iterator@DU?$char_traits@D@std@@@2@V32@0AAVios_base@2@AAHAA_K@Z 004a7de0 f i CACIC_Utils.obj
 0002:00016f70       ?do_get@?$num_get@DV?$istreambuf_iterator@DU?$char_traits@D@std@@@std@@@std@@MBE?AV?$istreambuf_iterator@DU?$char_traits@D@std@@@2@V32@0AAVios_base@2@AAHAAM@Z 004a7f70 f i CACIC_Utils.obj
 0002:000170f0       ?do_get@?$num_get@DV?$istreambuf_iterator@DU?$char_traits@D@std@@@std@@@std@@MBE?AV?$istreambuf_iterator@DU?$char_traits@D@std@@@2@V32@0AAVios_base@2@AAHAAN@Z 004a80f0 f i CACIC_Utils.obj
 0002:00017270       ?do_get@?$num_get@DV?$istreambuf_iterator@DU?$char_traits@D@std@@@std@@@std@@MBE?AV?$istreambuf_iterator@DU?$char_traits@D@std@@@2@V32@0AAVios_base@2@AAHAAO@Z 004a8270 f i CACIC_Utils.obj
 0002:000173f0       ?do_get@?$num_get@DV?$istreambuf_iterator@DU?$char_traits@D@std@@@std@@@std@@MBE?AV?$istreambuf_iterator@DU?$char_traits@D@std@@@2@V32@0AAVios_base@2@AAHAAPAX@Z 004a83f0 f i CACIC_Utils.obj
 0002:000175c0       ??_E?$num_get@DV?$istreambuf_iterator@DU?$char_traits@D@std@@@std@@@std@@MAEPAXI@Z 004a85c0 f i CACIC_Utils.obj
 0002:000175c0       ??_G?$num_get@DV?$istreambuf_iterator@DU?$char_traits@D@std@@@std@@@std@@MAEPAXI@Z 004a85c0 f i CACIC_Utils.obj
 0002:00017600       ??1?$num_get@DV?$istreambuf_iterator@DU?$char_traits@D@std@@@std@@@std@@MAE@XZ 004a8600 f i CACIC_Utils.obj
 0002:00017630       ??0?$basic_string@DU?$char_traits@D@std@@V?$allocator@D@2@@std@@QAE@ID@Z 004a8630 f i CACIC_Utils.obj
 0002:000176d0       ?_Getifld@?$num_get@DV?$istreambuf_iterator@DU?$char_traits@D@std@@@std@@@std@@ABAHPADAAV?$istreambuf_iterator@DU?$char_traits@D@std@@@2@1HABVlocale@2@@Z 004a86d0 f i CACIC_Utils.obj
 0002:00017ce0       ?_Getffld@?$num_get@DV?$istreambuf_iterator@DU?$char_traits@D@std@@@std@@@std@@ABAHPADAAV?$istreambuf_iterator@DU?$char_traits@D@std@@@2@1ABVlocale@2@@Z 004a8ce0 f i CACIC_Utils.obj
 0002:00018660       ?assign@?$basic_string@DU?$char_traits@D@std@@V?$allocator@D@2@@std@@QAEAAV12@ID@Z 004a9660 f i CACIC_Utils.obj
 0002:000186d0       ??D?$istreambuf_iterator@DU?$char_traits@D@std@@@std@@QBEDXZ 004a96d0 f i CACIC_Utils.obj
 0002:00018730       ??E?$istreambuf_iterator@DU?$char_traits@D@std@@@std@@QAEAAV01@XZ 004a9730 f i CACIC_Utils.obj
 0002:00018780       ?_Inc@?$istreambuf_iterator@DU?$char_traits@D@std@@@std@@AAEXXZ 004a9780 f i CACIC_Utils.obj
 0002:000187f0       ?_Peek@?$istreambuf_iterator@DU?$char_traits@D@std@@@std@@AAEDXZ 004a97f0 f i CACIC_Utils.obj
 0002:00018880       ??$_Debug_range@V?$istreambuf_iterator@DU?$char_traits@D@std@@@std@@@std@@YAXV?$istreambuf_iterator@DU?$char_traits@D@std@@@0@0PB_WI@Z 004a9880 f i CACIC_Utils.obj
 0002:000188d0       ??$_Getloctxt@DV?$istreambuf_iterator@DU?$char_traits@D@std@@@std@@@std@@YAHAAV?$istreambuf_iterator@DU?$char_traits@D@std@@@0@0IPBD@Z 004a98d0 f i CACIC_Utils.obj
 0002:00018ba0       ??$?8DU?$char_traits@D@std@@@std@@YA_NABV?$istreambuf_iterator@DU?$char_traits@D@std@@@0@0@Z 004a9ba0 f i CACIC_Utils.obj
 0002:00018bc0       ??$?9DU?$char_traits@D@std@@@std@@YA_NABV?$istreambuf_iterator@DU?$char_traits@D@std@@@0@0@Z 004a9bc0 f i CACIC_Utils.obj
 0002:00018bf0       ??$_Maklocbyte@D@std@@YADDABU_Cvtvec@@@Z 004a9bf0 f i CACIC_Utils.obj
 0002:00018c00       ?equal@?$istreambuf_iterator@DU?$char_traits@D@std@@@std@@QBE_NABV12@@Z 004a9c00 f i CACIC_Utils.obj
 0002:00018c90       ?_Init@?$num_get@DV?$istreambuf_iterator@DU?$char_traits@D@std@@@std@@@std@@IAEXABV_Locinfo@2@@Z 004a9c90 f i CACIC_Utils.obj
 0002:00018cd0       ??$_Iter_cat@V?$istreambuf_iterator@DU?$char_traits@D@std@@@std@@@std@@YA?AUinput_iterator_tag@0@ABV?$istreambuf_iterator@DU?$char_traits@D@std@@@0@@Z 004a9cd0 f i CACIC_Utils.obj
 0002:00018ce0       ??$_Debug_range2@V?$istreambuf_iterator@DU?$char_traits@D@std@@@std@@@std@@YAXV?$istreambuf_iterator@DU?$char_traits@D@std@@@0@0PB_WIUinput_iterator_tag@0@@Z 004a9ce0 f i CACIC_Utils.obj
 0002:00018cf0       ??0ClientConnection@@QAE@XZ 004a9cf0 f   ClientConnection.obj
 0002:00018e90       ??0ClientConnection@@QAE@PAVVNCviewerApp@@@Z 004a9e90 f   ClientConnection.obj
 0002:00019040       ??0ClientConnection@@QAE@PAVVNCviewerApp@@I@Z 004aa040 f   ClientConnection.obj
 0002:000192a0       ??0ClientConnection@@QAE@PAVVNCviewerApp@@PADH@Z 004aa2a0 f   ClientConnection.obj
 0002:000194d0       ?Init@ClientConnection@@AAEXPAVVNCviewerApp@@@Z 004aa4d0 f   ClientConnection.obj
 0002:00019d90       ?Run@ClientConnection@@QAEXXZ 004aad90 f   ClientConnection.obj
 0002:00019f10       ?DoConnection@ClientConnection@@AAEXXZ 004aaf10 f   ClientConnection.obj
 0002:00019ff0       ?Reconnect@ClientConnection@@AAEXXZ 004aaff0 f   ClientConnection.obj
 0002:0001a0f0       ?GTGBS_ShowConnectWindow@ClientConnection@@AAEPAUHWND__@@XZ 004ab0f0 f   ClientConnection.obj
 0002:0001a140       ?CreateButtons@ClientConnection@@QAEXHH@Z 004ab140 f   ClientConnection.obj
 0002:0001b140       ?RebuildToolbar@ClientConnection@@QAEXPAUHWND__@@@Z 004ac140 f   ClientConnection.obj
 0002:0001b200       ?GTGBS_CreateToolbar@ClientConnection@@AAEXXZ 004ac200 f   ClientConnection.obj
 0002:0001b810       ?CreateDisplay@ClientConnection@@AAEXXZ 004ac810 f   ClientConnection.obj
 0002:0001c040       ?LoadDSMPlugin@ClientConnection@@AAEX_N@Z 004ad040 f   ClientConnection.obj
 0002:0001c180       ?SetDSMPluginStuff@ClientConnection@@AAEXXZ 004ad180 f   ClientConnection.obj
 0002:0001c360       ?HandleQuickOption@ClientConnection@@QAEXXZ 004ad360 f   ClientConnection.obj
 0002:0001c3b0       ?GetConnectDetails@ClientConnection@@AAEXXZ 004ad3b0 f   ClientConnection.obj
 0002:0001c750       ?SocketTimeout@@YGKPAX@Z   004ad750 f   ClientConnection.obj
 0002:0001c7c0       ?Connect@ClientConnection@@AAEXXZ 004ad7c0 f   ClientConnection.obj
 0002:0001cb90       ?ConnectProxy@ClientConnection@@AAEXXZ 004adb90 f   ClientConnection.obj
 0002:0001cef0       ?SetSocketOptions@ClientConnection@@AAEXXZ 004adef0 f   ClientConnection.obj
 0002:0001cfe0       ?NegotiateProtocolVersion@ClientConnection@@AAEXXZ 004adfe0 f   ClientConnection.obj
 0002:0001d460       ?NegotiateProxy@ClientConnection@@AAEXXZ 004ae460 f   ClientConnection.obj
 0002:0001d740       ?Authenticate@ClientConnection@@AAEXXZ 004ae740 f   ClientConnection.obj
 0002:0001e030       ?AuthMsLogon@ClientConnection@@AAEXXZ 004af030 f   ClientConnection.obj
 0002:0001e5d0       ?SendClientInit@ClientConnection@@AAEXXZ 004af5d0 f   ClientConnection.obj
 0002:0001e600       ?ReadServerInit@ClientConnection@@AAEXXZ 004af600 f   ClientConnection.obj
 0002:0001e970       ?SizeWindow@ClientConnection@@AAEXXZ 004af970 f   ClientConnection.obj
 0002:0001f100       ?CreateLocalFramebuffer@ClientConnection@@AAEXXZ 004b0100 f   ClientConnection.obj
 0002:0001f3b0       ?SetupPixelFormat@ClientConnection@@AAEXXZ 004b03b0 f   ClientConnection.obj
 0002:0001f690       ?SetFormatAndEncodings@ClientConnection@@AAEXXZ 004b0690 f   ClientConnection.obj
 0002:0001fd00       ?Createdib@ClientConnection@@AAEXXZ 004b0d00 f   ClientConnection.obj
 0002:00020220       ?KillThread@ClientConnection@@QAEXXZ 004b1220 f   ClientConnection.obj
 0002:00020290       ?SuspendThread@ClientConnection@@QAEXXZ 004b1290 f   ClientConnection.obj
 0002:00020460       ?CloseWindows@ClientConnection@@QAEXXZ 004b1460 f   ClientConnection.obj
 0002:000204d0       ??1ClientConnection@@UAE@XZ 004b14d0 f   ClientConnection.obj
 0002:00020b80       ?ScrollScreen@ClientConnection@@AAE_NHH@Z 004b1b80 f   ClientConnection.obj
 0002:00020d60       ?SendClientCutText@ClientConnection@@AAEXPADH@Z 004b1d60 f   ClientConnection.obj
 0002:00020e50       ?ShowConnInfo@ClientConnection@@AAEXXZ 004b1e50 f   ClientConnection.obj
 0002:00021090       ?run_undetached@ClientConnection@@EAEPAXPAX@Z 004b2090 f   ClientConnection.obj
 0002:00021630       ?SendFullFramebufferUpdateRequest@ClientConnection@@AAEXXZ 004b2630 f   ClientConnection.obj
 0002:000216b0       ?SendAppropriateFramebufferUpdateRequest@ClientConnection@@AAEXXZ 004b26b0 f   ClientConnection.obj
 0002:00021940       ?SendServerScale@ClientConnection@@AAE_NH@Z 004b2940 f   ClientConnection.obj
 0002:00021980       ?SendServerInput@ClientConnection@@AAE_NH@Z 004b2980 f   ClientConnection.obj
 0002:000219c0       ?SendSW@ClientConnection@@AAE_NHH@Z 004b29c0 f   ClientConnection.obj
 0002:00021ab0       ?SetDormant@ClientConnection@@AAEX_N@Z 004b2ab0 f   ClientConnection.obj
 0002:00021b50       ?ReadServerCutText@ClientConnection@@AAEXXZ 004b2b50 f   ClientConnection.obj
 0002:00021c20       ?ReadBell@ClientConnection@@AAEXXZ 004b2c20 f   ClientConnection.obj
 0002:00021cd0       ?ReadServerState@ClientConnection@@AAEXXZ 004b2cd0 f   ClientConnection.obj
 0002:00021e20       ?ReadExact@ClientConnection@@AAEXPADH@Z 004b2e20 f   ClientConnection.obj
 0002:00022100       ?ReadExactProxy@ClientConnection@@AAEXPADH@Z 004b3100 f   ClientConnection.obj
 0002:000221f0       ?ReadString@ClientConnection@@AAEXPADH@Z 004b31f0 f   ClientConnection.obj
 0002:00022240       ?WriteExact@ClientConnection@@AAEXPADHE@Z 004b3240 f   ClientConnection.obj
 0002:000222a0       ?WriteExact@ClientConnection@@AAEXPADH@Z 004b32a0 f   ClientConnection.obj
 0002:00022480       ?WriteExactProxy@ClientConnection@@AAEXPADH@Z 004b3480 f   ClientConnection.obj
 0002:000225e0       ?CheckBufferSize@ClientConnection@@AAEXH@Z 004b35e0 f   ClientConnection.obj
 0002:000226f0       ?CheckZipBufferSize@ClientConnection@@AAEXH@Z 004b36f0 f   ClientConnection.obj
 0002:00022800       ?CheckFileZipBufferSize@ClientConnection@@AAEXH@Z 004b3800 f   ClientConnection.obj
 0002:00022910       ?CheckFileChunkBufferSize@ClientConnection@@AAEXH@Z 004b3910 f   ClientConnection.obj
 0002:00022a20       ?ReadNewFBSize@ClientConnection@@AAEXPAUrfbFramebufferUpdateRectHeader@@@Z 004b3a20 f   ClientConnection.obj
 0002:00022b00       ?GetFriendlySizeString@ClientConnection@@AAEX_JPAD@Z 004b3b00 f   ClientConnection.obj
 0002:00022cc0       ?UpdateStatusFields@ClientConnection@@AAEXXZ 004b3cc0 f   ClientConnection.obj
 0002:00023240       ?GTGBS_ScrollToolbar@ClientConnection@@QAEXHH@Z 004b4240 f   ClientConnection.obj
 0002:00023250       ?GTGBS_CreateDisplay@ClientConnection@@QAEXXZ 004b4250 f   ClientConnection.obj
 0002:000233b0       ?GTGBS_ShowStatusWindow@ClientConnection@@CGJPAX@Z 004b43b0 f   ClientConnection.obj
 0002:00023400       ?GTGBS_StatusProc@ClientConnection@@CGJPAUHWND__@@IIJ@Z 004b4400 f   ClientConnection.obj
 0002:00023830       ?GTGBS_SendCustomKey_proc@ClientConnection@@CGJPAUHWND__@@IIJ@Z 004b4830 f   ClientConnection.obj
 0002:00023a20       ?WndProc@ClientConnection@@CGJPAUHWND__@@IIJ@Z 004b4a20 f   ClientConnection.obj
 0002:00025c00       ?WndProcTBwin@ClientConnection@@CGJPAUHWND__@@IIJ@Z 004b6c00 f   ClientConnection.obj
 0002:00026320       ?WndProchwnd@ClientConnection@@CGJPAUHWND__@@IIJ@Z 004b7320 f   ClientConnection.obj
 0002:00026eb0       ?ConvertAll@ClientConnection@@AAEXHHHHHPAE0H@Z 004b7eb0 f   ClientConnection.obj
 0002:00026f40       ?Check_Rectangle_borders@ClientConnection@@AAE_NHHHH@Z 004b7f40 f   ClientConnection.obj
 0002:0002a870       ?run@omni_thread@@EAEXPAX@Z 004bb870 f i ClientConnection.obj
 0002:0002a880       ??_EClientConnection@@UAEPAXI@Z 004bb880 f i ClientConnection.obj
 0002:0002a880       ??_GClientConnection@@UAEPAXI@Z 004bb880 f i ClientConnection.obj
 0002:0002a8c0       ?GetSafeHwnd@CTitleBar@@QAEPAUHWND__@@XZ 004bb8c0 f i ClientConnection.obj
 0002:0002a8e0       ?Print@Log@@QAAXHPADZZ     004bb8e0 f i ClientConnection.obj
 0002:0002a920       ?SetWindowHandle@AccelKeys@@QAEXPAUHWND__@@@Z 004bb920 f i ClientConnection.obj
 0002:0002a940       ?IsLoaded@CDSMPlugin@@QAE_NXZ 004bb940 f i ClientConnection.obj
 0002:0002a960       ?IsEnabled@CDSMPlugin@@QAE_NXZ 004bb960 f i ClientConnection.obj
 0002:0002a980       ??0WarningException@@QAE@ABV0@@Z 004bb980 f i ClientConnection.obj
 0002:0002a9c0       ??0Exception@@QAE@ABV0@@Z  004bb9c0 f i ClientConnection.obj
 0002:0002aa00       ??_GWarningException@@UAEPAXI@Z 004bba00 f i ClientConnection.obj
 0002:0002aa00       ??_EWarningException@@UAEPAXI@Z 004bba00 f i ClientConnection.obj
 0002:0002aa40       ??_GException@@UAEPAXI@Z   004bba40 f i ClientConnection.obj
 0002:0002aa40       ??_EException@@UAEPAXI@Z   004bba40 f i ClientConnection.obj
 0002:0002aa80       ??0QuietException@@QAE@ABV0@@Z 004bba80 f i ClientConnection.obj
 0002:0002aab0       ??_EQuietException@@UAEPAXI@Z 004bbab0 f i ClientConnection.obj
 0002:0002aab0       ??_GQuietException@@UAEPAXI@Z 004bbab0 f i ClientConnection.obj
 0002:0002aaf0       ?SetDSMMode@FdInStream@rdr@@QAEX_N@Z 004bbaf0 f i ClientConnection.obj
 0002:0002ab10       ??0ErrorException@@QAE@ABV0@@Z 004bbb10 f i ClientConnection.obj
 0002:0002ab40       ??_EErrorException@@UAEPAXI@Z 004bbb40 f i ClientConnection.obj
 0002:0002ab40       ??_GErrorException@@UAEPAXI@Z 004bbb40 f i ClientConnection.obj
 0002:0002ab80       ?GetPluginName@CDSMPlugin@@QAEPADXZ 004bbb80 f i ClientConnection.obj
 0002:0002aba0       ?GetPluginVersion@CDSMPlugin@@QAEPADXZ 004bbba0 f i ClientConnection.obj
 0002:0002abc0       ??0omni_mutex_lock@@QAE@AAVomni_mutex@@@Z 004bbbc0 f i ClientConnection.obj
 0002:0002abf0       ??1omni_mutex_lock@@QAE@XZ 004bbbf0 f i ClientConnection.obj
 0002:0002ac10       ?FillSolidRect@ClientConnection@@AAEXPAUtagRECT@@K@Z 004bbc10 f i ClientConnection.obj
 0002:0002ac70       ??0ObjectSelector@@QAE@PAUHDC__@@PAX@Z 004bbc70 f i ClientConnection.obj
 0002:0002acb0       ??1ObjectSelector@@QAE@XZ  004bbcb0 f i ClientConnection.obj
 0002:0002ace0       ??0PaletteSelector@@QAE@PAUHDC__@@PAUHPALETTE__@@@Z 004bbce0 f i ClientConnection.obj
 0002:0002ad50       ??1PaletteSelector@@QAE@XZ 004bbd50 f i ClientConnection.obj
 0002:0002ada0       ??0TempDC@@QAE@PAUHWND__@@@Z 004bbda0 f i ClientConnection.obj
 0002:0002ade0       ??1TempDC@@QAE@XZ          004bbde0 f i ClientConnection.obj
 0002:0002ae10       ??BTempDC@@QAEPAUHDC__@@XZ 004bbe10 f i ClientConnection.obj
 0002:0002ae30       ??_GKeyMap@@QAEPAXI@Z      004bbe30 f i ClientConnection.obj
 0002:0002ae70       ??1KeyMap@@QAE@XZ          004bbe70 f i ClientConnection.obj
 0002:0002b160       ??1?$map@_WKU?$less@_W@std@@V?$allocator@U?$pair@$$CB_WK@std@@@2@@std@@QAE@XZ 004bc160 f i ClientConnection.obj
 0002:0002b180       ??1?$map@K_WU?$less@K@std@@V?$allocator@U?$pair@$$CBK_W@std@@@2@@std@@QAE@XZ 004bc180 f i ClientConnection.obj
 0002:0002b1a0       ?UpdateScrollbars@ClientConnection@@AAEXXZ 004bc1a0 f i ClientConnection.obj
 0002:0002b2b0       ?readU8@InStream@rdr@@QAEEXZ 004bc2b0 f i ClientConnection.obj
 0002:0002b300       ?check@InStream@rdr@@QAEHHH@Z 004bc300 f i ClientConnection.obj
 0002:0002b380       ?SendFramebufferUpdateRequest@ClientConnection@@AAEXHHHH_N@Z 004bc380 f i ClientConnection.obj
 0002:0002b4d0       ?SendIncrementalFramebufferUpdateRequest@ClientConnection@@AAEXXZ 004bc4d0 f i ClientConnection.obj
 0002:0002b570       ?ReadScreenUpdate@ClientConnection@@AAEXXZ 004bc570 f i ClientConnection.obj
 0002:0002c610       ?GetReadFromMemoryBuffer@FdInStream@rdr@@QAE_NXZ 004bd610 f i ClientConnection.obj
 0002:0002c630       ?CheckNetRectBufferSize@ClientConnection@@AAEXH@Z 004bd630 f i ClientConnection.obj
 0002:0002c740       ?CheckZRLENetRectBufferSize@ClientConnection@@AAEXH@Z 004bd740 f i ClientConnection.obj
 0002:0002c850       ?GetBytesRead@FdInStream@rdr@@QAE_JXZ 004bd850 f i ClientConnection.obj
 0002:0002c870       ?ProcessMouseWheel@ClientConnection@@AAEXH@Z 004bd870 f i ClientConnection.obj
 0002:0002c930       ?SendPointerEvent@ClientConnection@@AAEXHHH@Z 004bd930 f i ClientConnection.obj
 0002:0002ca90       ?ProcessKeyEvent@ClientConnection@@AAEXHK@Z 004bda90 f i ClientConnection.obj
 0002:0002ce40       ?SendKeyEvent@ClientConnection@@QAEXK_N@Z 004bde40 f i ClientConnection.obj
 0002:0002cf40       ?ProcessPointerEvent@ClientConnection@@AAEXHHKI@Z 004bdf40 f i ClientConnection.obj
 0002:0002d2d0       ?SubProcessPointerEvent@ClientConnection@@AAEXHHK@Z 004be2d0 f i ClientConnection.obj
 0002:0002d510       ?DoBlit@ClientConnection@@AAEXXZ 004be510 f i ClientConnection.obj
 0002:0002dab0       ??1?$_Tree@V?$_Tmap_traits@_WKU?$less@_W@std@@V?$allocator@U?$pair@$$CB_WK@std@@@2@$0A@@std@@@std@@QAE@XZ 004beab0 f i ClientConnection.obj
 0002:0002db20       ??1?$_Tree@V?$_Tmap_traits@K_WU?$less@K@std@@V?$allocator@U?$pair@$$CBK_W@std@@@2@$0A@@std@@@std@@QAE@XZ 004beb20 f i ClientConnection.obj
 0002:0002db90       ??1?$_Tree_val@V?$_Tmap_traits@_WKU?$less@_W@std@@V?$allocator@U?$pair@$$CB_WK@std@@@2@$0A@@std@@@std@@QAE@XZ 004beb90 f i ClientConnection.obj
 0002:0002dbb0       ??1?$_Tree_val@V?$_Tmap_traits@K_WU?$less@K@std@@V?$allocator@U?$pair@$$CBK_W@std@@@2@$0A@@std@@@std@@QAE@XZ 004bebb0 f i ClientConnection.obj
 0002:0002dbd0       ??1?$_Tree_ptr@V?$_Tmap_traits@_WKU?$less@_W@std@@V?$allocator@U?$pair@$$CB_WK@std@@@2@$0A@@std@@@std@@QAE@XZ 004bebd0 f i ClientConnection.obj
 0002:0002dbf0       ??1?$_Tree_ptr@V?$_Tmap_traits@K_WU?$less@K@std@@V?$allocator@U?$pair@$$CBK_W@std@@@2@$0A@@std@@@std@@QAE@XZ 004bebf0 f i ClientConnection.obj
 0002:0002dc10       ??1?$_Tree_nod@V?$_Tmap_traits@_WKU?$less@_W@std@@V?$allocator@U?$pair@$$CB_WK@std@@@2@$0A@@std@@@std@@QAE@XZ 004bec10 f i ClientConnection.obj
 0002:0002dc30       ??1?$_Tree_nod@V?$_Tmap_traits@K_WU?$less@K@std@@V?$allocator@U?$pair@$$CBK_W@std@@@2@$0A@@std@@@std@@QAE@XZ 004bec30 f i ClientConnection.obj
 0002:0002dc50       ??1?$_Tmap_traits@_WKU?$less@_W@std@@V?$allocator@U?$pair@$$CB_WK@std@@@2@$0A@@std@@QAE@XZ 004bec50 f i ClientConnection.obj
 0002:0002dc70       ??1?$_Tmap_traits@K_WU?$less@K@std@@V?$allocator@U?$pair@$$CBK_W@std@@@2@$0A@@std@@QAE@XZ 004bec70 f i ClientConnection.obj
 0002:0002dc90       ?_Tidy@?$_Tree@V?$_Tmap_traits@_WKU?$less@_W@std@@V?$allocator@U?$pair@$$CB_WK@std@@@2@$0A@@std@@@std@@IAEXXZ 004bec90 f i ClientConnection.obj
 0002:0002de30       ??1?$_Container_base_aux_alloc_empty@V?$allocator@U?$pair@$$CB_WK@std@@@std@@@std@@IAE@XZ 004bee30 f i ClientConnection.obj
 0002:0002de50       ?_Tidy@?$_Tree@V?$_Tmap_traits@K_WU?$less@K@std@@V?$allocator@U?$pair@$$CBK_W@std@@@2@$0A@@std@@@std@@IAEXXZ 004bee50 f i ClientConnection.obj
 0002:0002dff0       ??1?$_Container_base_aux_alloc_empty@V?$allocator@U?$pair@$$CBK_W@std@@@std@@@std@@IAE@XZ 004beff0 f i ClientConnection.obj
 0002:0002e010       ??1iterator@?$_Tree@V?$_Tmap_traits@_WKU?$less@_W@std@@V?$allocator@U?$pair@$$CB_WK@std@@@2@$0A@@std@@@std@@QAE@XZ 004bf010 f i ClientConnection.obj
 0002:0002e030       ??0const_iterator@?$_Tree@V?$_Tmap_traits@_WKU?$less@_W@std@@V?$allocator@U?$pair@$$CB_WK@std@@@2@$0A@@std@@@std@@QAE@ABV012@@Z 004bf030 f i ClientConnection.obj
 0002:0002e070       ??1const_iterator@?$_Tree@V?$_Tmap_traits@_WKU?$less@_W@std@@V?$allocator@U?$pair@$$CB_WK@std@@@2@$0A@@std@@@std@@QAE@XZ 004bf070 f i ClientConnection.obj
 0002:0002e090       ??1iterator@?$_Tree@V?$_Tmap_traits@K_WU?$less@K@std@@V?$allocator@U?$pair@$$CBK_W@std@@@2@$0A@@std@@@std@@QAE@XZ 004bf090 f i ClientConnection.obj
 0002:0002e0b0       ??0const_iterator@?$_Tree@V?$_Tmap_traits@K_WU?$less@K@std@@V?$allocator@U?$pair@$$CBK_W@std@@@2@$0A@@std@@@std@@QAE@ABV012@@Z 004bf0b0 f i ClientConnection.obj
 0002:0002e0f0       ??1const_iterator@?$_Tree@V?$_Tmap_traits@K_WU?$less@K@std@@V?$allocator@U?$pair@$$CBK_W@std@@@2@$0A@@std@@@std@@QAE@XZ 004bf0f0 f i ClientConnection.obj
 0002:0002e110       ??0?$_Bidit@U?$pair@$$CB_WK@std@@HPBU12@ABU12@@std@@QAE@ABU01@@Z 004bf110 f i ClientConnection.obj
 0002:0002e140       ??1?$_Bidit@U?$pair@$$CB_WK@std@@HPBU12@ABU12@@std@@QAE@XZ 004bf140 f i ClientConnection.obj
 0002:0002e160       ??0?$_Bidit@U?$pair@$$CBK_W@std@@HPBU12@ABU12@@std@@QAE@ABU01@@Z 004bf160 f i ClientConnection.obj
 0002:0002e190       ??1?$_Bidit@U?$pair@$$CBK_W@std@@HPBU12@ABU12@@std@@QAE@XZ 004bf190 f i ClientConnection.obj
 0002:0002e1b0       ??0?$_Iterator_with_base@Ubidirectional_iterator_tag@std@@U?$pair@$$CB_WK@2@HPBU32@ABU32@V_Iterator_base@2@@std@@QAE@ABU01@@Z 004bf1b0 f i ClientConnection.obj
 0002:0002e1e0       ??1?$_Iterator_with_base@Ubidirectional_iterator_tag@std@@U?$pair@$$CB_WK@2@HPBU32@ABU32@V_Iterator_base@2@@std@@QAE@XZ 004bf1e0 f i ClientConnection.obj
 0002:0002e200       ??0?$_Iterator_with_base@Ubidirectional_iterator_tag@std@@U?$pair@$$CBK_W@2@HPBU32@ABU32@V_Iterator_base@2@@std@@QAE@ABU01@@Z 004bf200 f i ClientConnection.obj
 0002:0002e230       ??1?$_Iterator_with_base@Ubidirectional_iterator_tag@std@@U?$pair@$$CBK_W@2@HPBU32@ABU32@V_Iterator_base@2@@std@@QAE@XZ 004bf230 f i ClientConnection.obj
 0002:0002e250       ?_Left@?$_Tree@V?$_Tmap_traits@_WKU?$less@_W@std@@V?$allocator@U?$pair@$$CB_WK@std@@@2@$0A@@std@@@std@@KAAAPAU_Node@?$_Tree_nod@V?$_Tmap_traits@_WKU?$less@_W@std@@V?$allocator@U?$pair@$$CB_WK@std@@@2@$0A@@std@@@2@PAU342@@Z 004bf250 f i ClientConnection.obj
 0002:0002e260       ?_Parent@?$_Tree@V?$_Tmap_traits@_WKU?$less@_W@std@@V?$allocator@U?$pair@$$CB_WK@std@@@2@$0A@@std@@@std@@KAAAPAU_Node@?$_Tree_nod@V?$_Tmap_traits@_WKU?$less@_W@std@@V?$allocator@U?$pair@$$CB_WK@std@@@2@$0A@@std@@@2@PAU342@@Z 004bf260 f i ClientConnection.obj
 0002:0002e270       ?_Right@?$_Tree@V?$_Tmap_traits@_WKU?$less@_W@std@@V?$allocator@U?$pair@$$CB_WK@std@@@2@$0A@@std@@@std@@KAAAPAU_Node@?$_Tree_nod@V?$_Tmap_traits@_WKU?$less@_W@std@@V?$allocator@U?$pair@$$CB_WK@std@@@2@$0A@@std@@@2@PAU342@@Z 004bf270 f i ClientConnection.obj
 0002:0002e280       ?begin@?$_Tree@V?$_Tmap_traits@_WKU?$less@_W@std@@V?$allocator@U?$pair@$$CB_WK@std@@@2@$0A@@std@@@std@@QAE?AViterator@12@XZ 004bf280 f i ClientConnection.obj
 0002:0002e2d0       ?end@?$_Tree@V?$_Tmap_traits@_WKU?$less@_W@std@@V?$allocator@U?$pair@$$CB_WK@std@@@2@$0A@@std@@@std@@QAE?AViterator@12@XZ 004bf2d0 f i ClientConnection.obj
 0002:0002e320       ?erase@?$_Tree@V?$_Tmap_traits@_WKU?$less@_W@std@@V?$allocator@U?$pair@$$CB_WK@std@@@2@$0A@@std@@@std@@QAE?AViterator@12@Vconst_iterator@12@0@Z 004bf320 f i ClientConnection.obj
 0002:0002e590       ?deallocate@?$allocator@U_Node@?$_Tree_nod@V?$_Tmap_traits@_WKU?$less@_W@std@@V?$allocator@U?$pair@$$CB_WK@std@@@2@$0A@@std@@@std@@@std@@QAEXPAU_Node@?$_Tree_nod@V?$_Tmap_traits@_WKU?$less@_W@std@@V?$allocator@U?$pair@$$CB_WK@std@@@2@$0A@@std@@@2@I@Z 004bf590 f i ClientConnection.obj
 0002:0002e5b0       ?destroy@?$allocator@PAU_Node@?$_Tree_nod@V?$_Tmap_traits@_WKU?$less@_W@std@@V?$allocator@U?$pair@$$CB_WK@std@@@2@$0A@@std@@@std@@@std@@QAEXPAPAU_Node@?$_Tree_nod@V?$_Tmap_traits@_WKU?$less@_W@std@@V?$allocator@U?$pair@$$CB_WK@std@@@2@$0A@@std@@@2@@Z 004bf5b0 f i ClientConnection.obj
 0002:0002e5d0       ?_Left@?$_Tree@V?$_Tmap_traits@K_WU?$less@K@std@@V?$allocator@U?$pair@$$CBK_W@std@@@2@$0A@@std@@@std@@KAAAPAU_Node@?$_Tree_nod@V?$_Tmap_traits@K_WU?$less@K@std@@V?$allocator@U?$pair@$$CBK_W@std@@@2@$0A@@std@@@2@PAU342@@Z 004bf5d0 f i ClientConnection.obj
 0002:0002e5e0       ?_Parent@?$_Tree@V?$_Tmap_traits@K_WU?$less@K@std@@V?$allocator@U?$pair@$$CBK_W@std@@@2@$0A@@std@@@std@@KAAAPAU_Node@?$_Tree_nod@V?$_Tmap_traits@K_WU?$less@K@std@@V?$allocator@U?$pair@$$CBK_W@std@@@2@$0A@@std@@@2@PAU342@@Z 004bf5e0 f i ClientConnection.obj
 0002:0002e5f0       ?_Right@?$_Tree@V?$_Tmap_traits@K_WU?$less@K@std@@V?$allocator@U?$pair@$$CBK_W@std@@@2@$0A@@std@@@std@@KAAAPAU_Node@?$_Tree_nod@V?$_Tmap_traits@K_WU?$less@K@std@@V?$allocator@U?$pair@$$CBK_W@std@@@2@$0A@@std@@@2@PAU342@@Z 004bf5f0 f i ClientConnection.obj
 0002:0002e600       ?begin@?$_Tree@V?$_Tmap_traits@K_WU?$less@K@std@@V?$allocator@U?$pair@$$CBK_W@std@@@2@$0A@@std@@@std@@QAE?AViterator@12@XZ 004bf600 f i ClientConnection.obj
 0002:0002e650       ?end@?$_Tree@V?$_Tmap_traits@K_WU?$less@K@std@@V?$allocator@U?$pair@$$CBK_W@std@@@2@$0A@@std@@@std@@QAE?AViterator@12@XZ 004bf650 f i ClientConnection.obj
 0002:0002e6a0       ?erase@?$_Tree@V?$_Tmap_traits@K_WU?$less@K@std@@V?$allocator@U?$pair@$$CBK_W@std@@@2@$0A@@std@@@std@@QAE?AViterator@12@Vconst_iterator@12@0@Z 004bf6a0 f i ClientConnection.obj
 0002:0002e910       ?deallocate@?$allocator@U_Node@?$_Tree_nod@V?$_Tmap_traits@K_WU?$less@K@std@@V?$allocator@U?$pair@$$CBK_W@std@@@2@$0A@@std@@@std@@@std@@QAEXPAU_Node@?$_Tree_nod@V?$_Tmap_traits@K_WU?$less@K@std@@V?$allocator@U?$pair@$$CBK_W@std@@@2@$0A@@std@@@2@I@Z 004bf910 f i ClientConnection.obj
 0002:0002e930       ?destroy@?$allocator@PAU_Node@?$_Tree_nod@V?$_Tmap_traits@K_WU?$less@K@std@@V?$allocator@U?$pair@$$CBK_W@std@@@2@$0A@@std@@@std@@@std@@QAEXPAPAU_Node@?$_Tree_nod@V?$_Tmap_traits@K_WU?$less@K@std@@V?$allocator@U?$pair@$$CBK_W@std@@@2@$0A@@std@@@2@@Z 004bf930 f i ClientConnection.obj
 0002:0002e950       ?_Make_iter@?$_Tree@V?$_Tmap_traits@_WKU?$less@_W@std@@V?$allocator@U?$pair@$$CB_WK@std@@@2@$0A@@std@@@std@@QBE?AViterator@12@Vconst_iterator@12@@Z 004bf950 f i ClientConnection.obj
 0002:0002ea10       ?erase@?$_Tree@V?$_Tmap_traits@_WKU?$less@_W@std@@V?$allocator@U?$pair@$$CB_WK@std@@@2@$0A@@std@@@std@@QAE?AViterator@12@Vconst_iterator@12@@Z 004bfa10 f i ClientConnection.obj
 0002:0002f410       ?clear@?$_Tree@V?$_Tmap_traits@_WKU?$less@_W@std@@V?$allocator@U?$pair@$$CB_WK@std@@@2@$0A@@std@@@std@@QAEXXZ 004c0410 f i ClientConnection.obj
 0002:0002f490       ?_Lmost@?$_Tree@V?$_Tmap_traits@_WKU?$less@_W@std@@V?$allocator@U?$pair@$$CB_WK@std@@@2@$0A@@std@@@std@@IBEAAPAU_Node@?$_Tree_nod@V?$_Tmap_traits@_WKU?$less@_W@std@@V?$allocator@U?$pair@$$CB_WK@std@@@2@$0A@@std@@@2@XZ 004c0490 f i ClientConnection.obj
 0002:0002f4b0       ?_Make_iter@?$_Tree@V?$_Tmap_traits@K_WU?$less@K@std@@V?$allocator@U?$pair@$$CBK_W@std@@@2@$0A@@std@@@std@@QBE?AViterator@12@Vconst_iterator@12@@Z 004c04b0 f i ClientConnection.obj
 0002:0002f570       ?erase@?$_Tree@V?$_Tmap_traits@K_WU?$less@K@std@@V?$allocator@U?$pair@$$CBK_W@std@@@2@$0A@@std@@@std@@QAE?AViterator@12@Vconst_iterator@12@@Z 004c0570 f i ClientConnection.obj
 0002:0002ff70       ?clear@?$_Tree@V?$_Tmap_traits@K_WU?$less@K@std@@V?$allocator@U?$pair@$$CBK_W@std@@@2@$0A@@std@@@std@@QAEXXZ 004c0f70 f i ClientConnection.obj
 0002:0002fff0       ?_Lmost@?$_Tree@V?$_Tmap_traits@K_WU?$less@K@std@@V?$allocator@U?$pair@$$CBK_W@std@@@2@$0A@@std@@@std@@IBEAAPAU_Node@?$_Tree_nod@V?$_Tmap_traits@K_WU?$less@K@std@@V?$allocator@U?$pair@$$CBK_W@std@@@2@$0A@@std@@@2@XZ 004c0ff0 f i ClientConnection.obj
 0002:00030010       ??0iterator@?$_Tree@V?$_Tmap_traits@_WKU?$less@_W@std@@V?$allocator@U?$pair@$$CB_WK@std@@@2@$0A@@std@@@std@@QAE@PAU_Node@?$_Tree_nod@V?$_Tmap_traits@_WKU?$less@_W@std@@V?$allocator@U?$pair@$$CB_WK@std@@@2@$0A@@std@@@2@PBV12@@Z 004c1010 f i ClientConnection.obj
 0002:00030040       ??Econst_iterator@?$_Tree@V?$_Tmap_traits@_WKU?$less@_W@std@@V?$allocator@U?$pair@$$CB_WK@std@@@2@$0A@@std@@@std@@QAE?AV012@H@Z 004c1040 f i ClientConnection.obj
 0002:000300e0       ??8const_iterator@?$_Tree@V?$_Tmap_traits@_WKU?$less@_W@std@@V?$allocator@U?$pair@$$CB_WK@std@@@2@$0A@@std@@@std@@QBE_NABV012@@Z 004c10e0 f i ClientConnection.obj
 0002:00030190       ??9const_iterator@?$_Tree@V?$_Tmap_traits@_WKU?$less@_W@std@@V?$allocator@U?$pair@$$CB_WK@std@@@2@$0A@@std@@@std@@QBE_NABV012@@Z 004c1190 f i ClientConnection.obj
 0002:000301c0       ??0iterator@?$_Tree@V?$_Tmap_traits@K_WU?$less@K@std@@V?$allocator@U?$pair@$$CBK_W@std@@@2@$0A@@std@@@std@@QAE@PAU_Node@?$_Tree_nod@V?$_Tmap_traits@K_WU?$less@K@std@@V?$allocator@U?$pair@$$CBK_W@std@@@2@$0A@@std@@@2@PBV12@@Z 004c11c0 f i ClientConnection.obj
 0002:000301f0       ??Econst_iterator@?$_Tree@V?$_Tmap_traits@K_WU?$less@K@std@@V?$allocator@U?$pair@$$CBK_W@std@@@2@$0A@@std@@@std@@QAE?AV012@H@Z 004c11f0 f i ClientConnection.obj
 0002:00030290       ??8const_iterator@?$_Tree@V?$_Tmap_traits@K_WU?$less@K@std@@V?$allocator@U?$pair@$$CBK_W@std@@@2@$0A@@std@@@std@@QBE_NABV012@@Z 004c1290 f i ClientConnection.obj
 0002:00030340       ??9const_iterator@?$_Tree@V?$_Tmap_traits@K_WU?$less@K@std@@V?$allocator@U?$pair@$$CBK_W@std@@@2@$0A@@std@@@std@@QBE_NABV012@@Z 004c1340 f i ClientConnection.obj
 0002:00030370       ??0iterator@?$_Tree@V?$_Tmap_traits@_WKU?$less@_W@std@@V?$allocator@U?$pair@$$CB_WK@std@@@2@$0A@@std@@@std@@QAE@ABV012@@Z 004c1370 f i ClientConnection.obj
 0002:000303a0       ??0iterator@?$_Tree@V?$_Tmap_traits@K_WU?$less@K@std@@V?$allocator@U?$pair@$$CBK_W@std@@@2@$0A@@std@@@std@@QAE@ABV012@@Z 004c13a0 f i ClientConnection.obj
 0002:000303d0       ?_Color@?$_Tree@V?$_Tmap_traits@_WKU?$less@_W@std@@V?$allocator@U?$pair@$$CB_WK@std@@@2@$0A@@std@@@std@@KAAADPAU_Node@?$_Tree_nod@V?$_Tmap_traits@_WKU?$less@_W@std@@V?$allocator@U?$pair@$$CB_WK@std@@@2@$0A@@std@@@2@@Z 004c13d0 f i ClientConnection.obj
 0002:000303e0       ?_Isnil@?$_Tree@V?$_Tmap_traits@_WKU?$less@_W@std@@V?$allocator@U?$pair@$$CB_WK@std@@@2@$0A@@std@@@std@@KAAADPAU_Node@?$_Tree_nod@V?$_Tmap_traits@_WKU?$less@_W@std@@V?$allocator@U?$pair@$$CB_WK@std@@@2@$0A@@std@@@2@@Z 004c13e0 f i ClientConnection.obj
 0002:000303f0       ?_Erase@?$_Tree@V?$_Tmap_traits@_WKU?$less@_W@std@@V?$allocator@U?$pair@$$CB_WK@std@@@2@$0A@@std@@@std@@IAEXPAU_Node@?$_Tree_nod@V?$_Tmap_traits@_WKU?$less@_W@std@@V?$allocator@U?$pair@$$CB_WK@std@@@2@$0A@@std@@@2@@Z 004c13f0 f i ClientConnection.obj
[...]
 0005:00000cb8       __imp__GetFullPathNameA@16 005f8cb8     kernel32:KERNEL32.dll
 0005:00000cbc       __imp__GetFileAttributesA@4 005f8cbc     kernel32:KERNEL32.dll
 0005:00000cc0       __imp__SetStdHandle@8      005f8cc0     kernel32:KERNEL32.dll
 0005:00000cc4       __imp__GetTimeZoneInformation@4 005f8cc4     kernel32:KERNEL32.dll
 0005:00000cc8       __imp__GetLocalTime@4      005f8cc8     kernel32:KERNEL32.dll
 0005:00000ccc       __imp__GetSystemTimeAsFileTime@4 005f8ccc     kernel32:KERNEL32.dll
 0005:00000cd0       __imp__GetFileType@4       005f8cd0     kernel32:KERNEL32.dll
 0005:00000cd4       __imp__WriteConsoleW@20    005f8cd4     kernel32:KERNEL32.dll
 0005:00000cd8       __imp__GetModuleFileNameW@12 005f8cd8     kernel32:KERNEL32.dll
 0005:00000cdc       __imp__IsDebuggerPresent@0 005f8cdc     kernel32:KERNEL32.dll
 0005:00000ce0       __imp__SetUnhandledExceptionFilter@4 005f8ce0     kernel32:KERNEL32.dll
 0005:00000ce4       __imp__UnhandledExceptionFilter@4 005f8ce4     kernel32:KERNEL32.dll
 0005:00000ce8       __imp__TerminateProcess@8  005f8ce8     kernel32:KERNEL32.dll
 0005:00000cec       __imp__RaiseException@16   005f8cec     kernel32:KERNEL32.dll
 0005:00000cf0       __imp__RtlUnwind@16        005f8cf0     kernel32:KERNEL32.dll
 0005:00000cf4       __imp__InterlockedCompareExchange@12 005f8cf4     kernel32:KERNEL32.dll
 0005:00000cf8       __imp__MultiByteToWideChar@24 005f8cf8     kernel32:KERNEL32.dll
 0005:00000cfc       __imp__InterlockedExchange@8 005f8cfc     kernel32:KERNEL32.dll
 0005:00000d00       __imp__InterlockedDecrement@4 005f8d00     kernel32:KERNEL32.dll
 0005:00000d04       __imp__InterlockedIncrement@4 005f8d04     kernel32:KERNEL32.dll
 0005:00000d08       __imp__QueryPerformanceCounter@4 005f8d08     kernel32:KERNEL32.dll
 0005:00000d0c       __imp__QueryPerformanceFrequency@4 005f8d0c     kernel32:KERNEL32.dll
 0005:00000d10       __imp__FileTimeToLocalFileTime@8 005f8d10     kernel32:KERNEL32.dll
 0005:00000d14       __imp__FileTimeToSystemTime@8 005f8d14     kernel32:KERNEL32.dll
 0005:00000d18       __imp__GetTickCount@0      005f8d18     kernel32:KERNEL32.dll
 0005:00000d1c       __imp__SetErrorMode@4      005f8d1c     kernel32:KERNEL32.dll
 0005:00000d20       __imp__LoadLibraryA@4      005f8d20     kernel32:KERNEL32.dll
 0005:00000d24       __imp__GetProcAddress@8    005f8d24     kernel32:KERNEL32.dll
 0005:00000d28       __imp__FreeLibrary@4       005f8d28     kernel32:KERNEL32.dll
 0005:00000d2c       __imp__DeleteFileA@4       005f8d2c     kernel32:KERNEL32.dll
 0005:00000d30       __imp__GetModuleFileNameA@12 005f8d30     kernel32:KERNEL32.dll
 0005:00000d34       __imp__FindFirstFileA@8    005f8d34     kernel32:KERNEL32.dll
 0005:00000d38       __imp__FindNextFileA@8     005f8d38     kernel32:KERNEL32.dll
 0005:00000d3c       __imp__FindClose@4         005f8d3c     kernel32:KERNEL32.dll
 0005:00000d40       __imp__WideCharToMultiByte@32 005f8d40     kernel32:KERNEL32.dll
 0005:00000d44       __imp__GetPrivateProfileStringA@24 005f8d44     kernel32:KERNEL32.dll
 0005:00000d48       __imp__GetPrivateProfileIntA@16 005f8d48     kernel32:KERNEL32.dll
 0005:00000d4c       __imp__WritePrivateProfileStringA@16 005f8d4c     kernel32:KERNEL32.dll
 0005:00000d50       __imp__GlobalAlloc@8       005f8d50     kernel32:KERNEL32.dll
 0005:00000d54       __imp__GlobalLock@4        005f8d54     kernel32:KERNEL32.dll
 0005:00000d58       __imp__GlobalUnlock@4      005f8d58     kernel32:KERNEL32.dll
 0005:00000d5c       __imp__GetLastError@0      005f8d5c     kernel32:KERNEL32.dll
 0005:00000d60       __imp__FormatMessageA@28   005f8d60     kernel32:KERNEL32.dll
 0005:00000d64       __imp__LocalFree@4         005f8d64     kernel32:KERNEL32.dll
 0005:00000d68       __imp__Beep@8              005f8d68     kernel32:KERNEL32.dll
 0005:00000d6c       __imp__CloseHandle@4       005f8d6c     kernel32:KERNEL32.dll
 0005:00000d70       __imp__WaitForSingleObject@8 005f8d70     kernel32:KERNEL32.dll
 0005:00000d74       __imp__SetEvent@4          005f8d74     kernel32:KERNEL32.dll
 0005:00000d78       __imp__CreateThread@24     005f8d78     kernel32:KERNEL32.dll
 0005:00000d7c       __imp__ResumeThread@4      005f8d7c     kernel32:KERNEL32.dll
 0005:00000d80       __imp__Sleep@4             005f8d80     kernel32:KERNEL32.dll
 0005:00000d84       __imp__CreateEventA@16     005f8d84     kernel32:KERNEL32.dll
 0005:00000d88       __imp__GetVersionExA@4     005f8d88     kernel32:KERNEL32.dll
 0005:00000d8c       __imp__GetModuleHandleA@4  005f8d8c     kernel32:KERNEL32.dll
 0005:00000d90       __imp__VirtualQuery@12     005f8d90     kernel32:KERNEL32.dll
 0005:00000d94       __imp__HeapDestroy@4       005f8d94     kernel32:KERNEL32.dll
 0005:00000d98       __imp__HeapCreate@12       005f8d98     kernel32:KERNEL32.dll
 0005:00000d9c       __imp__HeapFree@12         005f8d9c     kernel32:KERNEL32.dll
 0005:00000da0       __imp__VirtualFree@12      005f8da0     kernel32:KERNEL32.dll
 0005:00000da4       __imp__HeapAlloc@12        005f8da4     kernel32:KERNEL32.dll
 0005:00000da8       __imp__HeapSize@12         005f8da8     kernel32:KERNEL32.dll
 0005:00000dac       __imp__HeapReAlloc@16      005f8dac     kernel32:KERNEL32.dll
 0005:00000db0       __imp__VirtualAlloc@16     005f8db0     kernel32:KERNEL32.dll
 0005:00000db4       __imp__GetTimeFormatA@24   005f8db4     kernel32:KERNEL32.dll
 0005:00000db8       __imp__GetDateFormatA@24   005f8db8     kernel32:KERNEL32.dll
 0005:00000dbc       __imp__GetStringTypeA@20   005f8dbc     kernel32:KERNEL32.dll
 0005:00000dc0       __imp__GetStringTypeW@16   005f8dc0     kernel32:KERNEL32.dll
 0005:00000dc4       __imp__GetLocaleInfoA@16   005f8dc4     kernel32:KERNEL32.dll
 0005:00000dc8       __imp__IsValidLocale@8     005f8dc8     kernel32:KERNEL32.dll
 0005:00000dcc       __imp__EnumSystemLocalesA@8 005f8dcc     kernel32:KERNEL32.dll
 0005:00000dd0       __imp__GetUserDefaultLCID@0 005f8dd0     kernel32:KERNEL32.dll
 0005:00000dd4       __imp__GetLocaleInfoW@16   005f8dd4     kernel32:KERNEL32.dll
 0005:00000dd8       __imp__CompareStringA@24   005f8dd8     kernel32:KERNEL32.dll
 0005:00000ddc       __imp__CompareStringW@24   005f8ddc     kernel32:KERNEL32.dll
 0005:00000de0       __imp__SetEnvironmentVariableA@8 005f8de0     kernel32:KERNEL32.dll
 0005:00000de4       __imp__GetConsoleOutputCP@0 005f8de4     kernel32:KERNEL32.dll
 0005:00000de8       __imp__GetCurrentDirectoryA@8 005f8de8     kernel32:KERNEL32.dll
 0005:00000dec       __imp__SetCurrentDirectoryA@4 005f8dec     kernel32:KERNEL32.dll
 0005:00000df0       __imp__GetProcessHeap@0    005f8df0     kernel32:KERNEL32.dll
 0005:00000df4       __imp__FreeEnvironmentStringsA@4 005f8df4     kernel32:KERNEL32.dll
 0005:00000df8       \177KERNEL32_NULL_THUNK_DATA 005f8df8     kernel32:KERNEL32.dll
 0005:00000e98       __imp__SHGetPathFromIDListA@8 005f8e98     shell32:SHELL32.dll
 0005:00000e9c       __imp__SHFileOperationA@4  005f8e9c     shell32:SHELL32.dll
 0005:00000ea0       __imp__Shell_NotifyIconA@8 005f8ea0     shell32:SHELL32.dll
 0005:00000ea4       __imp__SHGetSpecialFolderLocation@12 005f8ea4     shell32:SHELL32.dll
 0005:00000ea8       \177SHELL32_NULL_THUNK_DATA 005f8ea8     shell32:SHELL32.dll
 0005:00000ed4       __imp__SetWindowsHookExA@16 005f8ed4     user32:USER32.dll
 0005:00000ed8       __imp__GetWindowThreadProcessId@8 005f8ed8     user32:USER32.dll
 0005:00000edc       __imp__UnhookWindowsHookEx@4 005f8edc     user32:USER32.dll
 0005:00000ee0       __imp__CallNextHookEx@16   005f8ee0     user32:USER32.dll
 0005:00000ee4       __imp__GetScrollInfo@12    005f8ee4     user32:USER32.dll
 0005:00000ee8       __imp__CallWindowProcA@20  005f8ee8     user32:USER32.dll
 0005:00000eec       __imp__ReleaseCapture@0    005f8eec     user32:USER32.dll
 0005:00000ef0       __imp__ScreenToClient@8    005f8ef0     user32:USER32.dll
 0005:00000ef4       __imp__SetCaretBlinkTime@4 005f8ef4     user32:USER32.dll
 0005:00000ef8       __imp__GetCaretBlinkTime@0 005f8ef8     user32:USER32.dll
 0005:00000efc       __imp__SetCapture@4        005f8efc     user32:USER32.dll
 0005:00000f00       __imp__IsDlgButtonChecked@8 005f8f00     user32:USER32.dll
 0005:00000f04       __imp__GetMessageA@16      005f8f04     user32:USER32.dll
 0005:00000f08       __imp__LoadKeyboardLayoutA@8 005f8f08     user32:USER32.dll
 0005:00000f0c       __imp__GetKeyboardState@4  005f8f0c     user32:USER32.dll
 0005:00000f10       __imp__FillRect@12         005f8f10     user32:USER32.dll
 0005:00000f14       __imp__LoadBitmapA@8       005f8f14     user32:USER32.dll
 0005:00000f18       __imp__GetMenuStringA@20   005f8f18     user32:USER32.dll
 0005:00000f1c       __imp__ModifyMenuA@20      005f8f1c     user32:USER32.dll
 0005:00000f20       __imp__PtInRect@12         005f8f20     user32:USER32.dll
 0005:00000f24       __imp__GetDesktopWindow@0  005f8f24     user32:USER32.dll
 0005:00000f28       __imp__SetWindowRgn@12     005f8f28     user32:USER32.dll
 0005:00000f2c       __imp__WindowFromDC@4      005f8f2c     user32:USER32.dll
 0005:00000f30       __imp__MapWindowPoints@16  005f8f30     user32:USER32.dll
 0005:00000f34       __imp__IntersectRect@12    005f8f34     user32:USER32.dll
 0005:00000f38       __imp__GetSystemMetrics@4  005f8f38     user32:USER32.dll
 0005:00000f3c       __imp__FindWindowA@8       005f8f3c     user32:USER32.dll
 0005:00000f40       __imp__OpenDesktopA@16     005f8f40     user32:USER32.dll
 0005:00000f44       __imp__EnumDesktopWindows@12 005f8f44     user32:USER32.dll
 0005:00000f48       __imp__CloseDesktop@4      005f8f48     user32:USER32.dll
 0005:00000f4c       __imp__GetClassNameA@12    005f8f4c     user32:USER32.dll
 0005:00000f50       __imp__DestroyIcon@4       005f8f50     user32:USER32.dll
 0005:00000f54       __imp__GetKeyState@4       005f8f54     user32:USER32.dll
 0005:00000f58       __imp__GetWindowTextA@12   005f8f58     user32:USER32.dll
 0005:00000f5c       __imp__GetMenuItemCount@4  005f8f5c     user32:USER32.dll
 0005:00000f60       __imp__RemoveMenu@12       005f8f60     user32:USER32.dll
 0005:00000f64       __imp__GetParent@4         005f8f64     user32:USER32.dll
 0005:00000f68       __imp__SendDlgItemMessageA@20 005f8f68     user32:USER32.dll
 0005:00000f6c       __imp__PeekMessageA@20     005f8f6c     user32:USER32.dll
 0005:00000f70       __imp__DispatchMessageA@4  005f8f70     user32:USER32.dll
 0005:00000f74       __imp__DestroyMenu@4       005f8f74     user32:USER32.dll
 0005:00000f78       __imp__GetSubMenu@8        005f8f78     user32:USER32.dll
 0005:00000f7c       __imp__GetMenuItemID@8     005f8f7c     user32:USER32.dll
 0005:00000f80       __imp__SetMenuDefaultItem@12 005f8f80     user32:USER32.dll
 0005:00000f84       __imp__TrackPopupMenu@28   005f8f84     user32:USER32.dll
 0005:00000f88       __imp__LoadStringA@16      005f8f88     user32:USER32.dll
 0005:00000f8c       __imp__RegisterClassExA@4  005f8f8c     user32:USER32.dll
 0005:00000f90       __imp__LoadMenuA@8         005f8f90     user32:USER32.dll
 0005:00000f94       __imp__GetCursorPos@4      005f8f94     user32:USER32.dll
 0005:00000f98       __imp__SetCursorPos@8      005f8f98     user32:USER32.dll
 0005:00000f9c       __imp__RedrawWindow@16     005f8f9c     user32:USER32.dll
 0005:00000fa0       __imp__EmptyClipboard@0    005f8fa0     user32:USER32.dll
 0005:00000fa4       __imp__SetClipboardData@8  005f8fa4     user32:USER32.dll
 0005:00000fa8       __imp__GetClipboardOwner@0 005f8fa8     user32:USER32.dll
 0005:00000fac       __imp__OpenClipboard@4     005f8fac     user32:USER32.dll
 0005:00000fb0       __imp__GetClipboardData@4  005f8fb0     user32:USER32.dll
 0005:00000fb4       __imp__CloseClipboard@0    005f8fb4     user32:USER32.dll
 0005:00000fb8       __imp__RegisterWindowMessageA@4 005f8fb8     user32:USER32.dll
 0005:00000fbc       __imp__BeginPaint@8        005f8fbc     user32:USER32.dll
 0005:00000fc0       __imp__EndPaint@8          005f8fc0     user32:USER32.dll
 0005:00000fc4       __imp__GetFocus@0          005f8fc4     user32:USER32.dll
 0005:00000fc8       __imp__GetForegroundWindow@0 005f8fc8     user32:USER32.dll
 0005:00000fcc       __imp__GetWindow@8         005f8fcc     user32:USER32.dll
 0005:00000fd0       __imp__SetCursor@4         005f8fd0     user32:USER32.dll
 0005:00000fd4       __imp__IsWindow@4          005f8fd4     user32:USER32.dll
 0005:00000fd8       __imp__GetKeyNameTextA@12  005f8fd8     user32:USER32.dll
 0005:00000fdc       __imp__DefWindowProcA@16   005f8fdc     user32:USER32.dll
 0005:00000fe0       __imp__ToAscii@20          005f8fe0     user32:USER32.dll
 0005:00000fe4       __imp__keybd_event@16      005f8fe4     user32:USER32.dll
 0005:00000fe8       __imp__VkKeyScanW@4        005f8fe8     user32:USER32.dll
 0005:00000fec       __imp__EnableWindow@8      005f8fec     user32:USER32.dll
 0005:00000ff0       __imp__ToUnicode@24        005f8ff0     user32:USER32.dll
 0005:00000ff4       __imp__PostQuitMessage@4   005f8ff4     user32:USER32.dll
 0005:00000ff8       __imp__ChangeClipboardChain@8 005f8ff8     user32:USER32.dll
 0005:00000ffc       __imp__ShowScrollBar@12    005f8ffc     user32:USER32.dll
 0005:00001000       __imp__SetFocus@4          005f9000     user32:USER32.dll
 0005:00001004       __imp__LoadImageA@24       005f9004     user32:USER32.dll
 0005:00001008       __imp__IsRectEmpty@4       005f9008     user32:USER32.dll
 0005:0000100c       __imp__GetDlgItemInt@16    005f900c     user32:USER32.dll
 0005:00001010       __imp__SetTimer@16         005f9010     user32:USER32.dll
 0005:00001014       __imp__EnableMenuItem@12   005f9014     user32:USER32.dll
 0005:00001018       __imp__KillTimer@8         005f9018     user32:USER32.dll
 0005:0000101c       __imp__wsprintfA           005f901c     user32:USER32.dll
 0005:00001020       __imp__IsIconic@4          005f9020     user32:USER32.dll
 0005:00001024       __imp__InvalidateRgn@12    005f9024     user32:USER32.dll
 0005:00001028       __imp__GetKeyboardLayoutNameA@4 005f9028     user32:USER32.dll
 0005:0000102c       __imp__SetScrollInfo@16    005f902c     user32:USER32.dll
 0005:00001030       __imp__ScrollWindowEx@32   005f9030     user32:USER32.dll
 0005:00001034       __imp__DrawTextA@20        005f9034     user32:USER32.dll
 0005:00001038       __imp__InvalidateRect@12   005f9038     user32:USER32.dll
 0005:0000103c       __imp__SystemParametersInfoA@16 005f903c     user32:USER32.dll
 0005:00001040       __imp__SetRect@20          005f9040     user32:USER32.dll
 0005:00001044       __imp__AdjustWindowRectEx@16 005f9044     user32:USER32.dll
 0005:00001048       __imp__MoveWindow@24       005f9048     user32:USER32.dll
 0005:0000104c       __imp__SetWindowTextA@8    005f904c     user32:USER32.dll
 0005:00001050       __imp__UpdateWindow@4      005f9050     user32:USER32.dll
 0005:00001054       __imp__SetDlgItemInt@16    005f9054     user32:USER32.dll
 0005:00001058       __imp__GetSystemMenu@8     005f9058     user32:USER32.dll
 0005:0000105c       __imp__AppendMenuA@16      005f905c     user32:USER32.dll
 0005:00001060       __imp__DrawMenuBar@4       005f9060     user32:USER32.dll
 0005:00001064       __imp__CheckMenuItem@12    005f9064     user32:USER32.dll
 0005:00001068       __imp__SetClipboardViewer@4 005f9068     user32:USER32.dll
 0005:0000106c       __imp__LoadIconA@8         005f906c     user32:USER32.dll
 0005:00001070       __imp__LoadCursorA@8       005f9070     user32:USER32.dll
 0005:00001074       __imp__RegisterClassA@4    005f9074     user32:USER32.dll
 0005:00001078       __imp__GetDC@4             005f9078     user32:USER32.dll
 0005:0000107c       __imp__ReleaseDC@8         005f907c     user32:USER32.dll
 0005:00001080       __imp__GetWindowRect@8     005f9080     user32:USER32.dll
 0005:00001084       __imp__DestroyWindow@4     005f9084     user32:USER32.dll
 0005:00001088       __imp__GetClientRect@8     005f9088     user32:USER32.dll
 0005:0000108c       __imp__CreateWindowExA@48  005f908c     user32:USER32.dll
 0005:00001090       __imp__SetWindowPos@28     005f9090     user32:USER32.dll
 0005:00001094       __imp__ShowWindow@8        005f9094     user32:USER32.dll
 0005:00001098       __imp__PostMessageA@16     005f9098     user32:USER32.dll
 0005:0000109c       __imp__GetWindowLongA@8    005f909c     user32:USER32.dll
 0005:000010a0       __imp__SetWindowLongA@12   005f90a0     user32:USER32.dll
 0005:000010a4       __imp__GetDlgItem@8        005f90a4     user32:USER32.dll
 0005:000010a8       __imp__SendMessageA@16     005f90a8     user32:USER32.dll
 0005:000010ac       __imp__GetWindowTextLengthA@4 005f90ac     user32:USER32.dll
 0005:000010b0       __imp__MessageBoxA@16      005f90b0     user32:USER32.dll
 0005:000010b4       __imp__GetDlgItemTextA@16  005f90b4     user32:USER32.dll
 0005:000010b8       __imp__DestroyAcceleratorTable@4 005f90b8     user32:USER32.dll
 0005:000010bc       __imp__TranslateAcceleratorA@12 005f90bc     user32:USER32.dll
 0005:000010c0       __imp__CreateAcceleratorTableA@8 005f90c0     user32:USER32.dll
 0005:000010c4       __imp__SetForegroundWindow@4 005f90c4     user32:USER32.dll
 0005:000010c8       __imp__SetDlgItemTextA@12  005f90c8     user32:USER32.dll
 0005:000010cc       __imp__EndDialog@8         005f90cc     user32:USER32.dll
 0005:000010d0       __imp__DialogBoxParamA@20  005f90d0     user32:USER32.dll
 0005:000010d4       __imp__TranslateMessage@4  005f90d4     user32:USER32.dll
 0005:000010d8       \177USER32_NULL_THUNK_DATA 005f90d8     user32:USER32.dll
 0005:00001168       __imp__PlaySoundA@12       005f9168     winmm:WINMM.dll
 0005:0000116c       __imp__timeSetEvent@20     005f916c     winmm:WINMM.dll
 0005:00001170       __imp__timeKillEvent@4     005f9170     winmm:WINMM.dll
 0005:00001174       __imp__timeGetTime@0       005f9174     winmm:WINMM.dll
 0005:00001178       \177WINMM_NULL_THUNK_DATA  005f9178     winmm:WINMM.dll
 0005:000011a4       __imp__ioctlsocket@12      005f91a4     wsock32:WSOCK32.dll
 0005:000011a8       __imp__recv@16             005f91a8     wsock32:WSOCK32.dll
 0005:000011ac       __imp__bind@12             005f91ac     wsock32:WSOCK32.dll
 0005:000011b0       __imp__listen@8            005f91b0     wsock32:WSOCK32.dll
 0005:000011b4       __imp__WSAAsyncSelect@16   005f91b4     wsock32:WSOCK32.dll
 0005:000011b8       __imp__send@16             005f91b8     wsock32:WSOCK32.dll
 0005:000011bc       __imp__shutdown@8          005f91bc     wsock32:WSOCK32.dll
 0005:000011c0       __imp__accept@12           005f91c0     wsock32:WSOCK32.dll
 0005:000011c4       __imp__socket@12           005f91c4     wsock32:WSOCK32.dll
 0005:000011c8       __imp__inet_addr@4         005f91c8     wsock32:WSOCK32.dll
 0005:000011cc       __imp__gethostbyname@4     005f91cc     wsock32:WSOCK32.dll
 0005:000011d0       __imp__htons@4             005f91d0     wsock32:WSOCK32.dll
 0005:000011d4       __imp__connect@12          005f91d4     wsock32:WSOCK32.dll
 0005:000011d8       __imp__closesocket@4       005f91d8     wsock32:WSOCK32.dll
 0005:000011dc       __imp__getpeername@12      005f91dc     wsock32:WSOCK32.dll
 0005:000011e0       __imp__WSACleanup@0        005f91e0     wsock32:WSOCK32.dll
 0005:000011e4       __imp__WSAStartup@8        005f91e4     wsock32:WSOCK32.dll
 0005:000011e8       __imp__WSAGetLastError@0   005f91e8     wsock32:WSOCK32.dll
 0005:000011ec       __imp__setsockopt@20       005f91ec     wsock32:WSOCK32.dll
 0005:000011f0       __imp__select@20           005f91f0     wsock32:WSOCK32.dll
 0005:000011f4       \177WSOCK32_NULL_THUNK_DATA 005f91f4     wsock32:WSOCK32.dll

 entry point at        0002:000015d6

