 srcaciccli

 Timestamp is 4c095210 (Fri Jun 04 16:20:48 2010)

 Preferred load address is 00400000

 Start         Length     Name                   Class
 0001:00000000 0008d52aH .textbss                DATA
 0002:00000000 0011c1a1H .text                   CODE
 0002:0011c1b0 000069b0H .text$x                 CODE
 0002:00122b60 00001822H .text$yc                CODE
 0002:00124390 0000118dH .text$yd                CODE
 0003:00000000 00000104H .CRT$XCA                DATA
 0003:00000104 0000010eH .CRT$XCC                DATA
 0003:00000214 0000020cH .CRT$XCU                DATA
 0003:00000420 00000104H .CRT$XCZ                DATA
 0003:00000524 00000104H .CRT$XIA                DATA
 0003:00000628 00000118H .CRT$XIC                DATA
 0003:00000740 00000104H .CRT$XID                DATA
 0003:00000844 00000104H .CRT$XIY                DATA
 0003:00000948 00000104H .CRT$XIZ                DATA
 0003:00000a4c 00000104H .CRT$XPA                DATA
 0003:00000b50 00000109H .CRT$XPX                DATA
 0003:00000c5c 00000104H .CRT$XPXA               DATA
 0003:00000d60 00000104H .CRT$XPZ                DATA
 0003:00000e64 00000104H .CRT$XTA                DATA
 0003:00000f68 00000104H .CRT$XTZ                DATA
 0003:00001070 0002729bH .rdata                  DATA
 0003:0002830c 00000166H .rdata$debug            DATA
 0003:00028474 000017c9H .rdata$r                DATA
 0003:00029c40 00000104H .rtc$IAA                DATA
 0003:00029d44 000001b1H .rtc$IMZ                DATA
 0003:00029ef8 00000104H .rtc$IZZ                DATA
 0003:00029ffc 00000104H .rtc$TAA                DATA
 0003:0002a100 000001b1H .rtc$TMZ                DATA
 0003:0002a2b4 00000104H .rtc$TZZ                DATA
 0003:0002a3b8 00006877H .xdata$x                DATA
 0003:00030c2f 00000000H .edata                  DATA
 0004:00000000 000033e6H .data                   DATA
 0004:00003400 00007704H .bss                    DATA
 0005:00000000 000000dcH .idata$2                DATA
 0005:000000dc 00000014H .idata$3                DATA
 0005:000000f0 000008a0H .idata$4                DATA
 0005:00000990 000008a0H .idata$5                DATA
 0005:00001230 00001b2fH .idata$6                DATA
 0006:00000000 00001450H .rsrc$01                DATA
 0006:00001450 0002e76cH .rsrc$02                DATA

  Address         Publics by Value              Rva+Base       Lib:Object

 0000:00000000       ___safe_se_handler_count   00000000     <absolute>
 0000:00000000       __except_list              00000000     <absolute>
 0000:00000000       ___safe_se_handler_table   00000000     <absolute>
 0000:00000000       ___ImageBase               00400000     <linker-defined>
 0001:00000000       __enc$textbss$begin        00401000     <linker-defined>
 0001:0008d52a       __enc$textbss$end          0048e52a     <linker-defined>
 0002:000076d0       ?DoGetBkGndBitmap@@YAPAUHBITMAP__@@I@Z 004966d0 f   AboutBox.obj
 0002:00007730       ?DoSDKEraseBkGnd@@YAHQAUHDC__@@K@Z 00496730 f   AboutBox.obj
 0002:00007880       ?ShowAboutBox@@YAXXZ       00496880 f   AboutBox.obj
 0002:000079e0       ??0AccelKeys@@QAE@XZ       004969e0 f   AccelKeys.obj
 0002:00007c60       ?TranslateAccelKeys@AccelKeys@@QAE_NPAUtagMSG@@@Z 00496c60 f   AccelKeys.obj
 0002:00007ca0       ??1AccelKeys@@UAE@XZ       00496ca0 f   AccelKeys.obj
 0002:00007d80       ??_GAccelKeys@@UAEPAXI@Z   00496d80 f i AccelKeys.obj
 0002:00007d80       ??_EAccelKeys@@UAEPAXI@Z   00496d80 f i AccelKeys.obj
 0002:00007dc0       ??0AuthDialog@@QAE@XZ      00496dc0 f   AuthDialog.obj
 0002:00007e30       ??1AuthDialog@@UAE@XZ      00496e30 f   AuthDialog.obj
 0002:00007e50       ?DoDialog@AuthDialog@@QAEHXZ 00496e50 f   AuthDialog.obj
 0002:00007e80       ?DlgProc@AuthDialog@@SGHPAUHWND__@@IIJ@Z 00496e80 f   AuthDialog.obj
 0002:00008450       ??_EAuthDialog@@UAEPAXI@Z  00497450 f i AuthDialog.obj
 0002:00008450       ??_GAuthDialog@@UAEPAXI@Z  00497450 f i AuthDialog.obj
 0002:00008490       ??_D?$basic_stringstream@DU?$char_traits@D@std@@V?$allocator@D@2@@std@@QAEXXZ 00497490 f i AuthDialog.obj
 0002:000084c0       ??1?$basic_string@DU?$char_traits@D@std@@V?$allocator@D@2@@std@@QAE@XZ 004974c0 f i AuthDialog.obj
 0002:00008530       ?data@?$basic_string@DU?$char_traits@D@std@@V?$allocator@D@2@@std@@QBEPBDXZ 00497530 f i AuthDialog.obj
 0002:00008550       ?c_str@?$basic_string@DU?$char_traits@D@std@@V?$allocator@D@2@@std@@QBEPBDXZ 00497550 f i AuthDialog.obj
 0002:00008570       ?allocate@?$_DebugHeapAllocator@D@std@@QAAPADIPBX@Z 00497570 f i AuthDialog.obj
 0002:000085f0       ??0bad_alloc@std@@QAE@PBD@Z 004975f0 f i AuthDialog.obj
 0002:00008620       ??1bad_alloc@std@@UAE@XZ   00497620 f i AuthDialog.obj
 0002:00008650       ??_Ebad_alloc@std@@UAEPAXI@Z 00497650 f i AuthDialog.obj
 0002:00008650       ??_Gbad_alloc@std@@UAEPAXI@Z 00497650 f i AuthDialog.obj
 0002:00008690       ?allocate@?$_DebugHeapAllocator@D@std@@QAEPADI@Z 00497690 f i AuthDialog.obj
 0002:00008710       ?deallocate@?$_DebugHeapAllocator@D@std@@QAEXPADI@Z 00497710 f i AuthDialog.obj
 0002:00008730       ??6?$basic_ostream@DU?$char_traits@D@std@@@std@@QAEAAV01@H@Z 00497730 f i AuthDialog.obj
 0002:00008980       ??1locale@std@@QAE@XZ      00497980 f i AuthDialog.obj
 0002:000089b0       ?_Decref@facet@locale@std@@QAEPAV123@XZ 004979b0 f i AuthDialog.obj
 0002:00008a20       ?flags@ios_base@std@@QBEHXZ 00497a20 f i AuthDialog.obj
 0002:00008a40       ?getloc@ios_base@std@@QBE?AVlocale@2@XZ 00497a40 f i AuthDialog.obj
 0002:00008a80       ??0locale@std@@QAE@ABV01@@Z 00497a80 f i AuthDialog.obj
 0002:00008ab0       ?_Incref@facet@locale@std@@QAEXXZ 00497ab0 f i AuthDialog.obj
 0002:00008b00       ??1?$basic_ios@DU?$char_traits@D@std@@@std@@UAE@XZ 00497b00 f i AuthDialog.obj
 0002:00008b30       ??1ios_base@std@@UAE@XZ    00497b30 f i AuthDialog.obj
 0002:00008b60       ??_Eios_base@std@@UAEPAXI@Z 00497b60 f i AuthDialog.obj
 0002:00008b60       ??_Gios_base@std@@UAEPAXI@Z 00497b60 f i AuthDialog.obj
 0002:00008ba0       ?setstate@?$basic_ios@DU?$char_traits@D@std@@@std@@QAEXH_N@Z 00497ba0 f i AuthDialog.obj
 0002:00008be0       ?rdstate@ios_base@std@@QBEHXZ 00497be0 f i AuthDialog.obj
 0002:00008c00       ?rdbuf@?$basic_ios@DU?$char_traits@D@std@@@std@@QBEPAV?$basic_streambuf@DU?$char_traits@D@std@@@2@XZ 00497c00 f i AuthDialog.obj
 0002:00008c20       ??0?$basic_stringstream@DU?$char_traits@D@std@@V?$allocator@D@2@@std@@QAE@H@Z 00497c20 f i AuthDialog.obj
 0002:00008d10       ??1?$basic_stringstream@DU?$char_traits@D@std@@V?$allocator@D@2@@std@@UAE@XZ 00497d10 f i AuthDialog.obj
 0002:00008da0       ?str@?$basic_stringstream@DU?$char_traits@D@std@@V?$allocator@D@2@@std@@QBE?AV?$basic_string@DU?$char_traits@D@std@@V?$allocator@D@2@@2@XZ 00497da0 f i AuthDialog.obj
 0002:00008de0       ??1?$basic_iostream@DU?$char_traits@D@std@@@std@@UAE@XZ 00497de0 f i AuthDialog.obj
 0002:00008e70       ??1?$basic_ostream@DU?$char_traits@D@std@@@std@@UAE@XZ 00497e70 f i AuthDialog.obj
 0002:00008ea0       ??1?$basic_istream@DU?$char_traits@D@std@@@std@@UAE@XZ 00497ea0 f i AuthDialog.obj
 0002:00008ed0       ??1?$basic_stringbuf@DU?$char_traits@D@std@@V?$allocator@D@2@@std@@UAE@XZ 00497ed0 f i AuthDialog.obj
 0002:00008f50       ??1?$basic_streambuf@DU?$char_traits@D@std@@@std@@UAE@XZ 00497f50 f i AuthDialog.obj
 0002:00008fd0       ?overflow@?$basic_streambuf@DU?$char_traits@D@std@@@std@@MAEHH@Z 00497fd0 f i AuthDialog.obj
 0002:00008ff0       ?eof@?$char_traits@D@std@@SAHXZ 00497ff0 f i AuthDialog.obj
 0002:00009000       ?pbackfail@?$basic_streambuf@DU?$char_traits@D@std@@@std@@MAEHH@Z 00498000 f i AuthDialog.obj
 0002:00009020       ?showmanyc@?$basic_streambuf@DU?$char_traits@D@std@@@std@@MAEHXZ 00498020 f i AuthDialog.obj
 0002:00009030       ?underflow@?$basic_streambuf@DU?$char_traits@D@std@@@std@@MAEHXZ 00498030 f i AuthDialog.obj
 0002:00009050       ?uflow@?$basic_streambuf@DU?$char_traits@D@std@@@std@@MAEHXZ 00498050 f i AuthDialog.obj
 0002:000090d0       ?to_int_type@?$char_traits@D@std@@SAHABD@Z 004980d0 f i AuthDialog.obj
 0002:000090e0       ?eq_int_type@?$char_traits@D@std@@SA_NABH0@Z 004980e0 f i AuthDialog.obj
 0002:00009100       ?xsgetn@?$basic_streambuf@DU?$char_traits@D@std@@@std@@MAEHPADH@Z 00498100 f i AuthDialog.obj
 0002:00009130       ?_Xsgetn_s@?$basic_streambuf@DU?$char_traits@D@std@@@std@@MAEHPADIH@Z 00498130 f i AuthDialog.obj
 0002:00009260       ?to_char_type@?$char_traits@D@std@@SADABH@Z 00498260 f i AuthDialog.obj
 0002:00009270       ?xsputn@?$basic_streambuf@DU?$char_traits@D@std@@@std@@MAEHPBDH@Z 00498270 f i AuthDialog.obj
 0002:000093a0       ?seekoff@?$basic_streambuf@DU?$char_traits@D@std@@@std@@MAE?AV?$fpos@H@2@JHH@Z 004983a0 f i AuthDialog.obj
 0002:000093d0       ?seekpos@?$basic_streambuf@DU?$char_traits@D@std@@@std@@MAE?AV?$fpos@H@2@V32@H@Z 004983d0 f i AuthDialog.obj
 0002:00009400       ?setbuf@?$basic_streambuf@DU?$char_traits@D@std@@@std@@MAEPAV12@PADH@Z 00498400 f i AuthDialog.obj
 0002:00009420       ?sync@?$basic_streambuf@DU?$char_traits@D@std@@@std@@MAEHXZ 00498420 f i AuthDialog.obj
 0002:00009430       ?imbue@?$basic_streambuf@DU?$char_traits@D@std@@@std@@MAEXABVlocale@2@@Z 00498430 f i AuthDialog.obj
 0002:00009440       ?overflow@?$basic_stringbuf@DU?$char_traits@D@std@@V?$allocator@D@2@@std@@MAEHH@Z 00498440 f i AuthDialog.obj
 0002:000097e0       ?not_eof@?$char_traits@D@std@@SAHABH@Z 004987e0 f i AuthDialog.obj
 0002:00009820       ?pbackfail@?$basic_stringbuf@DU?$char_traits@D@std@@V?$allocator@D@2@@std@@MAEHH@Z 00498820 f i AuthDialog.obj
 0002:00009940       ?eq@?$char_traits@D@std@@SA_NABD0@Z 00498940 f i AuthDialog.obj
 0002:00009960       ?underflow@?$basic_stringbuf@DU?$char_traits@D@std@@V?$allocator@D@2@@std@@MAEHXZ 00498960 f i AuthDialog.obj
 0002:00009a90       ?seekoff@?$basic_stringbuf@DU?$char_traits@D@std@@V?$allocator@D@2@@std@@MAE?AV?$fpos@H@2@JHH@Z 00498a90 f i AuthDialog.obj
 0002:00009d10       ?seekpos@?$basic_stringbuf@DU?$char_traits@D@std@@V?$allocator@D@2@@std@@MAE?AV?$fpos@H@2@V32@H@Z 00498d10 f i AuthDialog.obj
 0002:00009ed0       ??1?$_String_val@DV?$allocator@D@std@@@std@@QAE@XZ 00498ed0 f i AuthDialog.obj
 0002:00009ef0       ??0bad_alloc@std@@QAE@ABV01@@Z 00498ef0 f i AuthDialog.obj
 0002:00009f20       ??0?$_DebugHeapAllocator@D@std@@QAE@XZ 00498f20 f i AuthDialog.obj
 0002:00009f40       ??_E?$basic_ostream@DU?$char_traits@D@std@@@std@@UAEPAXI@Z 00498f40 f i AuthDialog.obj
 0002:00009f40       ??_G?$basic_ostream@DU?$char_traits@D@std@@@std@@UAEPAXI@Z 00498f40 f i AuthDialog.obj
 0002:00009f90       ??_E?$basic_ios@DU?$char_traits@D@std@@@std@@UAEPAXI@Z 00498f90 f i AuthDialog.obj
 0002:00009f90       ??_G?$basic_ios@DU?$char_traits@D@std@@@std@@UAEPAXI@Z 00498f90 f i AuthDialog.obj
 0002:00009fd0       ??_G?$basic_istream@DU?$char_traits@D@std@@@std@@UAEPAXI@Z 00498fd0 f i AuthDialog.obj
 0002:00009fd0       ??_E?$basic_istream@DU?$char_traits@D@std@@@std@@UAEPAXI@Z 00498fd0 f i AuthDialog.obj
 0002:0000a020       ??_E?$basic_streambuf@DU?$char_traits@D@std@@@std@@UAEPAXI@Z 00499020 f i AuthDialog.obj
 0002:0000a020       ??_G?$basic_streambuf@DU?$char_traits@D@std@@@std@@UAEPAXI@Z 00499020 f i AuthDialog.obj
 0002:0000a060       ??_G?$basic_stringstream@DU?$char_traits@D@std@@V?$allocator@D@2@@std@@UAEPAXI@Z 00499060 f i AuthDialog.obj
 0002:0000a060       ??_E?$basic_stringstream@DU?$char_traits@D@std@@V?$allocator@D@2@@std@@UAEPAXI@Z 00499060 f i AuthDialog.obj
 0002:0000a0b0       ??_E?$basic_iostream@DU?$char_traits@D@std@@@std@@UAEPAXI@Z 004990b0 f i AuthDialog.obj
 0002:0000a0b0       ??_G?$basic_iostream@DU?$char_traits@D@std@@@std@@UAEPAXI@Z 004990b0 f i AuthDialog.obj
 0002:0000a100       ??_E?$basic_stringbuf@DU?$char_traits@D@std@@V?$allocator@D@2@@std@@UAEPAXI@Z 00499100 f i AuthDialog.obj
 0002:0000a100       ??_G?$basic_stringbuf@DU?$char_traits@D@std@@V?$allocator@D@2@@std@@UAEPAXI@Z 00499100 f i AuthDialog.obj
 0002:0000a140       ??1_String_base@std@@QAE@XZ 00499140 f i AuthDialog.obj
 0002:0000a160       ??1_Container_base_secure@std@@QAE@XZ 00499160 f i AuthDialog.obj
 0002:0000a180       ?_Orphan_all@_Container_base_secure@std@@QBEXXZ 00499180 f i AuthDialog.obj
 0002:0000a1f0       ??_D?$basic_ostream@DU?$char_traits@D@std@@@std@@QAEXXZ 004991f0 f i AuthDialog.obj
 0002:0000a220       ??_D?$basic_istream@DU?$char_traits@D@std@@@std@@QAEXXZ 00499220 f i AuthDialog.obj
 0002:0000a250       ??_D?$basic_iostream@DU?$char_traits@D@std@@@std@@QAEXXZ 00499250 f i AuthDialog.obj
 0002:0000a280       ?_Tidy@?$basic_string@DU?$char_traits@D@std@@V?$allocator@D@2@@std@@IAEX_NI@Z 00499280 f i AuthDialog.obj
 0002:0000a320       ?_Myptr@?$basic_string@DU?$char_traits@D@std@@V?$allocator@D@2@@std@@IBEPBDXZ 00499320 f i AuthDialog.obj
 0002:0000a360       ??0?$allocator@D@std@@QAE@XZ 00499360 f i AuthDialog.obj
 0002:0000a380       ?deallocate@?$allocator@D@std@@QAEXPADI@Z 00499380 f i AuthDialog.obj
 0002:0000a3a0       ?allocate@?$allocator@D@std@@QAEPADI@Z 004993a0 f i AuthDialog.obj
 0002:0000a3d0       ?clear@?$basic_ios@DU?$char_traits@D@std@@@std@@QAEXH_N@Z 004993d0 f i AuthDialog.obj
 0002:0000a420       ?clear@ios_base@std@@QAEXH_N@Z 00499420 f i AuthDialog.obj
 0002:0000a610       ??0runtime_error@std@@QAE@ABV01@@Z 00499610 f i AuthDialog.obj
 0002:0000a6a0       ?what@runtime_error@std@@UBEPBDXZ 004996a0 f i AuthDialog.obj
 0002:0000a6c0       ??_Eruntime_error@std@@UAEPAXI@Z 004996c0 f i AuthDialog.obj
 0002:0000a6c0       ??_Gruntime_error@std@@UAEPAXI@Z 004996c0 f i AuthDialog.obj
 0002:0000a700       ??1runtime_error@std@@UAE@XZ 00499700 f i AuthDialog.obj
 0002:0000a730       ??0failure@ios_base@std@@QAE@ABV?$basic_string@DU?$char_traits@D@std@@V?$allocator@D@2@@2@@Z 00499730 f i AuthDialog.obj
 0002:0000a760       ??0runtime_error@std@@QAE@ABV?$basic_string@DU?$char_traits@D@std@@V?$allocator@D@2@@1@@Z 00499760 f i AuthDialog.obj
 0002:0000a7f0       ??1failure@ios_base@std@@UAE@XZ 004997f0 f i AuthDialog.obj
 0002:0000a820       ??_Efailure@ios_base@std@@UAEPAXI@Z 00499820 f i AuthDialog.obj
 0002:0000a820       ??_Gfailure@ios_base@std@@UAEPAXI@Z 00499820 f i AuthDialog.obj
 0002:0000a860       ??0failure@ios_base@std@@QAE@ABV012@@Z 00499860 f i AuthDialog.obj
 0002:0000a890       ??0?$basic_string@DU?$char_traits@D@std@@V?$allocator@D@2@@std@@QAE@PBD@Z 00499890 f i AuthDialog.obj
 0002:0000a930       ??0?$basic_string@DU?$char_traits@D@std@@V?$allocator@D@2@@std@@QAE@ABV01@@Z 00499930 f i AuthDialog.obj
 0002:0000a9d0       ?assign@?$basic_string@DU?$char_traits@D@std@@V?$allocator@D@2@@std@@QAEAAV12@ABV12@II@Z 004999d0 f i AuthDialog.obj
 0002:0000aac0       ?size@?$basic_string@DU?$char_traits@D@std@@V?$allocator@D@2@@std@@QBEIXZ 00499ac0 f i AuthDialog.obj
 0002:0000aae0       ?assign@?$basic_string@DU?$char_traits@D@std@@V?$allocator@D@2@@std@@QAEAAV12@PBD@Z 00499ae0 f i AuthDialog.obj
 0002:0000ab30       ?length@?$char_traits@D@std@@SAIPBD@Z 00499b30 f i AuthDialog.obj
 0002:0000ab50       ??0?$_String_val@DV?$allocator@D@std@@@std@@IAE@V?$allocator@D@1@@Z 00499b50 f i AuthDialog.obj
 0002:0000ab80       ??0?$_String_val@DV?$allocator@D@std@@@std@@QAE@ABV01@@Z 00499b80 f i AuthDialog.obj
 0002:0000abd0       ?fill@?$basic_ios@DU?$char_traits@D@std@@@std@@QBEDXZ 00499bd0 f i AuthDialog.obj
 0002:0000abf0       ??0?$basic_ios@DU?$char_traits@D@std@@@std@@IAE@XZ 00499bf0 f i AuthDialog.obj
 0002:0000ac20       ??0ios_base@std@@IAE@XZ    00499c20 f i AuthDialog.obj
 0002:0000ac40       ?eback@?$basic_streambuf@DU?$char_traits@D@std@@@std@@IBEPADXZ 00499c40 f i AuthDialog.obj
 0002:0000ac60       ?gptr@?$basic_streambuf@DU?$char_traits@D@std@@@std@@IBEPADXZ 00499c60 f i AuthDialog.obj
 0002:0000ac80       ?pbase@?$basic_streambuf@DU?$char_traits@D@std@@@std@@IBEPADXZ 00499c80 f i AuthDialog.obj
 0002:0000aca0       ?pptr@?$basic_streambuf@DU?$char_traits@D@std@@@std@@IBEPADXZ 00499ca0 f i AuthDialog.obj
 0002:0000acc0       ?egptr@?$basic_streambuf@DU?$char_traits@D@std@@@std@@IBEPADXZ 00499cc0 f i AuthDialog.obj
 0002:0000acf0       ?gbump@?$basic_streambuf@DU?$char_traits@D@std@@@std@@IAEXH@Z 00499cf0 f i AuthDialog.obj
 0002:0000ad30       ?setg@?$basic_streambuf@DU?$char_traits@D@std@@@std@@IAEXPAD00@Z 00499d30 f i AuthDialog.obj
 0002:0000ad70       ?epptr@?$basic_streambuf@DU?$char_traits@D@std@@@std@@IBEPADXZ 00499d70 f i AuthDialog.obj
 0002:0000ada0       ?_Gninc@?$basic_streambuf@DU?$char_traits@D@std@@@std@@IAEPADXZ 00499da0 f i AuthDialog.obj
 0002:0000ae00       ?_Gnavail@?$basic_streambuf@DU?$char_traits@D@std@@@std@@IBEHXZ 00499e00 f i AuthDialog.obj
 0002:0000ae40       ?pbump@?$basic_streambuf@DU?$char_traits@D@std@@@std@@IAEXH@Z 00499e40 f i AuthDialog.obj
 0002:0000ae80       ?setp@?$basic_streambuf@DU?$char_traits@D@std@@@std@@IAEXPAD0@Z 00499e80 f i AuthDialog.obj
 0002:0000aec0       ?setp@?$basic_streambuf@DU?$char_traits@D@std@@@std@@IAEXPAD00@Z 00499ec0 f i AuthDialog.obj
 0002:0000af00       ?_Pninc@?$basic_streambuf@DU?$char_traits@D@std@@@std@@IAEPADXZ 00499f00 f i AuthDialog.obj
 0002:0000af60       ?_Pnavail@?$basic_streambuf@DU?$char_traits@D@std@@@std@@IBEHXZ 00499f60 f i AuthDialog.obj
 0002:0000afa0       ??0?$basic_iostream@DU?$char_traits@D@std@@@std@@QAE@PAV?$basic_streambuf@DU?$char_traits@D@std@@@1@@Z 00499fa0 f i AuthDialog.obj
 0002:0000b090       ??0?$basic_stringbuf@DU?$char_traits@D@std@@V?$allocator@D@2@@std@@QAE@H@Z 0049a090 f i AuthDialog.obj
 0002:0000b130       ?str@?$basic_stringbuf@DU?$char_traits@D@std@@V?$allocator@D@2@@std@@QBE?AV?$basic_string@DU?$char_traits@D@std@@V?$allocator@D@2@@2@XZ 0049a130 f i AuthDialog.obj
 0002:0000b320       ??0?$basic_string@DU?$char_traits@D@std@@V?$allocator@D@2@@std@@QAE@XZ 0049a320 f i AuthDialog.obj
 0002:0000b3a0       ?_Tidy@?$basic_stringbuf@DU?$char_traits@D@std@@V?$allocator@D@2@@std@@IAEXXZ 0049a3a0 f i AuthDialog.obj
 0002:0000b460       ??0sentry@?$basic_ostream@DU?$char_traits@D@std@@@std@@QAE@AAV12@@Z 0049a460 f i AuthDialog.obj
 0002:0000b540       ?good@ios_base@std@@QBE_NXZ 0049a540 f i AuthDialog.obj
 0002:0000b560       ?flush@?$basic_ostream@DU?$char_traits@D@std@@@std@@QAEAAV12@XZ 0049a560 f i AuthDialog.obj
 0002:0000b5f0       ?fail@ios_base@std@@QBE_NXZ 0049a5f0 f i AuthDialog.obj
 0002:0000b620       ?pubsync@?$basic_streambuf@DU?$char_traits@D@std@@@std@@QAEHXZ 0049a620 f i AuthDialog.obj
 0002:0000b640       ??1sentry@?$basic_ostream@DU?$char_traits@D@std@@@std@@QAE@XZ 0049a640 f i AuthDialog.obj
 0002:0000b6c0       ??Bsentry@?$basic_ostream@DU?$char_traits@D@std@@@std@@QBE_NXZ 0049a6c0 f i AuthDialog.obj
 0002:0000b6e0       ?put@?$num_put@DV?$ostreambuf_iterator@DU?$char_traits@D@std@@@std@@@std@@QBE?AV?$ostreambuf_iterator@DU?$char_traits@D@std@@@2@V32@AAVios_base@2@DJ@Z 0049a6e0 f i AuthDialog.obj
 0002:0000b730       ??0?$ostreambuf_iterator@DU?$char_traits@D@std@@@std@@QAE@PAV?$basic_streambuf@DU?$char_traits@D@std@@@1@@Z 0049a730 f i AuthDialog.obj
 0002:0000b760       ?failed@?$ostreambuf_iterator@DU?$char_traits@D@std@@@std@@QBE_NXZ 0049a760 f i AuthDialog.obj
 0002:0000b780       ??0?$fpos@H@std@@QAE@J@Z   0049a780 f i AuthDialog.obj
 0002:0000b7d0       ??B?$fpos@H@std@@QBEJXZ    0049a7d0 f i AuthDialog.obj
 0002:0000b7f0       ??0_String_base@std@@QAE@XZ 0049a7f0 f i AuthDialog.obj
 0002:0000b810       ??0_Container_base_secure@std@@QAE@XZ 0049a810 f i AuthDialog.obj
 0002:0000b830       ??0?$_DebugHeapAllocator@D@std@@QAE@ABV01@@Z 0049a830 f i AuthDialog.obj
 0002:0000b860       ??0?$basic_string@DU?$char_traits@D@std@@V?$allocator@D@2@@std@@QAE@PBDI@Z 0049a860 f i AuthDialog.obj
 0002:0000b900       ?assign@?$basic_string@DU?$char_traits@D@std@@V?$allocator@D@2@@std@@QAEAAV12@PBDI@Z 0049a900 f i AuthDialog.obj
 0002:0000b9d0       ?erase@?$basic_string@DU?$char_traits@D@std@@V?$allocator@D@2@@std@@QAEAAV12@II@Z 0049a9d0 f i AuthDialog.obj
 0002:0000ba90       ?_Eos@?$basic_string@DU?$char_traits@D@std@@V?$allocator@D@2@@std@@IAEXI@Z 0049aa90 f i AuthDialog.obj
 0002:0000bae0       ?assign@?$char_traits@D@std@@SAXAADABD@Z 0049aae0 f i AuthDialog.obj
 0002:0000bb00       ?_Grow@?$basic_string@DU?$char_traits@D@std@@V?$allocator@D@2@@std@@IAE_NI_N@Z 0049ab00 f i AuthDialog.obj
 0002:0000bbc0       ?_Myptr@?$basic_string@DU?$char_traits@D@std@@V?$allocator@D@2@@std@@IAEPADXZ 0049abc0 f i AuthDialog.obj
 0002:0000bc00       ??0?$allocator@D@std@@QAE@ABV01@@Z 0049ac00 f i AuthDialog.obj
 0002:0000bc20       ??0?$basic_ostream@DU?$char_traits@D@std@@@std@@QAE@W4_Uninitialized@1@_N@Z 0049ac20 f i AuthDialog.obj
 0002:0000bd10       ?_Osfx@?$basic_ostream@DU?$char_traits@D@std@@@std@@QAEXXZ 0049ad10 f i AuthDialog.obj
 0002:0000bdc0       ?tie@?$basic_ios@DU?$char_traits@D@std@@@std@@QBEPAV?$basic_ostream@DU?$char_traits@D@std@@@2@XZ 0049adc0 f i AuthDialog.obj
 0002:0000bde0       ??0?$basic_istream@DU?$char_traits@D@std@@@std@@QAE@PAV?$basic_streambuf@DU?$char_traits@D@std@@@1@_N@Z 0049ade0 f i AuthDialog.obj
 0002:0000bec0       ??0?$basic_streambuf@DU?$char_traits@D@std@@@std@@IAE@XZ 0049aec0 f i AuthDialog.obj
 0002:0000bf90       ??0locale@std@@QAE@XZ      0049af90 f i AuthDialog.obj
 0002:0000bfc0       ?_Init@?$basic_stringbuf@DU?$char_traits@D@std@@V?$allocator@D@2@@std@@IAEXPBDIH@Z 0049afc0 f i AuthDialog.obj
 0002:0000c110       ?_Getstate@?$basic_stringbuf@DU?$char_traits@D@std@@V?$allocator@D@2@@std@@AAEHH@Z 0049b110 f i AuthDialog.obj
 0002:0000c190       ??0_Sentry_base@?$basic_ostream@DU?$char_traits@D@std@@@std@@QAE@AAV12@@Z 0049b190 f i AuthDialog.obj
 0002:0000c1f0       ?_Lock@?$basic_streambuf@DU?$char_traits@D@std@@@std@@QAEXXZ 0049b1f0 f i AuthDialog.obj
 0002:0000c210       ??1_Sentry_base@?$basic_ostream@DU?$char_traits@D@std@@@std@@QAE@XZ 0049b210 f i AuthDialog.obj
 0002:0000c260       ?_Unlock@?$basic_streambuf@DU?$char_traits@D@std@@@std@@QAEXXZ 0049b260 f i AuthDialog.obj
 0002:0000c280       ?max_size@?$basic_string@DU?$char_traits@D@std@@V?$allocator@D@2@@std@@QBEIXZ 0049b280 f i AuthDialog.obj
 0002:0000c2d0       ?_Copy@?$basic_string@DU?$char_traits@D@std@@V?$allocator@D@2@@std@@IAEXII@Z 0049b2d0 f i AuthDialog.obj
 0002:0000c4c0       ?_Inside@?$basic_string@DU?$char_traits@D@std@@V?$allocator@D@2@@std@@IAE_NPBD@Z 0049b4c0 f i AuthDialog.obj
 0002:0000c510       ?init@?$basic_ios@DU?$char_traits@D@std@@@std@@IAEXPAV?$basic_streambuf@DU?$char_traits@D@std@@@2@_N@Z 0049b510 f i AuthDialog.obj
 0002:0000c5a0       ?_Init@ios_base@std@@IAEXXZ 0049b5a0 f i AuthDialog.obj
 0002:0000c670       ?clear@ios_base@std@@QAEXH@Z 0049b670 f i AuthDialog.obj
 0002:0000c6a0       ?_Init@?$basic_streambuf@DU?$char_traits@D@std@@@std@@IAEXXZ 0049b6a0 f i AuthDialog.obj
 0002:0000c730       ?max_size@?$allocator@D@std@@QBEIXZ 0049b730 f i AuthDialog.obj
 0002:0000c770       ?widen@?$basic_ios@DU?$char_traits@D@std@@@std@@QBEDD@Z 0049b770 f i AuthDialog.obj
 0002:0000c810       ?widen@?$ctype@D@std@@QBEDD@Z 0049b810 f i AuthDialog.obj
 0002:0000c840       ??$_Debug_pointer@D@std@@YAXPBDPB_WI@Z 0049b840 f i AuthDialog.obj
 0002:0000c870       ??$_DebugHeapDelete@Vfacet@locale@std@@@std@@YAXPAVfacet@locale@0@@Z 0049b870 f i AuthDialog.obj
 0002:0000c8a0       ??$use_facet@V?$ctype@D@std@@@std@@YAABV?$ctype@D@0@ABVlocale@0@@Z 0049b8a0 f i AuthDialog.obj
 0002:0000c9d0       ??Bid@locale@std@@QAEIXZ   0049b9d0 f i AuthDialog.obj
 0002:0000ca40       ?_Register@facet@locale@std@@QAEXXZ 0049ba40 f i AuthDialog.obj
 0002:0000ca60       ?_Getfacet@locale@std@@QBEPBVfacet@12@I@Z 0049ba60 f i AuthDialog.obj
 0002:0000cb10       ?_Getcat@?$ctype@D@std@@SAIPAPBVfacet@locale@2@PBV42@@Z 0049bb10 f i AuthDialog.obj
 0002:0000cd00       ??0_Locinfo@std@@QAE@ABV?$basic_string@DU?$char_traits@D@std@@V?$allocator@D@2@@1@@Z 0049bd00 f i AuthDialog.obj
 0002:0000cdd0       ??1_Locinfo@std@@QAE@XZ    0049bdd0 f i AuthDialog.obj
 0002:0000ce90       ??2facet@locale@std@@SAPAXIABU_DebugHeapTag_t@2@PADH@Z 0049be90 f i AuthDialog.obj
 0002:0000cec0       ??3facet@locale@std@@SAXPAXABU_DebugHeapTag_t@2@PADH@Z 0049bec0 f i AuthDialog.obj
 0002:0000cee0       ??3facet@locale@std@@SAXPAX@Z 0049bee0 f i AuthDialog.obj
 0002:0000cf00       ?name@locale@std@@QBE?AV?$basic_string@DU?$char_traits@D@std@@V?$allocator@D@2@@2@XZ 0049bf00 f i AuthDialog.obj
 0002:0000cfa0       ??B_DebugHeapString@std@@QBE?AV?$basic_string@DU?$char_traits@D@std@@V?$allocator@D@2@@1@XZ 0049bfa0 f i AuthDialog.obj
 0002:0000cfe0       ??0?$ctype@D@std@@QAE@ABV_Locinfo@1@I@Z 0049bfe0 f i AuthDialog.obj
 0002:0000d070       ??0ctype_base@std@@QAE@I@Z 0049c070 f i AuthDialog.obj
 0002:0000d0a0       ??0facet@locale@std@@IAE@I@Z 0049c0a0 f i AuthDialog.obj
 0002:0000d0d0       ??_Gfacet@locale@std@@UAEPAXI@Z 0049c0d0 f i AuthDialog.obj
 0002:0000d0d0       ??_Efacet@locale@std@@UAEPAXI@Z 0049c0d0 f i AuthDialog.obj
 0002:0000d110       ??1facet@locale@std@@UAE@XZ 0049c110 f i AuthDialog.obj
 0002:0000d130       ??1ctype_base@std@@UAE@XZ  0049c130 f i AuthDialog.obj
 0002:0000d160       ??_Ectype_base@std@@UAEPAXI@Z 0049c160 f i AuthDialog.obj
 0002:0000d160       ??_Gctype_base@std@@UAEPAXI@Z 0049c160 f i AuthDialog.obj
 0002:0000d1a0       ?_Init@?$ctype@D@std@@IAEXABV_Locinfo@2@@Z 0049c1a0 f i AuthDialog.obj
 0002:0000d1f0       ?_Getctype@_Locinfo@std@@QBE?AU_Ctypevec@@XZ 0049c1f0 f i AuthDialog.obj
 0002:0000d260       ?do_tolower@?$ctype@D@std@@MBEDD@Z 0049c260 f i AuthDialog.obj
 0002:0000d290       ?do_tolower@?$ctype@D@std@@MBEPBDPADPBD@Z 0049c290 f i AuthDialog.obj
 0002:0000d300       ?do_toupper@?$ctype@D@std@@MBEDD@Z 0049c300 f i AuthDialog.obj
 0002:0000d330       ?do_toupper@?$ctype@D@std@@MBEPBDPADPBD@Z 0049c330 f i AuthDialog.obj
 0002:0000d3a0       ?do_widen@?$ctype@D@std@@MBEDD@Z 0049c3a0 f i AuthDialog.obj
 0002:0000d3c0       ?do_widen@?$ctype@D@std@@MBEPBDPBD0PAD@Z 0049c3c0 f i AuthDialog.obj
 0002:0000d400       ?_Do_widen_s@?$ctype@D@std@@MBEPBDPBD0PADI@Z 0049c400 f i AuthDialog.obj
 0002:0000d4e0       ?do_narrow@?$ctype@D@std@@MBEDDD@Z 0049c4e0 f i AuthDialog.obj
 0002:0000d500       ?do_narrow@?$ctype@D@std@@MBEPBDPBD0DPAD@Z 0049c500 f i AuthDialog.obj
 0002:0000d540       ?_Do_narrow_s@?$ctype@D@std@@MBEPBDPBD0DPADI@Z 0049c540 f i AuthDialog.obj
 0002:0000d620       ??_E?$ctype@D@std@@MAEPAXI@Z 0049c620 f i AuthDialog.obj
 0002:0000d620       ??_G?$ctype@D@std@@MAEPAXI@Z 0049c620 f i AuthDialog.obj
 0002:0000d660       ??1?$ctype@D@std@@MAE@XZ   0049c660 f i AuthDialog.obj
 0002:0000d6e0       ?_Tidy@?$ctype@D@std@@IAEXXZ 0049c6e0 f i AuthDialog.obj
 0002:0000d740       ?c_str@?$basic_string@DU?$char_traits@D@std@@V?$_DebugHeapAllocator@D@2@@std@@QBEPBDXZ 0049c740 f i AuthDialog.obj
 0002:0000d760       ?_Myptr@?$basic_string@DU?$char_traits@D@std@@V?$_DebugHeapAllocator@D@2@@std@@IBEPBDXZ 0049c760 f i AuthDialog.obj
 0002:0000d7a0       ??$_Debug_range@PBD@std@@YAXPBD0PB_WI@Z 0049c7a0 f i AuthDialog.obj
 0002:0000d7f0       ??$_Debug_pointer@D@std@@YAXPADPB_WI@Z 0049c7f0 f i AuthDialog.obj
 0002:0000d820       ??$_DebugHeapDelete@X@std@@YAXPAX@Z 0049c820 f i AuthDialog.obj
 0002:0000d840       ??$use_facet@V?$num_put@DV?$ostreambuf_iterator@DU?$char_traits@D@std@@@std@@@std@@@std@@YAABV?$num_put@DV?$ostreambuf_iterator@DU?$char_traits@D@std@@@std@@@0@ABVlocale@0@@Z 0049c840 f i AuthDialog.obj
 0002:0000d970       ??$_DebugHeapDelete@Vlocale@std@@@std@@YAXPAVlocale@0@@Z 0049c970 f i AuthDialog.obj
 0002:0000d9a0       ??$copy_s@U?$char_traits@D@std@@@_Traits_helper@std@@YAPADPADIPBDI@Z 0049c9a0 f i AuthDialog.obj
 0002:0000d9e0       ??$_Allocate@D@std@@YAPADIPAD@Z 0049c9e0 f i AuthDialog.obj
 0002:0000da40       ??$move_s@U?$char_traits@D@std@@@_Traits_helper@std@@YAPADPADIPBDI@Z 0049ca40 f i AuthDialog.obj
 0002:0000da80       ??_Glocale@std@@QAEPAXI@Z  0049ca80 f i AuthDialog.obj
 0002:0000dac0       ?_Getcat@?$num_put@DV?$ostreambuf_iterator@DU?$char_traits@D@std@@@std@@@std@@SAIPAPBVfacet@locale@2@PBV42@@Z 0049cac0 f i AuthDialog.obj
 0002:0000dcb0       ??0?$num_put@DV?$ostreambuf_iterator@DU?$char_traits@D@std@@@std@@@std@@QAE@ABV_Locinfo@1@I@Z 0049ccb0 f i AuthDialog.obj
 0002:0000dd40       ?do_put@?$num_put@DV?$ostreambuf_iterator@DU?$char_traits@D@std@@@std@@@std@@MBE?AV?$ostreambuf_iterator@DU?$char_traits@D@std@@@2@V32@AAVios_base@2@D_N@Z 0049cd40 f i AuthDialog.obj
 0002:0000e090       ?width@ios_base@std@@QBEHXZ 0049d090 f i AuthDialog.obj
 0002:0000e0b0       ?width@ios_base@std@@QAEHH@Z 0049d0b0 f i AuthDialog.obj
 0002:0000e0e0       ?do_put@?$num_put@DV?$ostreambuf_iterator@DU?$char_traits@D@std@@@std@@@std@@MBE?AV?$ostreambuf_iterator@DU?$char_traits@D@std@@@2@V32@AAVios_base@2@DJ@Z 0049d0e0 f i AuthDialog.obj
 0002:0000e190       ?do_put@?$num_put@DV?$ostreambuf_iterator@DU?$char_traits@D@std@@@std@@@std@@MBE?AV?$ostreambuf_iterator@DU?$char_traits@D@std@@@2@V32@AAVios_base@2@DK@Z 0049d190 f i AuthDialog.obj
 0002:0000e240       ?do_put@?$num_put@DV?$ostreambuf_iterator@DU?$char_traits@D@std@@@std@@@std@@MBE?AV?$ostreambuf_iterator@DU?$char_traits@D@std@@@2@V32@AAVios_base@2@D_J@Z 0049d240 f i AuthDialog.obj
 0002:0000e2f0       ?do_put@?$num_put@DV?$ostreambuf_iterator@DU?$char_traits@D@std@@@std@@@std@@MBE?AV?$ostreambuf_iterator@DU?$char_traits@D@std@@@2@V32@AAVios_base@2@D_K@Z 0049d2f0 f i AuthDialog.obj
 0002:0000e3a0       ?do_put@?$num_put@DV?$ostreambuf_iterator@DU?$char_traits@D@std@@@std@@@std@@MBE?AV?$ostreambuf_iterator@DU?$char_traits@D@std@@@2@V32@AAVios_base@2@DN@Z 0049d3a0 f i AuthDialog.obj
 0002:0000e660       ?precision@ios_base@std@@QBEHXZ 0049d660 f i AuthDialog.obj
 0002:0000e680       ?do_put@?$num_put@DV?$ostreambuf_iterator@DU?$char_traits@D@std@@@std@@@std@@MBE?AV?$ostreambuf_iterator@DU?$char_traits@D@std@@@2@V32@AAVios_base@2@DO@Z 0049d680 f i AuthDialog.obj
 0002:0000e930       ?do_put@?$num_put@DV?$ostreambuf_iterator@DU?$char_traits@D@std@@@std@@@std@@MBE?AV?$ostreambuf_iterator@DU?$char_traits@D@std@@@2@V32@AAVios_base@2@DPBX@Z 0049d930 f i AuthDialog.obj
 0002:0000e9c0       ??_G?$num_put@DV?$ostreambuf_iterator@DU?$char_traits@D@std@@@std@@@std@@MAEPAXI@Z 0049d9c0 f i AuthDialog.obj
 0002:0000e9c0       ??_E?$num_put@DV?$ostreambuf_iterator@DU?$char_traits@D@std@@@std@@@std@@MAEPAXI@Z 0049d9c0 f i AuthDialog.obj
 0002:0000ea00       ??1?$num_put@DV?$ostreambuf_iterator@DU?$char_traits@D@std@@@std@@@std@@MAE@XZ 0049da00 f i AuthDialog.obj
 0002:0000ea30       ?assign@?$basic_string@DU?$char_traits@D@std@@V?$allocator@D@2@@std@@QAEAAV12@ABV12@@Z 0049da30 f i AuthDialog.obj
 0002:0000ea60       ?_Ffmt@?$num_put@DV?$ostreambuf_iterator@DU?$char_traits@D@std@@@std@@@std@@ABAPADPADDH@Z 0049da60 f i AuthDialog.obj
 0002:0000eb80       ?_Fput@?$num_put@DV?$ostreambuf_iterator@DU?$char_traits@D@std@@@std@@@std@@ABA?AV?$ostreambuf_iterator@DU?$char_traits@D@std@@@2@V32@AAVios_base@2@DPBDIIII@Z 0049db80 f i AuthDialog.obj
 0002:0000f3f0       ?_Ifmt@?$num_put@DV?$ostreambuf_iterator@DU?$char_traits@D@std@@@std@@@std@@ABAPADPADPBDH@Z 0049e3f0 f i AuthDialog.obj
 0002:0000f530       ?_Iput@?$num_put@DV?$ostreambuf_iterator@DU?$char_traits@D@std@@@std@@@std@@ABA?AV?$ostreambuf_iterator@DU?$char_traits@D@std@@@2@V32@AAVios_base@2@DPADI@Z 0049e530 f i AuthDialog.obj
 0002:0000f950       ?_Put@?$num_put@DV?$ostreambuf_iterator@DU?$char_traits@D@std@@@std@@@std@@ABA?AV?$ostreambuf_iterator@DU?$char_traits@D@std@@@2@V32@PBDI@Z 0049e950 f i AuthDialog.obj
 0002:0000f9c0       ?_Rep@?$num_put@DV?$ostreambuf_iterator@DU?$char_traits@D@std@@@std@@@std@@ABA?AV?$ostreambuf_iterator@DU?$char_traits@D@std@@@2@V32@DI@Z 0049e9c0 f i AuthDialog.obj
 0002:0000fa20       ?falsename@?$numpunct@D@std@@QBE?AV?$basic_string@DU?$char_traits@D@std@@V?$allocator@D@2@@2@XZ 0049ea20 f i AuthDialog.obj
 0002:0000fa60       ?truename@?$numpunct@D@std@@QBE?AV?$basic_string@DU?$char_traits@D@std@@V?$allocator@D@2@@2@XZ 0049ea60 f i AuthDialog.obj
 0002:0000faa0       ?append@?$basic_string@DU?$char_traits@D@std@@V?$allocator@D@2@@std@@QAEAAV12@PBDI@Z 0049eaa0 f i AuthDialog.obj
 0002:0000fbd0       ?append@?$basic_string@DU?$char_traits@D@std@@V?$allocator@D@2@@std@@QAEAAV12@ID@Z 0049ebd0 f i AuthDialog.obj
 0002:0000fc60       ?insert@?$basic_string@DU?$char_traits@D@std@@V?$allocator@D@2@@std@@QAEAAV12@IID@Z 0049ec60 f i AuthDialog.obj
 0002:0000fd50       ??A?$basic_string@DU?$char_traits@D@std@@V?$allocator@D@2@@std@@QAEAADI@Z 0049ed50 f i AuthDialog.obj
 0002:0000fe00       ?_Putc@?$num_put@DV?$ostreambuf_iterator@DU?$char_traits@D@std@@@std@@@std@@ABA?AV?$ostreambuf_iterator@DU?$char_traits@D@std@@@2@V32@PBDI@Z 0049ee00 f i AuthDialog.obj
 0002:0000fe80       ?_Putgrouped@?$num_put@DV?$ostreambuf_iterator@DU?$char_traits@D@std@@@std@@@std@@ABA?AV?$ostreambuf_iterator@DU?$char_traits@D@std@@@2@V32@PBDID@Z 0049ee80 f i AuthDialog.obj
 0002:0000ff90       ??4?$ostreambuf_iterator@DU?$char_traits@D@std@@@std@@QAEAAV01@D@Z 0049ef90 f i AuthDialog.obj
 0002:00010000       ?sputc@?$basic_streambuf@DU?$char_traits@D@std@@@std@@QAEHD@Z 0049f000 f i AuthDialog.obj
 0002:00010080       ??D?$ostreambuf_iterator@DU?$char_traits@D@std@@@std@@QAEAAV01@XZ 0049f080 f i AuthDialog.obj
 0002:000100a0       ??E?$ostreambuf_iterator@DU?$char_traits@D@std@@@std@@QAEAAV01@XZ 0049f0a0 f i AuthDialog.obj
 0002:000100c0       ?decimal_point@?$numpunct@D@std@@QBEDXZ 0049f0c0 f i AuthDialog.obj
 0002:000100e0       ?thousands_sep@?$numpunct@D@std@@QBEDXZ 0049f0e0 f i AuthDialog.obj
 0002:00010100       ?grouping@?$numpunct@D@std@@QBE?AV?$basic_string@DU?$char_traits@D@std@@V?$allocator@D@2@@2@XZ 0049f100 f i AuthDialog.obj
 0002:00010140       ?append@?$basic_string@DU?$char_traits@D@std@@V?$allocator@D@2@@std@@QAEAAV12@ABV12@II@Z 0049f140 f i AuthDialog.obj
 0002:00010240       ?_Chassign@?$basic_string@DU?$char_traits@D@std@@V?$allocator@D@2@@std@@IAEXIID@Z 0049f240 f i AuthDialog.obj
 0002:000102a0       ?assign@?$char_traits@D@std@@SAPADPADID@Z 0049f2a0 f i AuthDialog.obj
 0002:000102c0       ??$_Debug_pointer@V?$ostreambuf_iterator@DU?$char_traits@D@std@@@std@@@std@@YAXAAV?$ostreambuf_iterator@DU?$char_traits@D@std@@@0@PB_WI@Z 0049f2c0 f i AuthDialog.obj
 0002:000102d0       ??$use_facet@V?$numpunct@D@std@@@std@@YAABV?$numpunct@D@0@ABVlocale@0@@Z 0049f2d0 f i AuthDialog.obj
 0002:00010400       ??$_Maklocchr@D@std@@YADDPADABU_Cvtvec@@@Z 0049f400 f i AuthDialog.obj
 0002:00010410       ?_Getcat@?$numpunct@D@std@@SAIPAPBVfacet@locale@2@PBV42@@Z 0049f410 f i AuthDialog.obj
 0002:000105f0       ??0?$numpunct@D@std@@QAE@ABV_Locinfo@1@I_N@Z 0049f5f0 f i AuthDialog.obj
 0002:00010680       ?do_decimal_point@?$numpunct@D@std@@MBEDXZ 0049f680 f i AuthDialog.obj
 0002:000106a0       ?do_thousands_sep@?$numpunct@D@std@@MBEDXZ 0049f6a0 f i AuthDialog.obj
 0002:000106c0       ?do_grouping@?$numpunct@D@std@@MBE?AV?$basic_string@DU?$char_traits@D@std@@V?$allocator@D@2@@2@XZ 0049f6c0 f i AuthDialog.obj
 0002:00010700       ?do_falsename@?$numpunct@D@std@@MBE?AV?$basic_string@DU?$char_traits@D@std@@V?$allocator@D@2@@2@XZ 0049f700 f i AuthDialog.obj
 0002:00010740       ?do_truename@?$numpunct@D@std@@MBE?AV?$basic_string@DU?$char_traits@D@std@@V?$allocator@D@2@@2@XZ 0049f740 f i AuthDialog.obj
 0002:00010780       ??_E?$numpunct@D@std@@MAEPAXI@Z 0049f780 f i AuthDialog.obj
 0002:00010780       ??_G?$numpunct@D@std@@MAEPAXI@Z 0049f780 f i AuthDialog.obj
 0002:000107c0       ??1?$numpunct@D@std@@MAE@XZ 0049f7c0 f i AuthDialog.obj
 0002:00010840       ?_Tidy@?$numpunct@D@std@@AAEXXZ 0049f840 f i AuthDialog.obj
 0002:00010890       ?_Init@?$num_put@DV?$ostreambuf_iterator@DU?$char_traits@D@std@@@std@@@std@@IAEXABV_Locinfo@2@@Z 0049f890 f i AuthDialog.obj
 0002:000108d0       ?_Getcvt@_Locinfo@std@@QBE?AU_Cvtvec@@XZ 0049f8d0 f i AuthDialog.obj
 0002:00010910       ?_Init@?$numpunct@D@std@@IAEXABV_Locinfo@2@_N@Z 0049f910 f i AuthDialog.obj
 0002:00010b80       ?_Getlconv@_Locinfo@std@@QBEPBUlconv@@XZ 0049fb80 f i AuthDialog.obj
 0002:00010ba0       ?_Getfalse@_Locinfo@std@@QBEPBDXZ 0049fba0 f i AuthDialog.obj
 0002:00010bc0       ?_Gettrue@_Locinfo@std@@QBEPBDXZ 0049fbc0 f i AuthDialog.obj
 0002:00010be0       ??$_Iter_cat@PBD@std@@YA?AUrandom_access_iterator_tag@0@ABQBD@Z 0049fbe0 f i AuthDialog.obj
 0002:00010bf0       ??$_Debug_range2@PBD@std@@YAXPBD0PB_WIUrandom_access_iterator_tag@0@@Z 0049fbf0 f i AuthDialog.obj
 0002:00010c60       ??$_Char_traits_cat@U?$char_traits@D@std@@@std@@YA?AU_Secure_char_traits_tag@0@XZ 0049fc60 f i AuthDialog.obj
 0002:00010c70       ??$copy_s@U?$char_traits@D@std@@@_Traits_helper@std@@YAPADPADIPBDIU_Secure_char_traits_tag@1@@Z 0049fc70 f i AuthDialog.obj
 0002:00010ca0       ?_Copy_s@?$char_traits@D@std@@SAPADPADIPBDI@Z 0049fca0 f i AuthDialog.obj
 0002:00010cd0       ??$move_s@U?$char_traits@D@std@@@_Traits_helper@std@@YAPADPADIPBDIU_Secure_char_traits_tag@1@@Z 0049fcd0 f i AuthDialog.obj
 0002:00010d00       ?_Move_s@?$char_traits@D@std@@SAPADPADIPBDI@Z 0049fd00 f i AuthDialog.obj
 0002:00010d30       ??$_Maklocstr@D@std@@YAPADPBDPADABU_Cvtvec@@@Z 0049fd30 f i AuthDialog.obj
 0002:00010dd0       ??0id@locale@std@@QAE@I@Z  0049fdd0 f i AuthDialog.obj
 0002:00010df0       ?base64_encode@@YA?AV?$basic_string@DU?$char_traits@D@std@@V?$allocator@D@2@@std@@PBEI@Z 0049fdf0 f   base64.obj
 0002:00011020       ?base64_decode@@YA?AV?$basic_string@DU?$char_traits@D@std@@V?$allocator@D@2@@std@@ABV12@@Z 004a0020 f   base64.obj
 0002:00011450       ??Y?$basic_string@DU?$char_traits@D@std@@V?$allocator@D@2@@std@@QAEAAV01@D@Z 004a0450 f i base64.obj
 0002:00011480       ??A?$basic_string@DU?$char_traits@D@std@@V?$allocator@D@2@@std@@QBEABDI@Z 004a0480 f i base64.obj
 0002:00011530       ?find@?$basic_string@DU?$char_traits@D@std@@V?$allocator@D@2@@std@@QBEIDI@Z 004a0530 f i base64.obj
 0002:00011560       ?find@?$basic_string@DU?$char_traits@D@std@@V?$allocator@D@2@@std@@QBEIPBDII@Z 004a0560 f i base64.obj
 0002:00011690       ?compare@?$char_traits@D@std@@SAHPBD0I@Z 004a0690 f i base64.obj
 0002:000116b0       ?find@?$char_traits@D@std@@SAPBDPBDIABD@Z 004a06b0 f i base64.obj
 0002:000116e0       ?decodifica@CACIC_Crypt@@SA?AV?$basic_string@DU?$char_traits@D@std@@V?$allocator@D@2@@std@@PBD@Z 004a06e0 f   CACIC_Crypt.obj
 0002:000118e0       ?codifica@CACIC_Crypt@@SA?AV?$basic_string@DU?$char_traits@D@std@@V?$allocator@D@2@@std@@PBD@Z 004a08e0 f   CACIC_Crypt.obj
 0002:00011c00       ?ceil@@YAMM@Z              004a0c00 f i CACIC_Crypt.obj
 0002:00011c20       _ceilf                     004a0c20 f i CACIC_Crypt.obj
 0002:00011c50       ??4?$basic_string@DU?$char_traits@D@std@@V?$allocator@D@2@@std@@QAEAAV01@ABV01@@Z 004a0c50 f i CACIC_Crypt.obj
 0002:00011c70       ?length@?$basic_string@DU?$char_traits@D@std@@V?$allocator@D@2@@std@@QBEIXZ 004a0c70 f i CACIC_Crypt.obj
 0002:00011c90       ?leTag@CACIC_Utils@@SAXQAD0AAV?$basic_string@DU?$char_traits@D@std@@V?$allocator@D@2@@std@@@Z 004a0c90 f   CACIC_Utils.obj
 0002:00011e50       ?replaceAll@CACIC_Utils@@SAXAAV?$basic_string@DU?$char_traits@D@std@@V?$allocator@D@2@@std@@V23@1@Z 004a0e50 f   CACIC_Utils.obj
 0002:00011f00       ?urlEncode@CACIC_Utils@@SAXAAV?$basic_string@DU?$char_traits@D@std@@V?$allocator@D@2@@std@@@Z 004a0f00 f   CACIC_Utils.obj
 0002:000120f0       ?urlDecode@CACIC_Utils@@SAXAAV?$basic_string@DU?$char_traits@D@std@@V?$allocator@D@2@@std@@@Z 004a10f0 f   CACIC_Utils.obj
 0002:00012390       ?simpleUrlEncode@CACIC_Utils@@SAXAAV?$basic_string@DU?$char_traits@D@std@@V?$allocator@D@2@@std@@@Z 004a1390 f   CACIC_Utils.obj
 0002:00012540       ?simpleUrlDecode@CACIC_Utils@@SAXAAV?$basic_string@DU?$char_traits@D@std@@V?$allocator@D@2@@std@@@Z 004a1540 f   CACIC_Utils.obj
 0002:000126f0       ?hexToAscii@CACIC_Utils@@SADDD@Z 004a16f0 f   CACIC_Utils.obj
 0002:00012740       ?trim@CACIC_Utils@@SAXAAV?$basic_string@DU?$char_traits@D@std@@V?$allocator@D@2@@std@@@Z 004a1740 f   CACIC_Utils.obj
 0002:00012880       ?changeFont@CACIC_Utils@@SAXPAUHWND__@@HHV?$basic_string@DU?$char_traits@D@std@@V?$allocator@D@2@@std@@_N@Z 004a1880 f   CACIC_Utils.obj
 0002:00012960       ?getMACAddress@CACIC_Utils@@SA?AV?$basic_string@DU?$char_traits@D@std@@V?$allocator@D@2@@std@@XZ 004a1960 f   CACIC_Utils.obj
 0002:00012aa0       ?getSOID@CACIC_Utils@@SA?AV?$basic_string@DU?$char_traits@D@std@@V?$allocator@D@2@@std@@XZ 004a1aa0 f   CACIC_Utils.obj
 0002:00012f00       ?DateCompare@CACIC_Utils@@SAHU_SYSTEMTIME@@0@Z 004a1f00 f   CACIC_Utils.obj
 0002:00013430       ??0SRCException@@QAE@V?$basic_string@DU?$char_traits@D@std@@V?$allocator@D@2@@std@@@Z 004a2430 f i CACIC_Utils.obj
 0002:000134c0       ??1SRCException@@QAE@XZ    004a24c0 f i CACIC_Utils.obj
 0002:000134e0       ??0SRCException@@QAE@ABV0@@Z 004a24e0 f i CACIC_Utils.obj
 0002:00013510       ??1?$_String_iterator@DU?$char_traits@D@std@@V?$allocator@D@2@@std@@QAE@XZ 004a2510 f i CACIC_Utils.obj
 0002:00013530       ??0?$_String_const_iterator@DU?$char_traits@D@std@@V?$allocator@D@2@@std@@QAE@ABV01@@Z 004a2530 f i CACIC_Utils.obj
 0002:00013570       ??1?$_String_const_iterator@DU?$char_traits@D@std@@V?$allocator@D@2@@std@@QAE@XZ 004a2570 f i CACIC_Utils.obj
 0002:00013590       ??0?$_Ranit_base@DHPBDABDV_Iterator_base@std@@@std@@QAE@ABU01@@Z 004a2590 f i CACIC_Utils.obj
 0002:000135c0       ??0_Iterator_base@std@@QAE@ABV01@@Z 004a25c0 f i CACIC_Utils.obj
 0002:00013600       ??4_Iterator_base@std@@QAEAAV01@ABV01@@Z 004a2600 f i CACIC_Utils.obj
 0002:000136a0       ?_Adopt@_Iterator_base@std@@QAEXPBV_Container_base_secure@2@@Z 004a26a0 f i CACIC_Utils.obj
 0002:00013760       ?_Orphan_me@_Iterator_base@std@@QAEXXZ 004a2760 f i CACIC_Utils.obj
 0002:00013800       ??1?$_Ranit_base@DHPBDABDV_Iterator_base@std@@@std@@QAE@XZ 004a2800 f i CACIC_Utils.obj
 0002:00013820       ??1_Iterator_base@std@@QAE@XZ 004a2820 f i CACIC_Utils.obj
 0002:000138a0       ??Y?$basic_string@DU?$char_traits@D@std@@V?$allocator@D@2@@std@@QAEAAV01@ABV01@@Z 004a28a0 f i CACIC_Utils.obj
 0002:000138c0       ??Y?$basic_string@DU?$char_traits@D@std@@V?$allocator@D@2@@std@@QAEAAV01@PBD@Z 004a28c0 f i CACIC_Utils.obj
 0002:000138e0       ?erase@?$basic_string@DU?$char_traits@D@std@@V?$allocator@D@2@@std@@QAE?AV?$_String_iterator@DU?$char_traits@D@std@@V?$allocator@D@2@@2@V?$_String_const_iterator@DU?$char_traits@D@std@@V?$allocator@D@2@@2@0@Z 004a28e0 f i CACIC_Utils.obj
 0002:00013a70       ?replace@?$basic_string@DU?$char_traits@D@std@@V?$allocator@D@2@@std@@QAEAAV12@IIABV12@@Z 004a2a70 f i CACIC_Utils.obj
 0002:00013ab0       ?begin@?$basic_string@DU?$char_traits@D@std@@V?$allocator@D@2@@std@@QAE?AV?$_String_iterator@DU?$char_traits@D@std@@V?$allocator@D@2@@2@XZ 004a2ab0 f i CACIC_Utils.obj
 0002:00013b00       ?end@?$basic_string@DU?$char_traits@D@std@@V?$allocator@D@2@@std@@QAE?AV?$_String_iterator@DU?$char_traits@D@std@@V?$allocator@D@2@@2@XZ 004a2b00 f i CACIC_Utils.obj
 0002:00013b50       ?at@?$basic_string@DU?$char_traits@D@std@@V?$allocator@D@2@@std@@QAEAADI@Z 004a2b50 f i CACIC_Utils.obj
 0002:00013b90       ?swap@?$basic_string@DU?$char_traits@D@std@@V?$allocator@D@2@@std@@QAEXAAV12@@Z 004a2b90 f i CACIC_Utils.obj
 0002:00013d40       ?_Swap_all@_Container_base_secure@std@@QBEXAAV12@@Z 004a2d40 f i CACIC_Utils.obj
 0002:00013e00       ?find@?$basic_string@DU?$char_traits@D@std@@V?$allocator@D@2@@std@@QBEIABV12@I@Z 004a2e00 f i CACIC_Utils.obj
 0002:00013e40       ?find_first_not_of@?$basic_string@DU?$char_traits@D@std@@V?$allocator@D@2@@std@@QBEIPBDI@Z 004a2e40 f i CACIC_Utils.obj
 0002:00013e90       ?find_last_not_of@?$basic_string@DU?$char_traits@D@std@@V?$allocator@D@2@@std@@QBEIPBDI@Z 004a2e90 f i CACIC_Utils.obj
 0002:00013ee0       ?substr@?$basic_string@DU?$char_traits@D@std@@V?$allocator@D@2@@std@@QBE?AV12@II@Z 004a2ee0 f i CACIC_Utils.obj
 0002:00013f40       ??6?$basic_ostream@DU?$char_traits@D@std@@@std@@QAEAAV01@G@Z 004a2f40 f i CACIC_Utils.obj
 0002:00014140       ??6?$basic_ostream@DU?$char_traits@D@std@@@std@@QAEAAV01@K@Z 004a3140 f i CACIC_Utils.obj
 0002:00014340       ??5?$basic_istream@DU?$char_traits@D@std@@@std@@QAEAAV01@AAH@Z 004a3340 f i CACIC_Utils.obj
 0002:00014560       ??1sentry@?$basic_istream@DU?$char_traits@D@std@@@std@@QAE@XZ 004a3560 f i CACIC_Utils.obj
 0002:00014580       ??0sentry@?$basic_istream@DU?$char_traits@D@std@@@std@@QAE@AAV12@_N@Z 004a3580 f i CACIC_Utils.obj
 0002:00014610       ??Bsentry@?$basic_istream@DU?$char_traits@D@std@@@std@@QBE_NXZ 004a3610 f i CACIC_Utils.obj
 0002:00014630       ??1_Sentry_base@?$basic_istream@DU?$char_traits@D@std@@@std@@QAE@XZ 004a3630 f i CACIC_Utils.obj
 0002:00014680       ??0?$basic_string@DU?$char_traits@D@std@@V?$allocator@D@2@@std@@QAE@ABV01@IIABV?$allocator@D@1@@Z 004a3680 f i CACIC_Utils.obj
 0002:00014740       ?append@?$basic_string@DU?$char_traits@D@std@@V?$allocator@D@2@@std@@QAEAAV12@ABV12@@Z 004a3740 f i CACIC_Utils.obj
 0002:00014770       ?append@?$basic_string@DU?$char_traits@D@std@@V?$allocator@D@2@@std@@QAEAAV12@PBD@Z 004a3770 f i CACIC_Utils.obj
 0002:000147c0       ?replace@?$basic_string@DU?$char_traits@D@std@@V?$allocator@D@2@@std@@QAEAAV12@IIABV12@II@Z 004a37c0 f i CACIC_Utils.obj
 0002:00014bd0       ?find_first_not_of@?$basic_string@DU?$char_traits@D@std@@V?$allocator@D@2@@std@@QBEIPBDII@Z 004a3bd0 f i CACIC_Utils.obj
 0002:00014c90       ?find_last_not_of@?$basic_string@DU?$char_traits@D@std@@V?$allocator@D@2@@std@@QBEIPBDII@Z 004a3c90 f i CACIC_Utils.obj
 0002:00014d70       ?get_allocator@?$basic_string@DU?$char_traits@D@std@@V?$allocator@D@2@@std@@QBE?AV?$allocator@D@2@XZ 004a3d70 f i CACIC_Utils.obj
 0002:00014da0       ?_Pdif@?$basic_string@DU?$char_traits@D@std@@V?$allocator@D@2@@std@@KAIV?$_String_const_iterator@DU?$char_traits@D@std@@V?$allocator@D@2@@2@0@Z 004a3da0 f i CACIC_Utils.obj
 0002:00014e40       ?_Ipfx@?$basic_istream@DU?$char_traits@D@std@@@std@@QAE_N_N@Z 004a3e40 f i CACIC_Utils.obj
 0002:000150e0       ?is@?$ctype@D@std@@QBE_NFD@Z 004a40e0 f i CACIC_Utils.obj
 0002:00015110       ?sgetc@?$basic_streambuf@DU?$char_traits@D@std@@@std@@QAEHXZ 004a4110 f i CACIC_Utils.obj
 0002:00015170       ?snextc@?$basic_streambuf@DU?$char_traits@D@std@@@std@@QAEHXZ 004a4170 f i CACIC_Utils.obj
 0002:00015210       ??0_Sentry_base@?$basic_istream@DU?$char_traits@D@std@@@std@@QAE@AAV12@@Z 004a4210 f i CACIC_Utils.obj
 0002:00015270       ?sbumpc@?$basic_streambuf@DU?$char_traits@D@std@@@std@@QAEHXZ 004a4270 f i CACIC_Utils.obj
 0002:000152d0       ?_Gnpreinc@?$basic_streambuf@DU?$char_traits@D@std@@@std@@IAEPADXZ 004a42d0 f i CACIC_Utils.obj
 0002:00015320       ??0?$_String_iterator@DU?$char_traits@D@std@@V?$allocator@D@2@@std@@QAE@PADPBV_Container_base_secure@1@@Z 004a4320 f i CACIC_Utils.obj
 0002:00015350       ?put@?$num_put@DV?$ostreambuf_iterator@DU?$char_traits@D@std@@@std@@@std@@QBE?AV?$ostreambuf_iterator@DU?$char_traits@D@std@@@2@V32@AAVios_base@2@DK@Z 004a4350 f i CACIC_Utils.obj
 0002:000153a0       ?get@?$num_get@DV?$istreambuf_iterator@DU?$char_traits@D@std@@@std@@@std@@QBE?AV?$istreambuf_iterator@DU?$char_traits@D@std@@@2@V32@0AAVios_base@2@AAHAAJ@Z 004a43a0 f i CACIC_Utils.obj
 0002:000153f0       ??0?$istreambuf_iterator@DU?$char_traits@D@std@@@std@@QAE@PAV?$basic_streambuf@DU?$char_traits@D@std@@@1@@Z 004a43f0 f i CACIC_Utils.obj
 0002:00015420       ??0?$_String_const_iterator@DU?$char_traits@D@std@@V?$allocator@D@2@@std@@QAE@PBDPBV_Container_base_secure@1@@Z 004a4420 f i CACIC_Utils.obj
 0002:00015530       ??G?$_String_const_iterator@DU?$char_traits@D@std@@V?$allocator@D@2@@std@@QBEHABV01@@Z 004a4530 f i CACIC_Utils.obj
 0002:00015560       ??0?$_Ranit_base@DHPBDABDV_Iterator_base@std@@@std@@QAE@XZ 004a4560 f i CACIC_Utils.obj
 0002:00015580       ??0_Iterator_base@std@@QAE@XZ 004a4580 f i CACIC_Utils.obj
 0002:000155b0       ?_Compat@?$_String_const_iterator@DU?$char_traits@D@std@@V?$allocator@D@2@@std@@QBEXABV12@@Z 004a45b0 f i CACIC_Utils.obj
 0002:00015650       ??$sprintf_s@$07@@YAHAAY07DPBDZZ 004a4650 f i CACIC_Utils.obj
 0002:00015680       ??$?6U?$char_traits@D@std@@@std@@YAAAV?$basic_ostream@DU?$char_traits@D@std@@@0@AAV10@PBD@Z 004a4680 f i CACIC_Utils.obj
 0002:000159f0       ??$?6U?$char_traits@D@std@@@std@@YAAAV?$basic_ostream@DU?$char_traits@D@std@@@0@AAV10@D@Z 004a49f0 f i CACIC_Utils.obj
 0002:00015d50       ??$Compare@G@@YAHGG@Z      004a4d50 f i CACIC_Utils.obj
 0002:00015d90       ??$?8DD@std@@YA_NABV?$allocator@D@0@0@Z 004a4d90 f i CACIC_Utils.obj
 0002:00015da0       ??$use_facet@V?$num_get@DV?$istreambuf_iterator@DU?$char_traits@D@std@@@std@@@std@@@std@@YAABV?$num_get@DV?$istreambuf_iterator@DU?$char_traits@D@std@@@std@@@0@ABVlocale@0@@Z 004a4da0 f i CACIC_Utils.obj
 0002:00015ed0       ?sputn@?$basic_streambuf@DU?$char_traits@D@std@@@std@@QAEHPBDH@Z 004a4ed0 f i CACIC_Utils.obj
 0002:00015f00       ?_Getcat@?$num_get@DV?$istreambuf_iterator@DU?$char_traits@D@std@@@std@@@std@@SAIPAPBVfacet@locale@2@PBV42@@Z 004a4f00 f i CACIC_Utils.obj
 0002:000160f0       ??0?$num_get@DV?$istreambuf_iterator@DU?$char_traits@D@std@@@std@@@std@@QAE@ABV_Locinfo@1@I@Z 004a50f0 f i CACIC_Utils.obj
 0002:00016180       ?do_get@?$num_get@DV?$istreambuf_iterator@DU?$char_traits@D@std@@@std@@@std@@MBE?AV?$istreambuf_iterator@DU?$char_traits@D@std@@@2@V32@0AAVios_base@2@AAHAA_N@Z 004a5180 f i CACIC_Utils.obj
 0002:000164d0       ?do_get@?$num_get@DV?$istreambuf_iterator@DU?$char_traits@D@std@@@std@@@std@@MBE?AV?$istreambuf_iterator@DU?$char_traits@D@std@@@2@V32@0AAVios_base@2@AAHAAG@Z 004a54d0 f i CACIC_Utils.obj
 0002:000166b0       ?do_get@?$num_get@DV?$istreambuf_iterator@DU?$char_traits@D@std@@@std@@@std@@MBE?AV?$istreambuf_iterator@DU?$char_traits@D@std@@@2@V32@0AAVios_base@2@AAHAAI@Z 004a56b0 f i CACIC_Utils.obj
 0002:00016880       ?do_get@?$num_get@DV?$istreambuf_iterator@DU?$char_traits@D@std@@@std@@@std@@MBE?AV?$istreambuf_iterator@DU?$char_traits@D@std@@@2@V32@0AAVios_base@2@AAHAAJ@Z 004a5880 f i CACIC_Utils.obj
 0002:00016a00       ?do_get@?$num_get@DV?$istreambuf_iterator@DU?$char_traits@D@std@@@std@@@std@@MBE?AV?$istreambuf_iterator@DU?$char_traits@D@std@@@2@V32@0AAVios_base@2@AAHAAK@Z 004a5a00 f i CACIC_Utils.obj
 0002:00016b80       ?do_get@?$num_get@DV?$istreambuf_iterator@DU?$char_traits@D@std@@@std@@@std@@MBE?AV?$istreambuf_iterator@DU?$char_traits@D@std@@@2@V32@0AAVios_base@2@AAHAA_J@Z 004a5b80 f i CACIC_Utils.obj
 0002:00016d10       ?do_get@?$num_get@DV?$istreambuf_iterator@DU?$char_traits@D@std@@@std@@@std@@MBE?AV?$istreambuf_iterator@DU?$char_traits@D@std@@@2@V32@0AAVios_base@2@AAHAA_K@Z 004a5d10 f i CACIC_Utils.obj
 0002:00016ea0       ?do_get@?$num_get@DV?$istreambuf_iterator@DU?$char_traits@D@std@@@std@@@std@@MBE?AV?$istreambuf_iterator@DU?$char_traits@D@std@@@2@V32@0AAVios_base@2@AAHAAM@Z 004a5ea0 f i CACIC_Utils.obj
 0002:00017020       ?do_get@?$num_get@DV?$istreambuf_iterator@DU?$char_traits@D@std@@@std@@@std@@MBE?AV?$istreambuf_iterator@DU?$char_traits@D@std@@@2@V32@0AAVios_base@2@AAHAAN@Z 004a6020 f i CACIC_Utils.obj
 0002:000171a0       ?do_get@?$num_get@DV?$istreambuf_iterator@DU?$char_traits@D@std@@@std@@@std@@MBE?AV?$istreambuf_iterator@DU?$char_traits@D@std@@@2@V32@0AAVios_base@2@AAHAAO@Z 004a61a0 f i CACIC_Utils.obj
 0002:00017320       ?do_get@?$num_get@DV?$istreambuf_iterator@DU?$char_traits@D@std@@@std@@@std@@MBE?AV?$istreambuf_iterator@DU?$char_traits@D@std@@@2@V32@0AAVios_base@2@AAHAAPAX@Z 004a6320 f i CACIC_Utils.obj
 0002:000174f0       ??_E?$num_get@DV?$istreambuf_iterator@DU?$char_traits@D@std@@@std@@@std@@MAEPAXI@Z 004a64f0 f i CACIC_Utils.obj
 0002:000174f0       ??_G?$num_get@DV?$istreambuf_iterator@DU?$char_traits@D@std@@@std@@@std@@MAEPAXI@Z 004a64f0 f i CACIC_Utils.obj
 0002:00017530       ??1?$num_get@DV?$istreambuf_iterator@DU?$char_traits@D@std@@@std@@@std@@MAE@XZ 004a6530 f i CACIC_Utils.obj
 0002:00017560       ??0?$basic_string@DU?$char_traits@D@std@@V?$allocator@D@2@@std@@QAE@ID@Z 004a6560 f i CACIC_Utils.obj
 0002:00017600       ?_Getifld@?$num_get@DV?$istreambuf_iterator@DU?$char_traits@D@std@@@std@@@std@@ABAHPADAAV?$istreambuf_iterator@DU?$char_traits@D@std@@@2@1HABVlocale@2@@Z 004a6600 f i CACIC_Utils.obj
 0002:00017c10       ?_Getffld@?$num_get@DV?$istreambuf_iterator@DU?$char_traits@D@std@@@std@@@std@@ABAHPADAAV?$istreambuf_iterator@DU?$char_traits@D@std@@@2@1ABVlocale@2@@Z 004a6c10 f i CACIC_Utils.obj
 0002:00018590       ?assign@?$basic_string@DU?$char_traits@D@std@@V?$allocator@D@2@@std@@QAEAAV12@ID@Z 004a7590 f i CACIC_Utils.obj
 0002:00018600       ??D?$istreambuf_iterator@DU?$char_traits@D@std@@@std@@QBEDXZ 004a7600 f i CACIC_Utils.obj
 0002:00018660       ??E?$istreambuf_iterator@DU?$char_traits@D@std@@@std@@QAEAAV01@XZ 004a7660 f i CACIC_Utils.obj
 0002:000186b0       ?_Inc@?$istreambuf_iterator@DU?$char_traits@D@std@@@std@@AAEXXZ 004a76b0 f i CACIC_Utils.obj
 0002:00018720       ?_Peek@?$istreambuf_iterator@DU?$char_traits@D@std@@@std@@AAEDXZ 004a7720 f i CACIC_Utils.obj
 0002:000187b0       ??$_Debug_range@V?$istreambuf_iterator@DU?$char_traits@D@std@@@std@@@std@@YAXV?$istreambuf_iterator@DU?$char_traits@D@std@@@0@0PB_WI@Z 004a77b0 f i CACIC_Utils.obj
 0002:00018800       ??$_Getloctxt@DV?$istreambuf_iterator@DU?$char_traits@D@std@@@std@@@std@@YAHAAV?$istreambuf_iterator@DU?$char_traits@D@std@@@0@0IPBD@Z 004a7800 f i CACIC_Utils.obj
 0002:00018ad0       ??$?8DU?$char_traits@D@std@@@std@@YA_NABV?$istreambuf_iterator@DU?$char_traits@D@std@@@0@0@Z 004a7ad0 f i CACIC_Utils.obj
 0002:00018af0       ??$?9DU?$char_traits@D@std@@@std@@YA_NABV?$istreambuf_iterator@DU?$char_traits@D@std@@@0@0@Z 004a7af0 f i CACIC_Utils.obj
 0002:00018b20       ??$_Maklocbyte@D@std@@YADDABU_Cvtvec@@@Z 004a7b20 f i CACIC_Utils.obj
 0002:00018b30       ?equal@?$istreambuf_iterator@DU?$char_traits@D@std@@@std@@QBE_NABV12@@Z 004a7b30 f i CACIC_Utils.obj
 0002:00018bc0       ?_Init@?$num_get@DV?$istreambuf_iterator@DU?$char_traits@D@std@@@std@@@std@@IAEXABV_Locinfo@2@@Z 004a7bc0 f i CACIC_Utils.obj
 0002:00018c00       ??$_Iter_cat@V?$istreambuf_iterator@DU?$char_traits@D@std@@@std@@@std@@YA?AUinput_iterator_tag@0@ABV?$istreambuf_iterator@DU?$char_traits@D@std@@@0@@Z 004a7c00 f i CACIC_Utils.obj
 0002:00018c10       ??$_Debug_range2@V?$istreambuf_iterator@DU?$char_traits@D@std@@@std@@@std@@YAXV?$istreambuf_iterator@DU?$char_traits@D@std@@@0@0PB_WIUinput_iterator_tag@0@@Z 004a7c10 f i CACIC_Utils.obj
 0002:00018c20       ??0ClientConnection@@QAE@XZ 004a7c20 f   ClientConnection.obj
 0002:00018dc0       ??0ClientConnection@@QAE@PAVVNCviewerApp@@@Z 004a7dc0 f   ClientConnection.obj
 0002:00018f70       ??0ClientConnection@@QAE@PAVVNCviewerApp@@I@Z 004a7f70 f   ClientConnection.obj
 0002:000191d0       ??0ClientConnection@@QAE@PAVVNCviewerApp@@PADH@Z 004a81d0 f   ClientConnection.obj
 0002:00019400       ?Init@ClientConnection@@AAEXPAVVNCviewerApp@@@Z 004a8400 f   ClientConnection.obj
 0002:00019cc0       ?Run@ClientConnection@@QAEXXZ 004a8cc0 f   ClientConnection.obj
 0002:00019e40       ?DoConnection@ClientConnection@@AAEXXZ 004a8e40 f   ClientConnection.obj
 0002:00019f20       ?Reconnect@ClientConnection@@AAEXXZ 004a8f20 f   ClientConnection.obj
 0002:0001a020       ?GTGBS_ShowConnectWindow@ClientConnection@@AAEPAUHWND__@@XZ 004a9020 f   ClientConnection.obj
 0002:0001a070       ?CreateButtons@ClientConnection@@QAEXHH@Z 004a9070 f   ClientConnection.obj
 0002:0001b070       ?RebuildToolbar@ClientConnection@@QAEXPAUHWND__@@@Z 004aa070 f   ClientConnection.obj
 0002:0001b130       ?GTGBS_CreateToolbar@ClientConnection@@AAEXXZ 004aa130 f   ClientConnection.obj
 0002:0001b740       ?CreateDisplay@ClientConnection@@AAEXXZ 004aa740 f   ClientConnection.obj
 0002:0001bf70       ?LoadDSMPlugin@ClientConnection@@AAEX_N@Z 004aaf70 f   ClientConnection.obj
 0002:0001c0b0       ?SetDSMPluginStuff@ClientConnection@@AAEXXZ 004ab0b0 f   ClientConnection.obj
 0002:0001c290       ?HandleQuickOption@ClientConnection@@QAEXXZ 004ab290 f   ClientConnection.obj
 0002:0001c2e0       ?GetConnectDetails@ClientConnection@@AAEXXZ 004ab2e0 f   ClientConnection.obj
 0002:0001c680       ?SocketTimeout@@YGKPAX@Z   004ab680 f   ClientConnection.obj
 0002:0001c6f0       ?Connect@ClientConnection@@AAEXXZ 004ab6f0 f   ClientConnection.obj
 0002:0001cac0       ?ConnectProxy@ClientConnection@@AAEXXZ 004abac0 f   ClientConnection.obj
 0002:0001ce20       ?SetSocketOptions@ClientConnection@@AAEXXZ 004abe20 f   ClientConnection.obj
 0002:0001cf10       ?NegotiateProtocolVersion@ClientConnection@@AAEXXZ 004abf10 f   ClientConnection.obj
 0002:0001d390       ?NegotiateProxy@ClientConnection@@AAEXXZ 004ac390 f   ClientConnection.obj
 0002:0001d670       ?Authenticate@ClientConnection@@AAEXXZ 004ac670 f   ClientConnection.obj
 0002:0001df60       ?AuthMsLogon@ClientConnection@@AAEXXZ 004acf60 f   ClientConnection.obj
 0002:0001e500       ?SendClientInit@ClientConnection@@AAEXXZ 004ad500 f   ClientConnection.obj
 0002:0001e530       ?ReadServerInit@ClientConnection@@AAEXXZ 004ad530 f   ClientConnection.obj
 0002:0001e8a0       ?SizeWindow@ClientConnection@@AAEXXZ 004ad8a0 f   ClientConnection.obj
 0002:0001f030       ?CreateLocalFramebuffer@ClientConnection@@AAEXXZ 004ae030 f   ClientConnection.obj
 0002:0001f2e0       ?SetupPixelFormat@ClientConnection@@AAEXXZ 004ae2e0 f   ClientConnection.obj
 0002:0001f5c0       ?SetFormatAndEncodings@ClientConnection@@AAEXXZ 004ae5c0 f   ClientConnection.obj
 0002:0001fc30       ?Createdib@ClientConnection@@AAEXXZ 004aec30 f   ClientConnection.obj
 0002:00020150       ?KillThread@ClientConnection@@QAEXXZ 004af150 f   ClientConnection.obj
 0002:000201c0       ?SuspendThread@ClientConnection@@QAEXXZ 004af1c0 f   ClientConnection.obj
 0002:00020390       ?CloseWindows@ClientConnection@@QAEXXZ 004af390 f   ClientConnection.obj
 0002:00020400       ??1ClientConnection@@UAE@XZ 004af400 f   ClientConnection.obj
 0002:00020ab0       ?ScrollScreen@ClientConnection@@AAE_NHH@Z 004afab0 f   ClientConnection.obj
 0002:00020c90       ?SendClientCutText@ClientConnection@@AAEXPADH@Z 004afc90 f   ClientConnection.obj
 0002:00020d80       ?ShowConnInfo@ClientConnection@@AAEXXZ 004afd80 f   ClientConnection.obj
 0002:00020fc0       ?run_undetached@ClientConnection@@EAEPAXPAX@Z 004affc0 f   ClientConnection.obj
 0002:00021530       ?SendFullFramebufferUpdateRequest@ClientConnection@@AAEXXZ 004b0530 f   ClientConnection.obj
 0002:00021560       ?SendAppropriateFramebufferUpdateRequest@ClientConnection@@AAEXXZ 004b0560 f   ClientConnection.obj
 0002:00021790       ?SendServerScale@ClientConnection@@AAE_NH@Z 004b0790 f   ClientConnection.obj
 0002:000217d0       ?SendServerInput@ClientConnection@@AAE_NH@Z 004b07d0 f   ClientConnection.obj
 0002:00021810       ?SendSW@ClientConnection@@AAE_NHH@Z 004b0810 f   ClientConnection.obj
 0002:00021900       ?SetDormant@ClientConnection@@AAEX_N@Z 004b0900 f   ClientConnection.obj
 0002:00021970       ?ReadServerCutText@ClientConnection@@AAEXXZ 004b0970 f   ClientConnection.obj
 0002:00021a40       ?ReadBell@ClientConnection@@AAEXXZ 004b0a40 f   ClientConnection.obj
 0002:00021af0       ?ReadServerState@ClientConnection@@AAEXXZ 004b0af0 f   ClientConnection.obj
 0002:00021c40       ?ReadExact@ClientConnection@@AAEXPADH@Z 004b0c40 f   ClientConnection.obj
 0002:00021f20       ?ReadExactProxy@ClientConnection@@AAEXPADH@Z 004b0f20 f   ClientConnection.obj
 0002:00022010       ?ReadString@ClientConnection@@AAEXPADH@Z 004b1010 f   ClientConnection.obj
 0002:00022060       ?WriteExact@ClientConnection@@AAEXPADHE@Z 004b1060 f   ClientConnection.obj
 0002:000220c0       ?WriteExact@ClientConnection@@AAEXPADH@Z 004b10c0 f   ClientConnection.obj
 0002:000222a0       ?WriteExactProxy@ClientConnection@@AAEXPADH@Z 004b12a0 f   ClientConnection.obj
 0002:00022400       ?CheckBufferSize@ClientConnection@@AAEXH@Z 004b1400 f   ClientConnection.obj
 0002:00022510       ?CheckZipBufferSize@ClientConnection@@AAEXH@Z 004b1510 f   ClientConnection.obj
 0002:00022620       ?CheckFileZipBufferSize@ClientConnection@@AAEXH@Z 004b1620 f   ClientConnection.obj
 0002:00022730       ?CheckFileChunkBufferSize@ClientConnection@@AAEXH@Z 004b1730 f   ClientConnection.obj
 0002:00022840       ?ReadNewFBSize@ClientConnection@@AAEXPAUrfbFramebufferUpdateRectHeader@@@Z 004b1840 f   ClientConnection.obj
 0002:000228f0       ?GetFriendlySizeString@ClientConnection@@AAEX_JPAD@Z 004b18f0 f   ClientConnection.obj
 0002:00022ab0       ?UpdateStatusFields@ClientConnection@@AAEXXZ 004b1ab0 f   ClientConnection.obj
 0002:00023030       ?GTGBS_ScrollToolbar@ClientConnection@@QAEXHH@Z 004b2030 f   ClientConnection.obj
 0002:00023040       ?GTGBS_CreateDisplay@ClientConnection@@QAEXXZ 004b2040 f   ClientConnection.obj
 0002:000231a0       ?GTGBS_ShowStatusWindow@ClientConnection@@CGJPAX@Z 004b21a0 f   ClientConnection.obj
 0002:000231f0       ?GTGBS_StatusProc@ClientConnection@@CGJPAUHWND__@@IIJ@Z 004b21f0 f   ClientConnection.obj
 0002:00023620       ?GTGBS_SendCustomKey_proc@ClientConnection@@CGJPAUHWND__@@IIJ@Z 004b2620 f   ClientConnection.obj
 0002:00023810       ?WndProc@ClientConnection@@CGJPAUHWND__@@IIJ@Z 004b2810 f   ClientConnection.obj
 0002:000259b0       ?WndProcTBwin@ClientConnection@@CGJPAUHWND__@@IIJ@Z 004b49b0 f   ClientConnection.obj
 0002:000260d0       ?WndProchwnd@ClientConnection@@CGJPAUHWND__@@IIJ@Z 004b50d0 f   ClientConnection.obj
 0002:00026b90       ?ConvertAll@ClientConnection@@AAEXHHHHHPAE0H@Z 004b5b90 f   ClientConnection.obj
 0002:00026c20       ?Check_Rectangle_borders@ClientConnection@@AAE_NHHHH@Z 004b5c20 f   ClientConnection.obj
 0002:0002a4b0       ?run@omni_thread@@EAEXPAX@Z 004b94b0 f i ClientConnection.obj
 0002:0002a4c0       ??_EClientConnection@@UAEPAXI@Z 004b94c0 f i ClientConnection.obj
 0002:0002a4c0       ??_GClientConnection@@UAEPAXI@Z 004b94c0 f i ClientConnection.obj
 0002:0002a500       ?GetSafeHwnd@CTitleBar@@QAEPAUHWND__@@XZ 004b9500 f i ClientConnection.obj
 0002:0002a520       ?Print@Log@@QAAXHPADZZ     004b9520 f i ClientConnection.obj
 0002:0002a560       ?SetWindowHandle@AccelKeys@@QAEXPAUHWND__@@@Z 004b9560 f i ClientConnection.obj
 0002:0002a580       ?IsLoaded@CDSMPlugin@@QAE_NXZ 004b9580 f i ClientConnection.obj
 0002:0002a5a0       ?IsEnabled@CDSMPlugin@@QAE_NXZ 004b95a0 f i ClientConnection.obj
 0002:0002a5c0       ??0WarningException@@QAE@ABV0@@Z 004b95c0 f i ClientConnection.obj
 0002:0002a600       ??0Exception@@QAE@ABV0@@Z  004b9600 f i ClientConnection.obj
 0002:0002a640       ??_GWarningException@@UAEPAXI@Z 004b9640 f i ClientConnection.obj
 0002:0002a640       ??_EWarningException@@UAEPAXI@Z 004b9640 f i ClientConnection.obj
 0002:0002a680       ??_EException@@UAEPAXI@Z   004b9680 f i ClientConnection.obj
 0002:0002a680       ??_GException@@UAEPAXI@Z   004b9680 f i ClientConnection.obj
 0002:0002a6c0       ??0QuietException@@QAE@ABV0@@Z 004b96c0 f i ClientConnection.obj
 0002:0002a6f0       ??_EQuietException@@UAEPAXI@Z 004b96f0 f i ClientConnection.obj
 0002:0002a6f0       ??_GQuietException@@UAEPAXI@Z 004b96f0 f i ClientConnection.obj
 0002:0002a730       ?SetDSMMode@FdInStream@rdr@@QAEX_N@Z 004b9730 f i ClientConnection.obj
 0002:0002a750       ??0ErrorException@@QAE@ABV0@@Z 004b9750 f i ClientConnection.obj
 0002:0002a780       ??_GErrorException@@UAEPAXI@Z 004b9780 f i ClientConnection.obj
 0002:0002a780       ??_EErrorException@@UAEPAXI@Z 004b9780 f i ClientConnection.obj
 0002:0002a7c0       ?GetPluginName@CDSMPlugin@@QAEPADXZ 004b97c0 f i ClientConnection.obj
 0002:0002a7e0       ?GetPluginVersion@CDSMPlugin@@QAEPADXZ 004b97e0 f i ClientConnection.obj
 0002:0002a800       ??0omni_mutex_lock@@QAE@AAVomni_mutex@@@Z 004b9800 f i ClientConnection.obj
 0002:0002a830       ??1omni_mutex_lock@@QAE@XZ 004b9830 f i ClientConnection.obj
 0002:0002a850       ?FillSolidRect@ClientConnection@@AAEXPAUtagRECT@@K@Z 004b9850 f i ClientConnection.obj
 0002:0002a8b0       ??0ObjectSelector@@QAE@PAUHDC__@@PAX@Z 004b98b0 f i ClientConnection.obj
 0002:0002a8f0       ??1ObjectSelector@@QAE@XZ  004b98f0 f i ClientConnection.obj
 0002:0002a920       ??0PaletteSelector@@QAE@PAUHDC__@@PAUHPALETTE__@@@Z 004b9920 f i ClientConnection.obj
 0002:0002a990       ??1PaletteSelector@@QAE@XZ 004b9990 f i ClientConnection.obj
 0002:0002a9e0       ??0TempDC@@QAE@PAUHWND__@@@Z 004b99e0 f i ClientConnection.obj
 0002:0002aa20       ??1TempDC@@QAE@XZ          004b9a20 f i ClientConnection.obj
 0002:0002aa50       ??BTempDC@@QAEPAUHDC__@@XZ 004b9a50 f i ClientConnection.obj
 0002:0002aa70       ??_GKeyMap@@QAEPAXI@Z      004b9a70 f i ClientConnection.obj
 0002:0002aab0       ??1KeyMap@@QAE@XZ          004b9ab0 f i ClientConnection.obj
 0002:0002ada0       ??1?$map@_WKU?$less@_W@std@@V?$allocator@U?$pair@$$CB_WK@std@@@2@@std@@QAE@XZ 004b9da0 f i ClientConnection.obj
 0002:0002adc0       ??1?$map@K_WU?$less@K@std@@V?$allocator@U?$pair@$$CBK_W@std@@@2@@std@@QAE@XZ 004b9dc0 f i ClientConnection.obj
 0002:0002ade0       ?UpdateScrollbars@ClientConnection@@AAEXXZ 004b9de0 f i ClientConnection.obj
 0002:0002aef0       ?readU8@InStream@rdr@@QAEEXZ 004b9ef0 f i ClientConnection.obj
 0002:0002af40       ?check@InStream@rdr@@QAEHHH@Z 004b9f40 f i ClientConnection.obj
 0002:0002afc0       ?SendFramebufferUpdateRequest@ClientConnection@@AAEXHHHH_N@Z 004b9fc0 f i ClientConnection.obj
 0002:0002b110       ?SendIncrementalFramebufferUpdateRequest@ClientConnection@@AAEXXZ 004ba110 f i ClientConnection.obj
 0002:0002b150       ?ReadScreenUpdate@ClientConnection@@AAEXXZ 004ba150 f i ClientConnection.obj
 0002:0002c1f0       ?GetReadFromMemoryBuffer@FdInStream@rdr@@QAE_NXZ 004bb1f0 f i ClientConnection.obj
 0002:0002c210       ?CheckNetRectBufferSize@ClientConnection@@AAEXH@Z 004bb210 f i ClientConnection.obj
 0002:0002c320       ?CheckZRLENetRectBufferSize@ClientConnection@@AAEXH@Z 004bb320 f i ClientConnection.obj
 0002:0002c430       ?GetBytesRead@FdInStream@rdr@@QAE_JXZ 004bb430 f i ClientConnection.obj
 0002:0002c450       ?ProcessMouseWheel@ClientConnection@@AAEXH@Z 004bb450 f i ClientConnection.obj
 0002:0002c510       ?SendPointerEvent@ClientConnection@@AAEXHHH@Z 004bb510 f i ClientConnection.obj
 0002:0002c670       ?ProcessKeyEvent@ClientConnection@@AAEXHK@Z 004bb670 f i ClientConnection.obj
 0002:0002ca20       ?SendKeyEvent@ClientConnection@@QAEXK_N@Z 004bba20 f i ClientConnection.obj
 0002:0002cb20       ?ProcessPointerEvent@ClientConnection@@AAEXHHKI@Z 004bbb20 f i ClientConnection.obj
 0002:0002ceb0       ?SubProcessPointerEvent@ClientConnection@@AAEXHHK@Z 004bbeb0 f i ClientConnection.obj
 0002:0002d0f0       ?DoBlit@ClientConnection@@AAEXXZ 004bc0f0 f i ClientConnection.obj
 0002:0002d690       ??1?$_Tree@V?$_Tmap_traits@_WKU?$less@_W@std@@V?$allocator@U?$pair@$$CB_WK@std@@@2@$0A@@std@@@std@@QAE@XZ 004bc690 f i ClientConnection.obj
 0002:0002d700       ??1?$_Tree@V?$_Tmap_traits@K_WU?$less@K@std@@V?$allocator@U?$pair@$$CBK_W@std@@@2@$0A@@std@@@std@@QAE@XZ 004bc700 f i ClientConnection.obj
 0002:0002d770       ??1?$_Tree_val@V?$_Tmap_traits@_WKU?$less@_W@std@@V?$allocator@U?$pair@$$CB_WK@std@@@2@$0A@@std@@@std@@QAE@XZ 004bc770 f i ClientConnection.obj
 0002:0002d790       ??1?$_Tree_val@V?$_Tmap_traits@K_WU?$less@K@std@@V?$allocator@U?$pair@$$CBK_W@std@@@2@$0A@@std@@@std@@QAE@XZ 004bc790 f i ClientConnection.obj
 0002:0002d7b0       ??1?$_Tree_ptr@V?$_Tmap_traits@_WKU?$less@_W@std@@V?$allocator@U?$pair@$$CB_WK@std@@@2@$0A@@std@@@std@@QAE@XZ 004bc7b0 f i ClientConnection.obj
 0002:0002d7d0       ??1?$_Tree_ptr@V?$_Tmap_traits@K_WU?$less@K@std@@V?$allocator@U?$pair@$$CBK_W@std@@@2@$0A@@std@@@std@@QAE@XZ 004bc7d0 f i ClientConnection.obj
 0002:0002d7f0       ??1?$_Tree_nod@V?$_Tmap_traits@_WKU?$less@_W@std@@V?$allocator@U?$pair@$$CB_WK@std@@@2@$0A@@std@@@std@@QAE@XZ 004bc7f0 f i ClientConnection.obj
 0002:0002d810       ??1?$_Tree_nod@V?$_Tmap_traits@K_WU?$less@K@std@@V?$allocator@U?$pair@$$CBK_W@std@@@2@$0A@@std@@@std@@QAE@XZ 004bc810 f i ClientConnection.obj
 0002:0002d830       ??1?$_Tmap_traits@_WKU?$less@_W@std@@V?$allocator@U?$pair@$$CB_WK@std@@@2@$0A@@std@@QAE@XZ 004bc830 f i ClientConnection.obj
 0002:0002d850       ??1?$_Tmap_traits@K_WU?$less@K@std@@V?$allocator@U?$pair@$$CBK_W@std@@@2@$0A@@std@@QAE@XZ 004bc850 f i ClientConnection.obj
 0002:0002d870       ?_Tidy@?$_Tree@V?$_Tmap_traits@_WKU?$less@_W@std@@V?$allocator@U?$pair@$$CB_WK@std@@@2@$0A@@std@@@std@@IAEXXZ 004bc870 f i ClientConnection.obj
 0002:0002da10       ??1?$_Container_base_aux_alloc_empty@V?$allocator@U?$pair@$$CB_WK@std@@@std@@@std@@IAE@XZ 004bca10 f i ClientConnection.obj
 0002:0002da30       ?_Tidy@?$_Tree@V?$_Tmap_traits@K_WU?$less@K@std@@V?$allocator@U?$pair@$$CBK_W@std@@@2@$0A@@std@@@std@@IAEXXZ 004bca30 f i ClientConnection.obj
 0002:0002dbd0       ??1?$_Container_base_aux_alloc_empty@V?$allocator@U?$pair@$$CBK_W@std@@@std@@@std@@IAE@XZ 004bcbd0 f i ClientConnection.obj
 0002:0002dbf0       ??1iterator@?$_Tree@V?$_Tmap_traits@_WKU?$less@_W@std@@V?$allocator@U?$pair@$$CB_WK@std@@@2@$0A@@std@@@std@@QAE@XZ 004bcbf0 f i ClientConnection.obj
 0002:0002dc10       ??0const_iterator@?$_Tree@V?$_Tmap_traits@_WKU?$less@_W@std@@V?$allocator@U?$pair@$$CB_WK@std@@@2@$0A@@std@@@std@@QAE@ABV012@@Z 004bcc10 f i ClientConnection.obj
 0002:0002dc50       ??1const_iterator@?$_Tree@V?$_Tmap_traits@_WKU?$less@_W@std@@V?$allocator@U?$pair@$$CB_WK@std@@@2@$0A@@std@@@std@@QAE@XZ 004bcc50 f i ClientConnection.obj
 0002:0002dc70       ??1iterator@?$_Tree@V?$_Tmap_traits@K_WU?$less@K@std@@V?$allocator@U?$pair@$$CBK_W@std@@@2@$0A@@std@@@std@@QAE@XZ 004bcc70 f i ClientConnection.obj
 0002:0002dc90       ??0const_iterator@?$_Tree@V?$_Tmap_traits@K_WU?$less@K@std@@V?$allocator@U?$pair@$$CBK_W@std@@@2@$0A@@std@@@std@@QAE@ABV012@@Z 004bcc90 f i ClientConnection.obj
 0002:0002dcd0       ??1const_iterator@?$_Tree@V?$_Tmap_traits@K_WU?$less@K@std@@V?$allocator@U?$pair@$$CBK_W@std@@@2@$0A@@std@@@std@@QAE@XZ 004bccd0 f i ClientConnection.obj
 0002:0002dcf0       ??0?$_Bidit@U?$pair@$$CB_WK@std@@HPBU12@ABU12@@std@@QAE@ABU01@@Z 004bccf0 f i ClientConnection.obj
 0002:0002dd20       ??1?$_Bidit@U?$pair@$$CB_WK@std@@HPBU12@ABU12@@std@@QAE@XZ 004bcd20 f i ClientConnection.obj
 0002:0002dd40       ??0?$_Bidit@U?$pair@$$CBK_W@std@@HPBU12@ABU12@@std@@QAE@ABU01@@Z 004bcd40 f i ClientConnection.obj
 0002:0002dd70       ??1?$_Bidit@U?$pair@$$CBK_W@std@@HPBU12@ABU12@@std@@QAE@XZ 004bcd70 f i ClientConnection.obj
 0002:0002dd90       ??0?$_Iterator_with_base@Ubidirectional_iterator_tag@std@@U?$pair@$$CB_WK@2@HPBU32@ABU32@V_Iterator_base@2@@std@@QAE@ABU01@@Z 004bcd90 f i ClientConnection.obj
 0002:0002ddc0       ??1?$_Iterator_with_base@Ubidirectional_iterator_tag@std@@U?$pair@$$CB_WK@2@HPBU32@ABU32@V_Iterator_base@2@@std@@QAE@XZ 004bcdc0 f i ClientConnection.obj
 0002:0002dde0       ??0?$_Iterator_with_base@Ubidirectional_iterator_tag@std@@U?$pair@$$CBK_W@2@HPBU32@ABU32@V_Iterator_base@2@@std@@QAE@ABU01@@Z 004bcde0 f i ClientConnection.obj
 0002:0002de10       ??1?$_Iterator_with_base@Ubidirectional_iterator_tag@std@@U?$pair@$$CBK_W@2@HPBU32@ABU32@V_Iterator_base@2@@std@@QAE@XZ 004bce10 f i ClientConnection.obj
 0002:0002de30       ?_Left@?$_Tree@V?$_Tmap_traits@_WKU?$less@_W@std@@V?$allocator@U?$pair@$$CB_WK@std@@@2@$0A@@std@@@std@@KAAAPAU_Node@?$_Tree_nod@V?$_Tmap_traits@_WKU?$less@_W@std@@V?$allocator@U?$pair@$$CB_WK@std@@@2@$0A@@std@@@2@PAU342@@Z 004bce30 f i ClientConnection.obj
 0002:0002de40       ?_Parent@?$_Tree@V?$_Tmap_traits@_WKU?$less@_W@std@@V?$allocator@U?$pair@$$CB_WK@std@@@2@$0A@@std@@@std@@KAAAPAU_Node@?$_Tree_nod@V?$_Tmap_traits@_WKU?$less@_W@std@@V?$allocator@U?$pair@$$CB_WK@std@@@2@$0A@@std@@@2@PAU342@@Z 004bce40 f i ClientConnection.obj
 0002:0002de50       ?_Right@?$_Tree@V?$_Tmap_traits@_WKU?$less@_W@std@@V?$allocator@U?$pair@$$CB_WK@std@@@2@$0A@@std@@@std@@KAAAPAU_Node@?$_Tree_nod@V?$_Tmap_traits@_WKU?$less@_W@std@@V?$allocator@U?$pair@$$CB_WK@std@@@2@$0A@@std@@@2@PAU342@@Z 004bce50 f i ClientConnection.obj
 0002:0002de60       ?begin@?$_Tree@V?$_Tmap_traits@_WKU?$less@_W@std@@V?$allocator@U?$pair@$$CB_WK@std@@@2@$0A@@std@@@std@@QAE?AViterator@12@XZ 004bce60 f i ClientConnection.obj
 0002:0002deb0       ?end@?$_Tree@V?$_Tmap_traits@_WKU?$less@_W@std@@V?$allocator@U?$pair@$$CB_WK@std@@@2@$0A@@std@@@std@@QAE?AViterator@12@XZ 004bceb0 f i ClientConnection.obj
 0002:0002df00       ?erase@?$_Tree@V?$_Tmap_traits@_WKU?$less@_W@std@@V?$allocator@U?$pair@$$CB_WK@std@@@2@$0A@@std@@@std@@QAE?AViterator@12@Vconst_iterator@12@0@Z 004bcf00 f i ClientConnection.obj
 0002:0002e170       ?deallocate@?$allocator@U_Node@?$_Tree_nod@V?$_Tmap_traits@_WKU?$less@_W@std@@V?$allocator@U?$pair@$$CB_WK@std@@@2@$0A@@std@@@std@@@std@@QAEXPAU_Node@?$_Tree_nod@V?$_Tmap_traits@_WKU?$less@_W@std@@V?$allocator@U?$pair@$$CB_WK@std@@@2@$0A@@std@@@2@I@Z 004bd170 f i ClientConnection.obj
 0002:0002e190       ?destroy@?$allocator@PAU_Node@?$_Tree_nod@V?$_Tmap_traits@_WKU?$less@_W@std@@V?$allocator@U?$pair@$$CB_WK@std@@@2@$0A@@std@@@std@@@std@@QAEXPAPAU_Node@?$_Tree_nod@V?$_Tmap_traits@_WKU?$less@_W@std@@V?$allocator@U?$pair@$$CB_WK@std@@@2@$0A@@std@@@2@@Z 004bd190 f i ClientConnection.obj
 0002:0002e1b0       ?_Left@?$_Tree@V?$_Tmap_traits@K_WU?$less@K@std@@V?$allocator@U?$pair@$$CBK_W@std@@@2@$0A@@std@@@std@@KAAAPAU_Node@?$_Tree_nod@V?$_Tmap_traits@K_WU?$less@K@std@@V?$allocator@U?$pair@$$CBK_W@std@@@2@$0A@@std@@@2@PAU342@@Z 004bd1b0 f i ClientConnection.obj
 0002:0002e1c0       ?_Parent@?$_Tree@V?$_Tmap_traits@K_WU?$less@K@std@@V?$allocator@U?$pair@$$CBK_W@std@@@2@$0A@@std@@@std@@KAAAPAU_Node@?$_Tree_nod@V?$_Tmap_traits@K_WU?$less@K@std@@V?$allocator@U?$pair@$$CBK_W@std@@@2@$0A@@std@@@2@PAU342@@Z 004bd1c0 f i ClientConnection.obj
 0002:0002e1d0       ?_Right@?$_Tree@V?$_Tmap_traits@K_WU?$less@K@std@@V?$allocator@U?$pair@$$CBK_W@std@@@2@$0A@@std@@@std@@KAAAPAU_Node@?$_Tree_nod@V?$_Tmap_traits@K_WU?$less@K@std@@V?$allocator@U?$pair@$$CBK_W@std@@@2@$0A@@std@@@2@PAU342@@Z 004bd1d0 f i ClientConnection.obj
 0002:0002e1e0       ?begin@?$_Tree@V?$_Tmap_traits@K_WU?$less@K@std@@V?$allocator@U?$pair@$$CBK_W@std@@@2@$0A@@std@@@std@@QAE?AViterator@12@XZ 004bd1e0 f i ClientConnection.obj
 0002:0002e230       ?end@?$_Tree@V?$_Tmap_traits@K_WU?$less@K@std@@V?$allocator@U?$pair@$$CBK_W@std@@@2@$0A@@std@@@std@@QAE?AViterator@12@XZ 004bd230 f i ClientConnection.obj
 0002:0002e280       ?erase@?$_Tree@V?$_Tmap_traits@K_WU?$less@K@std@@V?$allocator@U?$pair@$$CBK_W@std@@@2@$0A@@std@@@std@@QAE?AViterator@12@Vconst_iterator@12@0@Z 004bd280 f i ClientConnection.obj
 0002:0002e4f0       ?deallocate@?$allocator@U_Node@?$_Tree_nod@V?$_Tmap_traits@K_WU?$less@K@std@@V?$allocator@U?$pair@$$CBK_W@std@@@2@$0A@@std@@@std@@@std@@QAEXPAU_Node@?$_Tree_nod@V?$_Tmap_traits@K_WU?$less@K@std@@V?$allocator@U?$pair@$$CBK_W@std@@@2@$0A@@std@@@2@I@Z 004bd4f0 f i ClientConnection.obj
 0002:0002e510       ?destroy@?$allocator@PAU_Node@?$_Tree_nod@V?$_Tmap_traits@K_WU?$less@K@std@@V?$allocator@U?$pair@$$CBK_W@std@@@2@$0A@@std@@@std@@@std@@QAEXPAPAU_Node@?$_Tree_nod@V?$_Tmap_traits@K_WU?$less@K@std@@V?$allocator@U?$pair@$$CBK_W@std@@@2@$0A@@std@@@2@@Z 004bd510 f i ClientConnection.obj
 0002:0002e530       ?_Make_iter@?$_Tree@V?$_Tmap_traits@_WKU?$less@_W@std@@V?$allocator@U?$pair@$$CB_WK@std@@@2@$0A@@std@@@std@@QBE?AViterator@12@Vconst_iterator@12@@Z 004bd530 f i ClientConnection.obj
 0002:0002e5f0       ?erase@?$_Tree@V?$_Tmap_traits@_WKU?$less@_W@std@@V?$allocator@U?$pair@$$CB_WK@std@@@2@$0A@@std@@@std@@QAE?AViterator@12@Vconst_iterator@12@@Z 004bd5f0 f i ClientConnection.obj
 0002:0002eff0       ?clear@?$_Tree@V?$_Tmap_traits@_WKU?$less@_W@std@@V?$allocator@U?$pair@$$CB_WK@std@@@2@$0A@@std@@@std@@QAEXXZ 004bdff0 f i ClientConnection.obj
 0002:0002f070       ?_Lmost@?$_Tree@V?$_Tmap_traits@_WKU?$less@_W@std@@V?$allocator@U?$pair@$$CB_WK@std@@@2@$0A@@std@@@std@@IBEAAPAU_Node@?$_Tree_nod@V?$_Tmap_traits@_WKU?$less@_W@std@@V?$allocator@U?$pair@$$CB_WK@std@@@2@$0A@@std@@@2@XZ 004be070 f i ClientConnection.obj
 0002:0002f090       ?_Make_iter@?$_Tree@V?$_Tmap_traits@K_WU?$less@K@std@@V?$allocator@U?$pair@$$CBK_W@std@@@2@$0A@@std@@@std@@QBE?AViterator@12@Vconst_iterator@12@@Z 004be090 f i ClientConnection.obj
 0002:0002f150       ?erase@?$_Tree@V?$_Tmap_traits@K_WU?$less@K@std@@V?$allocator@U?$pair@$$CBK_W@std@@@2@$0A@@std@@@std@@QAE?AViterator@12@Vconst_iterator@12@@Z 004be150 f i ClientConnection.obj
 0002:0002fb50       ?clear@?$_Tree@V?$_Tmap_traits@K_WU?$less@K@std@@V?$allocator@U?$pair@$$CBK_W@std@@@2@$0A@@std@@@std@@QAEXXZ 004beb50 f i ClientConnection.obj
 0002:0002fbd0       ?_Lmost@?$_Tree@V?$_Tmap_traits@K_WU?$less@K@std@@V?$allocator@U?$pair@$$CBK_W@std@@@2@$0A@@std@@@std@@IBEAAPAU_Node@?$_Tree_nod@V?$_Tmap_traits@K_WU?$less@K@std@@V?$allocator@U?$pair@$$CBK_W@std@@@2@$0A@@std@@@2@XZ 004bebd0 f i ClientConnection.obj
 0002:0002fbf0       ??0iterator@?$_Tree@V?$_Tmap_traits@_WKU?$less@_W@std@@V?$allocator@U?$pair@$$CB_WK@std@@@2@$0A@@std@@@std@@QAE@PAU_Node@?$_Tree_nod@V?$_Tmap_traits@_WKU?$less@_W@std@@V?$allocator@U?$pair@$$CB_WK@std@@@2@$0A@@std@@@2@PBV12@@Z 004bebf0 f i ClientConnection.obj
 0002:0002fc20       ??Econst_iterator@?$_Tree@V?$_Tmap_traits@_WKU?$less@_W@std@@V?$allocator@U?$pair@$$CB_WK@std@@@2@$0A@@std@@@std@@QAE?AV012@H@Z 004bec20 f i ClientConnection.obj
 0002:0002fcc0       ??8const_iterator@?$_Tree@V?$_Tmap_traits@_WKU?$less@_W@std@@V?$allocator@U?$pair@$$CB_WK@std@@@2@$0A@@std@@@std@@QBE_NABV012@@Z 004becc0 f i ClientConnection.obj
 0002:0002fd70       ??9const_iterator@?$_Tree@V?$_Tmap_traits@_WKU?$less@_W@std@@V?$allocator@U?$pair@$$CB_WK@std@@@2@$0A@@std@@@std@@QBE_NABV012@@Z 004bed70 f i ClientConnection.obj
 0002:0002fda0       ??0iterator@?$_Tree@V?$_Tmap_traits@K_WU?$less@K@std@@V?$allocator@U?$pair@$$CBK_W@std@@@2@$0A@@std@@@std@@QAE@PAU_Node@?$_Tree_nod@V?$_Tmap_traits@K_WU?$less@K@std@@V?$allocator@U?$pair@$$CBK_W@std@@@2@$0A@@std@@@2@PBV12@@Z 004beda0 f i ClientConnection.obj
 0002:0002fdd0       ??Econst_iterator@?$_Tree@V?$_Tmap_traits@K_WU?$less@K@std@@V?$allocator@U?$pair@$$CBK_W@std@@@2@$0A@@std@@@std@@QAE?AV012@H@Z 004bedd0 f i ClientConnection.obj
 0002:0002fe70       ??8const_iterator@?$_Tree@V?$_Tmap_traits@K_WU?$less@K@std@@V?$allocator@U?$pair@$$CBK_W@std@@@2@$0A@@std@@@std@@QBE_NABV012@@Z 004bee70 f i ClientConnection.obj
 0002:0002ff20       ??9const_iterator@?$_Tree@V?$_Tmap_traits@K_WU?$less@K@std@@V?$allocator@U?$pair@$$CBK_W@std@@@2@$0A@@std@@@std@@QBE_NABV012@@Z 004bef20 f i ClientConnection.obj
 0002:0002ff50       ??0iterator@?$_Tree@V?$_Tmap_traits@_WKU?$less@_W@std@@V?$allocator@U?$pair@$$CB_WK@std@@@2@$0A@@std@@@std@@QAE@ABV012@@Z 004bef50 f i ClientConnection.obj
 0002:0002ff80       ??0iterator@?$_Tree@V?$_Tmap_traits@K_WU?$less@K@std@@V?$allocator@U?$pair@$$CBK_W@std@@@2@$0A@@std@@@std@@QAE@ABV012@@Z 004bef80 f i ClientConnection.obj
 0002:0002ffb0       ?_Color@?$_Tree@V?$_Tmap_traits@_WKU?$less@_W@std@@V?$allocator@U?$pair@$$CB_WK@std@@@2@$0A@@std@@@std@@KAAADPAU_Node@?$_Tree_nod@V?$_Tmap_traits@_WKU?$less@_W@std@@V?$allocator@U?$pair@$$CB_WK@std@@@2@$0A@@std@@@2@@Z 004befb0 f i ClientConnection.obj
 0002:0002ffc0       ?_Isnil@?$_Tree@V?$_Tmap_traits@_WKU?$less@_W@std@@V?$allocator@U?$pair@$$CB_WK@std@@@2@$0A@@std@@@std@@KAAADPAU_Node@?$_Tree_nod@V?$_Tmap_traits@_WKU?$less@_W@std@@V?$allocator@U?$pair@$$CB_WK@std@@@2@$0A@@std@@@2@@Z 004befc0 f i ClientConnection.obj
 0002:0002ffd0       ?_Erase@?$_Tree@V?$_Tmap_traits@_WKU?$less@_W@std@@V?$allocator@U?$pair@$$CB_WK@std@@@2@$0A@@std@@@std@@IAEXPAU_Node@?$_Tree_nod@V?$_Tmap_traits@_WKU?$less@_W@std@@V?$allocator@U?$pair@$$CB_WK@std@@@2@$0A@@std@@@2@@Z 004befd0 f i ClientConnection.obj
[...]
 0005:00000cb8       __imp__GetFullPathNameA@16 005f1cb8     kernel32:KERNEL32.dll
 0005:00000cbc       __imp__GetFileAttributesA@4 005f1cbc     kernel32:KERNEL32.dll
 0005:00000cc0       __imp__SetStdHandle@8      005f1cc0     kernel32:KERNEL32.dll
 0005:00000cc4       __imp__GetTimeZoneInformation@4 005f1cc4     kernel32:KERNEL32.dll
 0005:00000cc8       __imp__GetLocalTime@4      005f1cc8     kernel32:KERNEL32.dll
 0005:00000ccc       __imp__GetSystemTimeAsFileTime@4 005f1ccc     kernel32:KERNEL32.dll
 0005:00000cd0       __imp__GetFileType@4       005f1cd0     kernel32:KERNEL32.dll
 0005:00000cd4       __imp__WriteConsoleW@20    005f1cd4     kernel32:KERNEL32.dll
 0005:00000cd8       __imp__GetModuleFileNameW@12 005f1cd8     kernel32:KERNEL32.dll
 0005:00000cdc       __imp__IsDebuggerPresent@0 005f1cdc     kernel32:KERNEL32.dll
 0005:00000ce0       __imp__SetUnhandledExceptionFilter@4 005f1ce0     kernel32:KERNEL32.dll
 0005:00000ce4       __imp__UnhandledExceptionFilter@4 005f1ce4     kernel32:KERNEL32.dll
 0005:00000ce8       __imp__TerminateProcess@8  005f1ce8     kernel32:KERNEL32.dll
 0005:00000cec       __imp__RaiseException@16   005f1cec     kernel32:KERNEL32.dll
 0005:00000cf0       __imp__RtlUnwind@16        005f1cf0     kernel32:KERNEL32.dll
 0005:00000cf4       __imp__InterlockedCompareExchange@12 005f1cf4     kernel32:KERNEL32.dll
 0005:00000cf8       __imp__MultiByteToWideChar@24 005f1cf8     kernel32:KERNEL32.dll
 0005:00000cfc       __imp__InterlockedExchange@8 005f1cfc     kernel32:KERNEL32.dll
 0005:00000d00       __imp__InterlockedDecrement@4 005f1d00     kernel32:KERNEL32.dll
 0005:00000d04       __imp__InterlockedIncrement@4 005f1d04     kernel32:KERNEL32.dll
 0005:00000d08       __imp__QueryPerformanceCounter@4 005f1d08     kernel32:KERNEL32.dll
 0005:00000d0c       __imp__QueryPerformanceFrequency@4 005f1d0c     kernel32:KERNEL32.dll
 0005:00000d10       __imp__FileTimeToLocalFileTime@8 005f1d10     kernel32:KERNEL32.dll
 0005:00000d14       __imp__FileTimeToSystemTime@8 005f1d14     kernel32:KERNEL32.dll
 0005:00000d18       __imp__GetTickCount@0      005f1d18     kernel32:KERNEL32.dll
 0005:00000d1c       __imp__SetErrorMode@4      005f1d1c     kernel32:KERNEL32.dll
 0005:00000d20       __imp__LoadLibraryA@4      005f1d20     kernel32:KERNEL32.dll
 0005:00000d24       __imp__GetProcAddress@8    005f1d24     kernel32:KERNEL32.dll
 0005:00000d28       __imp__FreeLibrary@4       005f1d28     kernel32:KERNEL32.dll
 0005:00000d2c       __imp__DeleteFileA@4       005f1d2c     kernel32:KERNEL32.dll
 0005:00000d30       __imp__GetModuleFileNameA@12 005f1d30     kernel32:KERNEL32.dll
 0005:00000d34       __imp__FindFirstFileA@8    005f1d34     kernel32:KERNEL32.dll
 0005:00000d38       __imp__FindNextFileA@8     005f1d38     kernel32:KERNEL32.dll
 0005:00000d3c       __imp__FindClose@4         005f1d3c     kernel32:KERNEL32.dll
 0005:00000d40       __imp__WideCharToMultiByte@32 005f1d40     kernel32:KERNEL32.dll
 0005:00000d44       __imp__GetPrivateProfileStringA@24 005f1d44     kernel32:KERNEL32.dll
 0005:00000d48       __imp__GetPrivateProfileIntA@16 005f1d48     kernel32:KERNEL32.dll
 0005:00000d4c       __imp__WritePrivateProfileStringA@16 005f1d4c     kernel32:KERNEL32.dll
 0005:00000d50       __imp__GlobalAlloc@8       005f1d50     kernel32:KERNEL32.dll
 0005:00000d54       __imp__GlobalLock@4        005f1d54     kernel32:KERNEL32.dll
 0005:00000d58       __imp__GlobalUnlock@4      005f1d58     kernel32:KERNEL32.dll
 0005:00000d5c       __imp__GetLastError@0      005f1d5c     kernel32:KERNEL32.dll
 0005:00000d60       __imp__FormatMessageA@28   005f1d60     kernel32:KERNEL32.dll
 0005:00000d64       __imp__LocalFree@4         005f1d64     kernel32:KERNEL32.dll
 0005:00000d68       __imp__Beep@8              005f1d68     kernel32:KERNEL32.dll
 0005:00000d6c       __imp__CloseHandle@4       005f1d6c     kernel32:KERNEL32.dll
 0005:00000d70       __imp__WaitForSingleObject@8 005f1d70     kernel32:KERNEL32.dll
 0005:00000d74       __imp__SetEvent@4          005f1d74     kernel32:KERNEL32.dll
 0005:00000d78       __imp__CreateThread@24     005f1d78     kernel32:KERNEL32.dll
 0005:00000d7c       __imp__ResumeThread@4      005f1d7c     kernel32:KERNEL32.dll
 0005:00000d80       __imp__Sleep@4             005f1d80     kernel32:KERNEL32.dll
 0005:00000d84       __imp__CreateEventA@16     005f1d84     kernel32:KERNEL32.dll
 0005:00000d88       __imp__GetVersionExA@4     005f1d88     kernel32:KERNEL32.dll
 0005:00000d8c       __imp__GetModuleHandleA@4  005f1d8c     kernel32:KERNEL32.dll
 0005:00000d90       __imp__VirtualQuery@12     005f1d90     kernel32:KERNEL32.dll
 0005:00000d94       __imp__HeapDestroy@4       005f1d94     kernel32:KERNEL32.dll
 0005:00000d98       __imp__HeapCreate@12       005f1d98     kernel32:KERNEL32.dll
 0005:00000d9c       __imp__HeapFree@12         005f1d9c     kernel32:KERNEL32.dll
 0005:00000da0       __imp__VirtualFree@12      005f1da0     kernel32:KERNEL32.dll
 0005:00000da4       __imp__HeapAlloc@12        005f1da4     kernel32:KERNEL32.dll
 0005:00000da8       __imp__HeapSize@12         005f1da8     kernel32:KERNEL32.dll
 0005:00000dac       __imp__HeapReAlloc@16      005f1dac     kernel32:KERNEL32.dll
 0005:00000db0       __imp__VirtualAlloc@16     005f1db0     kernel32:KERNEL32.dll
 0005:00000db4       __imp__GetTimeFormatA@24   005f1db4     kernel32:KERNEL32.dll
 0005:00000db8       __imp__GetDateFormatA@24   005f1db8     kernel32:KERNEL32.dll
 0005:00000dbc       __imp__GetStringTypeA@20   005f1dbc     kernel32:KERNEL32.dll
 0005:00000dc0       __imp__GetStringTypeW@16   005f1dc0     kernel32:KERNEL32.dll
 0005:00000dc4       __imp__GetLocaleInfoA@16   005f1dc4     kernel32:KERNEL32.dll
 0005:00000dc8       __imp__IsValidLocale@8     005f1dc8     kernel32:KERNEL32.dll
 0005:00000dcc       __imp__EnumSystemLocalesA@8 005f1dcc     kernel32:KERNEL32.dll
 0005:00000dd0       __imp__GetUserDefaultLCID@0 005f1dd0     kernel32:KERNEL32.dll
 0005:00000dd4       __imp__GetLocaleInfoW@16   005f1dd4     kernel32:KERNEL32.dll
 0005:00000dd8       __imp__CompareStringA@24   005f1dd8     kernel32:KERNEL32.dll
 0005:00000ddc       __imp__CompareStringW@24   005f1ddc     kernel32:KERNEL32.dll
 0005:00000de0       __imp__SetEnvironmentVariableA@8 005f1de0     kernel32:KERNEL32.dll
 0005:00000de4       __imp__GetConsoleOutputCP@0 005f1de4     kernel32:KERNEL32.dll
 0005:00000de8       __imp__GetCurrentDirectoryA@8 005f1de8     kernel32:KERNEL32.dll
 0005:00000dec       __imp__SetCurrentDirectoryA@4 005f1dec     kernel32:KERNEL32.dll
 0005:00000df0       __imp__GetProcessHeap@0    005f1df0     kernel32:KERNEL32.dll
 0005:00000df4       __imp__FreeEnvironmentStringsA@4 005f1df4     kernel32:KERNEL32.dll
 0005:00000df8       \177KERNEL32_NULL_THUNK_DATA 005f1df8     kernel32:KERNEL32.dll
 0005:00000e98       __imp__SHGetPathFromIDListA@8 005f1e98     shell32:SHELL32.dll
 0005:00000e9c       __imp__SHFileOperationA@4  005f1e9c     shell32:SHELL32.dll
 0005:00000ea0       __imp__Shell_NotifyIconA@8 005f1ea0     shell32:SHELL32.dll
 0005:00000ea4       __imp__SHGetSpecialFolderLocation@12 005f1ea4     shell32:SHELL32.dll
 0005:00000ea8       \177SHELL32_NULL_THUNK_DATA 005f1ea8     shell32:SHELL32.dll
 0005:00000ed4       __imp__SetWindowsHookExA@16 005f1ed4     user32:USER32.dll
 0005:00000ed8       __imp__GetWindowThreadProcessId@8 005f1ed8     user32:USER32.dll
 0005:00000edc       __imp__UnhookWindowsHookEx@4 005f1edc     user32:USER32.dll
 0005:00000ee0       __imp__CallNextHookEx@16   005f1ee0     user32:USER32.dll
 0005:00000ee4       __imp__GetScrollInfo@12    005f1ee4     user32:USER32.dll
 0005:00000ee8       __imp__CallWindowProcA@20  005f1ee8     user32:USER32.dll
 0005:00000eec       __imp__ReleaseCapture@0    005f1eec     user32:USER32.dll
 0005:00000ef0       __imp__ScreenToClient@8    005f1ef0     user32:USER32.dll
 0005:00000ef4       __imp__SetCaretBlinkTime@4 005f1ef4     user32:USER32.dll
 0005:00000ef8       __imp__GetCaretBlinkTime@0 005f1ef8     user32:USER32.dll
 0005:00000efc       __imp__SetCapture@4        005f1efc     user32:USER32.dll
 0005:00000f00       __imp__IsDlgButtonChecked@8 005f1f00     user32:USER32.dll
 0005:00000f04       __imp__GetMessageA@16      005f1f04     user32:USER32.dll
 0005:00000f08       __imp__LoadKeyboardLayoutA@8 005f1f08     user32:USER32.dll
 0005:00000f0c       __imp__GetKeyboardState@4  005f1f0c     user32:USER32.dll
 0005:00000f10       __imp__FillRect@12         005f1f10     user32:USER32.dll
 0005:00000f14       __imp__LoadBitmapA@8       005f1f14     user32:USER32.dll
 0005:00000f18       __imp__GetMenuStringA@20   005f1f18     user32:USER32.dll
 0005:00000f1c       __imp__ModifyMenuA@20      005f1f1c     user32:USER32.dll
 0005:00000f20       __imp__PtInRect@12         005f1f20     user32:USER32.dll
 0005:00000f24       __imp__GetDesktopWindow@0  005f1f24     user32:USER32.dll
 0005:00000f28       __imp__SetWindowRgn@12     005f1f28     user32:USER32.dll
 0005:00000f2c       __imp__WindowFromDC@4      005f1f2c     user32:USER32.dll
 0005:00000f30       __imp__MapWindowPoints@16  005f1f30     user32:USER32.dll
 0005:00000f34       __imp__IntersectRect@12    005f1f34     user32:USER32.dll
 0005:00000f38       __imp__GetSystemMetrics@4  005f1f38     user32:USER32.dll
 0005:00000f3c       __imp__FindWindowA@8       005f1f3c     user32:USER32.dll
 0005:00000f40       __imp__OpenDesktopA@16     005f1f40     user32:USER32.dll
 0005:00000f44       __imp__EnumDesktopWindows@12 005f1f44     user32:USER32.dll
 0005:00000f48       __imp__CloseDesktop@4      005f1f48     user32:USER32.dll
 0005:00000f4c       __imp__GetClassNameA@12    005f1f4c     user32:USER32.dll
 0005:00000f50       __imp__DestroyIcon@4       005f1f50     user32:USER32.dll
 0005:00000f54       __imp__GetKeyState@4       005f1f54     user32:USER32.dll
 0005:00000f58       __imp__GetWindowTextA@12   005f1f58     user32:USER32.dll
 0005:00000f5c       __imp__GetMenuItemCount@4  005f1f5c     user32:USER32.dll
 0005:00000f60       __imp__RemoveMenu@12       005f1f60     user32:USER32.dll
 0005:00000f64       __imp__GetParent@4         005f1f64     user32:USER32.dll
 0005:00000f68       __imp__SendDlgItemMessageA@20 005f1f68     user32:USER32.dll
 0005:00000f6c       __imp__PeekMessageA@20     005f1f6c     user32:USER32.dll
 0005:00000f70       __imp__DispatchMessageA@4  005f1f70     user32:USER32.dll
 0005:00000f74       __imp__DestroyMenu@4       005f1f74     user32:USER32.dll
 0005:00000f78       __imp__GetSubMenu@8        005f1f78     user32:USER32.dll
 0005:00000f7c       __imp__GetMenuItemID@8     005f1f7c     user32:USER32.dll
 0005:00000f80       __imp__SetMenuDefaultItem@12 005f1f80     user32:USER32.dll
 0005:00000f84       __imp__TrackPopupMenu@28   005f1f84     user32:USER32.dll
 0005:00000f88       __imp__LoadStringA@16      005f1f88     user32:USER32.dll
 0005:00000f8c       __imp__RegisterClassExA@4  005f1f8c     user32:USER32.dll
 0005:00000f90       __imp__LoadMenuA@8         005f1f90     user32:USER32.dll
 0005:00000f94       __imp__GetCursorPos@4      005f1f94     user32:USER32.dll
 0005:00000f98       __imp__SetCursorPos@8      005f1f98     user32:USER32.dll
 0005:00000f9c       __imp__RedrawWindow@16     005f1f9c     user32:USER32.dll
 0005:00000fa0       __imp__EmptyClipboard@0    005f1fa0     user32:USER32.dll
 0005:00000fa4       __imp__SetClipboardData@8  005f1fa4     user32:USER32.dll
 0005:00000fa8       __imp__GetClipboardOwner@0 005f1fa8     user32:USER32.dll
 0005:00000fac       __imp__OpenClipboard@4     005f1fac     user32:USER32.dll
 0005:00000fb0       __imp__GetClipboardData@4  005f1fb0     user32:USER32.dll
 0005:00000fb4       __imp__CloseClipboard@0    005f1fb4     user32:USER32.dll
 0005:00000fb8       __imp__RegisterWindowMessageA@4 005f1fb8     user32:USER32.dll
 0005:00000fbc       __imp__BeginPaint@8        005f1fbc     user32:USER32.dll
 0005:00000fc0       __imp__EndPaint@8          005f1fc0     user32:USER32.dll
 0005:00000fc4       __imp__GetFocus@0          005f1fc4     user32:USER32.dll
 0005:00000fc8       __imp__GetForegroundWindow@0 005f1fc8     user32:USER32.dll
 0005:00000fcc       __imp__GetWindow@8         005f1fcc     user32:USER32.dll
 0005:00000fd0       __imp__SetCursor@4         005f1fd0     user32:USER32.dll
 0005:00000fd4       __imp__IsWindow@4          005f1fd4     user32:USER32.dll
 0005:00000fd8       __imp__GetKeyNameTextA@12  005f1fd8     user32:USER32.dll
 0005:00000fdc       __imp__DefWindowProcA@16   005f1fdc     user32:USER32.dll
 0005:00000fe0       __imp__ToAscii@20          005f1fe0     user32:USER32.dll
 0005:00000fe4       __imp__keybd_event@16      005f1fe4     user32:USER32.dll
 0005:00000fe8       __imp__VkKeyScanW@4        005f1fe8     user32:USER32.dll
 0005:00000fec       __imp__EnableWindow@8      005f1fec     user32:USER32.dll
 0005:00000ff0       __imp__ToUnicode@24        005f1ff0     user32:USER32.dll
 0005:00000ff4       __imp__PostQuitMessage@4   005f1ff4     user32:USER32.dll
 0005:00000ff8       __imp__ChangeClipboardChain@8 005f1ff8     user32:USER32.dll
 0005:00000ffc       __imp__ShowScrollBar@12    005f1ffc     user32:USER32.dll
 0005:00001000       __imp__SetFocus@4          005f2000     user32:USER32.dll
 0005:00001004       __imp__LoadImageA@24       005f2004     user32:USER32.dll
 0005:00001008       __imp__IsRectEmpty@4       005f2008     user32:USER32.dll
 0005:0000100c       __imp__GetDlgItemInt@16    005f200c     user32:USER32.dll
 0005:00001010       __imp__SetTimer@16         005f2010     user32:USER32.dll
 0005:00001014       __imp__EnableMenuItem@12   005f2014     user32:USER32.dll
 0005:00001018       __imp__KillTimer@8         005f2018     user32:USER32.dll
 0005:0000101c       __imp__wsprintfA           005f201c     user32:USER32.dll
 0005:00001020       __imp__IsIconic@4          005f2020     user32:USER32.dll
 0005:00001024       __imp__InvalidateRgn@12    005f2024     user32:USER32.dll
 0005:00001028       __imp__GetKeyboardLayoutNameA@4 005f2028     user32:USER32.dll
 0005:0000102c       __imp__SetScrollInfo@16    005f202c     user32:USER32.dll
 0005:00001030       __imp__ScrollWindowEx@32   005f2030     user32:USER32.dll
 0005:00001034       __imp__DrawTextA@20        005f2034     user32:USER32.dll
 0005:00001038       __imp__InvalidateRect@12   005f2038     user32:USER32.dll
 0005:0000103c       __imp__SystemParametersInfoA@16 005f203c     user32:USER32.dll
 0005:00001040       __imp__SetRect@20          005f2040     user32:USER32.dll
 0005:00001044       __imp__AdjustWindowRectEx@16 005f2044     user32:USER32.dll
 0005:00001048       __imp__MoveWindow@24       005f2048     user32:USER32.dll
 0005:0000104c       __imp__SetWindowTextA@8    005f204c     user32:USER32.dll
 0005:00001050       __imp__UpdateWindow@4      005f2050     user32:USER32.dll
 0005:00001054       __imp__SetDlgItemInt@16    005f2054     user32:USER32.dll
 0005:00001058       __imp__GetSystemMenu@8     005f2058     user32:USER32.dll
 0005:0000105c       __imp__AppendMenuA@16      005f205c     user32:USER32.dll
 0005:00001060       __imp__DrawMenuBar@4       005f2060     user32:USER32.dll
 0005:00001064       __imp__CheckMenuItem@12    005f2064     user32:USER32.dll
 0005:00001068       __imp__SetClipboardViewer@4 005f2068     user32:USER32.dll
 0005:0000106c       __imp__LoadIconA@8         005f206c     user32:USER32.dll
 0005:00001070       __imp__LoadCursorA@8       005f2070     user32:USER32.dll
 0005:00001074       __imp__RegisterClassA@4    005f2074     user32:USER32.dll
 0005:00001078       __imp__GetDC@4             005f2078     user32:USER32.dll
 0005:0000107c       __imp__ReleaseDC@8         005f207c     user32:USER32.dll
 0005:00001080       __imp__GetWindowRect@8     005f2080     user32:USER32.dll
 0005:00001084       __imp__DestroyWindow@4     005f2084     user32:USER32.dll
 0005:00001088       __imp__GetClientRect@8     005f2088     user32:USER32.dll
 0005:0000108c       __imp__CreateWindowExA@48  005f208c     user32:USER32.dll
 0005:00001090       __imp__SetWindowPos@28     005f2090     user32:USER32.dll
 0005:00001094       __imp__ShowWindow@8        005f2094     user32:USER32.dll
 0005:00001098       __imp__PostMessageA@16     005f2098     user32:USER32.dll
 0005:0000109c       __imp__GetWindowLongA@8    005f209c     user32:USER32.dll
 0005:000010a0       __imp__SetWindowLongA@12   005f20a0     user32:USER32.dll
 0005:000010a4       __imp__GetDlgItem@8        005f20a4     user32:USER32.dll
 0005:000010a8       __imp__SendMessageA@16     005f20a8     user32:USER32.dll
 0005:000010ac       __imp__GetWindowTextLengthA@4 005f20ac     user32:USER32.dll
 0005:000010b0       __imp__MessageBoxA@16      005f20b0     user32:USER32.dll
 0005:000010b4       __imp__GetDlgItemTextA@16  005f20b4     user32:USER32.dll
 0005:000010b8       __imp__DestroyAcceleratorTable@4 005f20b8     user32:USER32.dll
 0005:000010bc       __imp__TranslateAcceleratorA@12 005f20bc     user32:USER32.dll
 0005:000010c0       __imp__CreateAcceleratorTableA@8 005f20c0     user32:USER32.dll
 0005:000010c4       __imp__SetForegroundWindow@4 005f20c4     user32:USER32.dll
 0005:000010c8       __imp__SetDlgItemTextA@12  005f20c8     user32:USER32.dll
 0005:000010cc       __imp__EndDialog@8         005f20cc     user32:USER32.dll
 0005:000010d0       __imp__DialogBoxParamA@20  005f20d0     user32:USER32.dll
 0005:000010d4       __imp__TranslateMessage@4  005f20d4     user32:USER32.dll
 0005:000010d8       \177USER32_NULL_THUNK_DATA 005f20d8     user32:USER32.dll
 0005:00001168       __imp__PlaySoundA@12       005f2168     winmm:WINMM.dll
 0005:0000116c       __imp__timeSetEvent@20     005f216c     winmm:WINMM.dll
 0005:00001170       __imp__timeKillEvent@4     005f2170     winmm:WINMM.dll
 0005:00001174       __imp__timeGetTime@0       005f2174     winmm:WINMM.dll
 0005:00001178       \177WINMM_NULL_THUNK_DATA  005f2178     winmm:WINMM.dll
 0005:000011a4       __imp__ioctlsocket@12      005f21a4     wsock32:WSOCK32.dll
 0005:000011a8       __imp__recv@16             005f21a8     wsock32:WSOCK32.dll
 0005:000011ac       __imp__bind@12             005f21ac     wsock32:WSOCK32.dll
 0005:000011b0       __imp__listen@8            005f21b0     wsock32:WSOCK32.dll
 0005:000011b4       __imp__WSAAsyncSelect@16   005f21b4     wsock32:WSOCK32.dll
 0005:000011b8       __imp__send@16             005f21b8     wsock32:WSOCK32.dll
 0005:000011bc       __imp__shutdown@8          005f21bc     wsock32:WSOCK32.dll
 0005:000011c0       __imp__accept@12           005f21c0     wsock32:WSOCK32.dll
 0005:000011c4       __imp__socket@12           005f21c4     wsock32:WSOCK32.dll
 0005:000011c8       __imp__inet_addr@4         005f21c8     wsock32:WSOCK32.dll
 0005:000011cc       __imp__gethostbyname@4     005f21cc     wsock32:WSOCK32.dll
 0005:000011d0       __imp__htons@4             005f21d0     wsock32:WSOCK32.dll
 0005:000011d4       __imp__connect@12          005f21d4     wsock32:WSOCK32.dll
 0005:000011d8       __imp__closesocket@4       005f21d8     wsock32:WSOCK32.dll
 0005:000011dc       __imp__getpeername@12      005f21dc     wsock32:WSOCK32.dll
 0005:000011e0       __imp__WSACleanup@0        005f21e0     wsock32:WSOCK32.dll
 0005:000011e4       __imp__WSAStartup@8        005f21e4     wsock32:WSOCK32.dll
 0005:000011e8       __imp__WSAGetLastError@0   005f21e8     wsock32:WSOCK32.dll
 0005:000011ec       __imp__setsockopt@20       005f21ec     wsock32:WSOCK32.dll
 0005:000011f0       __imp__select@20           005f21f0     wsock32:WSOCK32.dll
 0005:000011f4       \177WSOCK32_NULL_THUNK_DATA 005f21f4     wsock32:WSOCK32.dll

 entry point at        0002:000015c2

